******************************************************************************
                  TI ARM Linker PC v17.6.0                     
******************************************************************************
>> Linked Mon May 28 21:21:22 2018

OUTPUT FILE NAME:   <semester-thesis-testbench.out>
ENTRY POINT SYMBOL: "_c_int00"  address: 0000333d


MEMORY CONFIGURATION

         name            origin    length      used     unused   attr    fill
----------------------  --------  ---------  --------  --------  ----  --------
  MAIN                  00000000   00040000  0000a464  00035b9c  R  X
  INFO                  00200000   00004000  00000000  00004000  R  X
  SRAM_CODE             01000000   00010000  00006fa6  0000905a  RW X
  SRAM_DATA             20000000   00010000  00006fa6  0000905a  RW  


SEGMENT ALLOCATION MAP

run origin  load origin   length   init length attrs members
----------  ----------- ---------- ----------- ----- -------
00000000    00000000    0000a468   0000a468    r-x
  00000000    00000000    000000e4   000000e4    r-- .intvecs
  000000e4    000000e4    000033cc   000033cc    r-x .text
  000034b0    000034b0    00000c8c   00000c8c    r-- .const
  00004140    00004140    00006328   00006328    r-- .cinit
20000000    20000000    00006da6   00000000    rw-
  20000000    20000000    00006b80   00000000    rw- .data
  20006b80    20006b80    00000226   00000000    rw- .bss
2000fe00    2000fe00    00000200   00000000    rw-
  2000fe00    2000fe00    00000200   00000000    rw- .stack


SECTION ALLOCATION MAP

 output                                  attributes/
section   page    origin      length       input sections
--------  ----  ----------  ----------   ----------------
.intvecs   0    00000000    000000e4     
                  00000000    000000e4     startup_msp432p401r_ccs.obj (.intvecs:retain)

.text      0    000000e4    000033cc     
                  000000e4    000008c8     fann.obj (.text:fann_run)
                  000009ac    00000738     rtsv7M4_T_le_v4SPD16_eabi.lib : k_rem_pio2.obj (.text)
                  000010e4    000005dc                                   : s_cos.obj (.text)
                  000016c0    000005c4                                   : s_sin.obj (.text)
                  00001c84    0000032c                                   : e_exp.obj (.text)
                  00001fb0    000001b6                                   : fd_add_t2.obj (.text)
                  00002166    00000002                                   : startup.obj (.text)
                  00002168    000001a4     config.obj (.text:init_sys)
                  0000230c    00000174     rtsv7M4_T_le_v4SPD16_eabi.lib : k_sin.obj (.text)
                  00002480    0000016c                                   : k_cos.obj (.text)
                  000025ec    00000148     main.obj (.text:EUSCIB0_IRQHandler)
                  00002734    00000136     rtsv7M4_T_le_v4SPD16_eabi.lib : fd_div_t2.obj (.text)
                  0000286a    000000fc                                   : fd_mul_t2.obj (.text)
                  00002966    00000002     --HOLE-- [fill = 0]
                  00002968    000000fc                                   : s_scalbn.obj (.text)
                  00002a64    000000f8                                   : s_floor.obj (.text)
                  00002b5c    0000009c                                   : memcpy_t2.obj (.text)
                  00002bf8    00000098     main.obj (.text:test2)
                  00002c90    00000086     rtsv7M4_T_le_v4SPD16_eabi.lib : fd_cmp_t2.obj (.text:__aeabi_cdcmple)
                  00002d16    00000086                                   : fd_cmp_t2.obj (.text:__aeabi_cdrcmple)
                  00002d9c    0000007a                                   : memset_t2.obj (.text)
                  00002e16    00000002     --HOLE-- [fill = 0]
                  00002e18    00000078     system_msp432p401r.obj (.text:SystemInit)
                  00002e90    00000070     rtsv7M4_T_le_v4SPD16_eabi.lib : autoinit.obj (.text)
                  00002f00    0000006e                                   : fd_tos_t2.obj (.text)
                  00002f6e    00000002     --HOLE-- [fill = 0]
                  00002f70    0000006c     main.obj (.text:EUSCIA0_IRQHandler)
                  00002fdc    00000068     rtsv7M4_T_le_v4SPD16_eabi.lib : copy_decompress_lzss.obj (.text:decompress:lzss)
                  00003044    00000066     main.obj (.text:max_index)
                  000030aa    00000002     --HOLE-- [fill = 0]
                  000030ac    00000054     main.obj (.text:EUSCIA2_IRQHandler)
                  00003100    00000054     rtsv7M4_T_le_v4SPD16_eabi.lib : exit.obj (.text)
                  00003154    00000050     main.obj (.text:EUSCIA1_IRQHandler)
                  000031a4    0000004c     main.obj (.text:PORT2_IRQHandler)
                  000031f0    0000004c     rtsv7M4_T_le_v4SPD16_eabi.lib : cpy_tbl.obj (.text)
                  0000323c    00000048     main.obj (.text:ADC14_IRQHandler)
                  00003284    00000048     rtsv7M4_T_le_v4SPD16_eabi.lib : fd_toi_t2.obj (.text)
                  000032cc    00000038     startup_msp432p401r_ccs.obj (.text:prvGetRegistersFromStack)
                  00003304    00000038     rtsv7M4_T_le_v4SPD16_eabi.lib : fs_tod_t2.obj (.text)
                  0000333c    00000030                                   : boot_cortex_m.obj (.text)
                  0000336c    0000002e                                   : i_tofd_t2.obj (.text)
                  0000339a    00000002     --HOLE-- [fill = 0]
                  0000339c    00000024     main.obj (.text:T32_INT1_IRQHandler)
                  000033c0    00000024     main.obj (.text:T32_INT2_IRQHandler)
                  000033e4    00000018     msp432p4xx_driverlib.lib : gpio_MSP432P4XX.obj (.text:GPIO_setOutputLowOnPin)
                  000033fc    00000018     rtsv7M4_T_le_v4SPD16_eabi.lib : args_main.obj (.text)
                  00003414    00000016     startup_msp432p401r_ccs.obj (.text:Default_Handler)
                  0000342a    00000016     startup_msp432p401r_ccs.obj (.text:Exception_Handler)
                  00003440    00000014     msp432p4xx_driverlib.lib : gpio_MSP432P4XX.obj (.text:GPIO_setOutputHighOnPin)
                  00003454    00000014     rtsv7M4_T_le_v4SPD16_eabi.lib : _lock.obj (.text)
                  00003468    00000014                                   : s_copysign.obj (.text)
                  0000347c    0000000e                                   : copy_decompress_none.obj (.text:decompress:none)
                  0000348a    0000000c     startup_msp432p401r_ccs.obj (.text:Reset_Handler)
                  00003496    0000000c     rtsv7M4_T_le_v4SPD16_eabi.lib : copy_zero_init.obj (.text:decompress:ZI)
                  000034a2    0000000a     main.obj (.text:main)
                  000034ac    00000004     rtsv7M4_T_le_v4SPD16_eabi.lib : pre_init.obj (.text)

.const     0    000034b0    00000c8c     
                  000034b0    00000aac     main.obj (.const:test_data_output)
                  00003f5c    00000001     fann.obj (.const)
                  00003f5d    00000003     --HOLE-- [fill = 0]
                  00003f60    00000158     rtsv7M4_T_le_v4SPD16_eabi.lib : k_rem_pio2.obj (.const:$O1$$)
                  000040b8    00000030                                   : e_exp.obj (.const:$O1$$)
                  000040e8    00000030     msp432p4xx_driverlib.lib : gpio_MSP432P4XX.obj (.const:GPIO_PORT_TO_BASE)
                  00004118    00000024     config.obj (.const:uartConf)

.cinit     0    00004140    00006328     
                  00004140    00006300     (.cinit..data.load) [load image, compression = lzss]
                  0000a440    0000000c     (__TI_handler_table)
                  0000a44c    00000004     --HOLE-- [fill = 0]
                  0000a450    00000008     (.cinit..bss.load) [load image, compression = zero_init]
                  0000a458    00000010     (__TI_cinit_table)

.init_array 
*          0    00000000    00000000     UNINITIALIZED

.binit     0    00000000    00000000     

.data      0    20000000    00006b80     UNINITIALIZED
                  20000000    0000355c     main.obj (.data:test_data_input)
                  2000355c    00002eec     fann.obj (.data:fann_weights)
                  20006448    00000700     fann.obj (.data:fann_neurons)
                  20006b48    00000020     fann.obj (.data:fann_layers)
                  20006b68    0000000c     rtsv7M4_T_le_v4SPD16_eabi.lib : exit.obj (.data:$O1$$)
                  20006b74    00000008                                   : _lock.obj (.data:$O1$$)
                  20006b7c    00000004                                   : errno.obj (.data)

.bss       0    20006b80    00000226     UNINITIALIZED
                  20006b80    000001c0     (.common:neuron_values)
                  20006d40    0000001c     (.common:I2C_RX)
                  20006d5c    00000010     (.common:SPI_RX_ECG)
                  20006d6c    00000010     (.common:SPI_RX_FRAM)
                  20006d7c    0000000c     (.common:BLE_CMD)
                  20006d88    00000004     (.common:ADC_result)
                  20006d8c    00000004     (.common:ECG_cnt)
                  20006d90    00000004     (.common:I2C_TX)
                  20006d94    00000004     (.common:I2C_xferIndex)
                  20006d98    00000004     (.common:T32_BCOMM)
                  20006d9c    00000002     (.common:T32_time)
                  20006d9e    00000001     (.common:BLE_CMD_N)
                  20006d9f    00000001     (.common:BLE_REC)
                  20006da0    00000001     (.common:ECG_DRDY)
                  20006da1    00000001     (.common:I2C_2bytesCMD)
                  20006da2    00000001     (.common:I2C_recBytes)
                  20006da3    00000001     (.common:I2C_stopSent)
                  20006da4    00000001     (.common:SPI_recBytesECG)
                  20006da5    00000001     (.common:SPI_recBytesFRAM)

.stack     0    2000fe00    00000200     UNINITIALIZED
                  2000fe00    00000004     rtsv7M4_T_le_v4SPD16_eabi.lib : boot_cortex_m.obj (.stack)
                  2000fe04    000001fc     --HOLE--

MODULE SUMMARY

       Module                        code    ro data   rw data
       ------                        ----    -------   -------
    .\
       main.obj                      1084    2732      27524  
       config.obj                    420     36        0      
       system_msp432p401r.obj        120     0         0      
    +--+-----------------------------+-------+---------+---------+
       Total:                        1624    2768      27524  
                                                              
    .\ccs\
       startup_msp432p401r_ccs.obj   112     228       0      
    +--+-----------------------------+-------+---------+---------+
       Total:                        112     228       0      
                                                              
    .\fann\
       fann.obj                      2248    1         28568  
    +--+-----------------------------+-------+---------+---------+
       Total:                        2248    1         28568  
                                                              
    C:/ti/simplelink_msp432p4_sdk_1_60_00_12/source/ti/devices/msp432p4xx/driverlib/ccs/msp432p4xx_driverlib.lib
       gpio_MSP432P4XX.obj           44      48        0      
    +--+-----------------------------+-------+---------+---------+
       Total:                        44      48        0      
                                                              
    C:\ti\ccsv7\tools\compiler\ti-cgt-arm_17.6.0.STS\lib\rtsv7M4_T_le_v4SPD16_eabi.lib
       k_rem_pio2.obj                1848    344       0      
       s_cos.obj                     1500    0         0      
       s_sin.obj                     1476    0         0      
       e_exp.obj                     812     48        0      
       fd_add_t2.obj                 438     0         0      
       k_sin.obj                     372     0         0      
       k_cos.obj                     364     0         0      
       fd_div_t2.obj                 310     0         0      
       fd_cmp_t2.obj                 268     0         0      
       fd_mul_t2.obj                 252     0         0      
       s_scalbn.obj                  252     0         0      
       s_floor.obj                   248     0         0      
       memcpy_t2.obj                 156     0         0      
       memset_t2.obj                 122     0         0      
       autoinit.obj                  112     0         0      
       fd_tos_t2.obj                 110     0         0      
       exit.obj                      84      0         24     
       copy_decompress_lzss.obj      104     0         0      
       cpy_tbl.obj                   76      0         0      
       fd_toi_t2.obj                 72      0         0      
       fs_tod_t2.obj                 56      0         0      
       boot_cortex_m.obj             48      0         0      
       i_tofd_t2.obj                 46      0         0      
       _lock.obj                     20      0         16     
       args_main.obj                 24      0         0      
       s_copysign.obj                20      0         0      
       copy_decompress_none.obj      14      0         0      
       copy_zero_init.obj            12      0         0      
       errno.obj                     0       0         8      
       pre_init.obj                  4       0         0      
       startup.obj                   2       0         0      
    +--+-----------------------------+-------+---------+---------+
       Total:                        9222    392       48     
                                                              
       Stack:                        0       0         1024   
       Linker Generated:             0       25380     0      
    +--+-----------------------------+-------+---------+---------+
       Grand Total:                  13250   28817     57164  


LINKER GENERATED COPY TABLES

__TI_cinit_table @ 0000a458 records: 2, size/record: 8, table size: 16
	.data: load addr=00004140, load size=00006300 bytes, run addr=20000000, run size=00006b80 bytes, compression=lzss
	.bss: load addr=0000a450, load size=00000008 bytes, run addr=20006b80, run size=00000226 bytes, compression=zero_init


LINKER GENERATED HANDLER TABLE

__TI_handler_table @ 0000a440 records: 3, size/record: 4, table size: 12
	index: 0, handler: __TI_decompress_lzss
	index: 1, handler: __TI_decompress_none
	index: 2, handler: __TI_zero_init


GLOBAL SYMBOLS: SORTED ALPHABETICALLY BY Name 

address   name                           
-------   ----                           
0000323d  ADC14_IRQHandler               
0000323d  ADC14_IRQHandler               
20006d88  ADC_result                     
00003415  AES256_IRQHandler              
20006d7c  BLE_CMD                        
20006d9e  BLE_CMD_N                      
20006d9f  BLE_REC                        
00003415  BusFault_Handler               
00003101  C$$EXIT                        
00003415  COMP_E0_IRQHandler             
00003415  COMP_E1_IRQHandler             
00003415  CS_IRQHandler                  
00003415  DMA_ERR_IRQHandler             
00003415  DMA_INT0_IRQHandler            
00003415  DMA_INT1_IRQHandler            
00003415  DMA_INT2_IRQHandler            
00003415  DMA_INT3_IRQHandler            
00003415  DebugMon_Handler               
00003415  Default_Handler                
20006da0  ECG_DRDY                       
20006d8c  ECG_cnt                        
00002f71  EUSCIA0_IRQHandler             
00002f71  EUSCIA0_IRQHandler             
00003155  EUSCIA1_IRQHandler             
00003155  EUSCIA1_IRQHandler             
000030ad  EUSCIA2_IRQHandler             
000030ad  EUSCIA2_IRQHandler             
00003415  EUSCIA3_IRQHandler             
000025ed  EUSCIB0_IRQHandler             
000025ed  EUSCIB0_IRQHandler             
00003415  EUSCIB1_IRQHandler             
00003415  EUSCIB2_IRQHandler             
00003415  EUSCIB3_IRQHandler             
0000342b  Exception_Handler              
00003415  FLCTL_IRQHandler               
00003415  FPU_IRQHandler                 
00003441  GPIO_setOutputHighOnPin        
000033e5  GPIO_setOutputLowOnPin         
0000342b  HardFault_Handler              
20006da1  I2C_2bytesCMD                  
20006d40  I2C_RX                         
20006d90  I2C_TX                         
20006da2  I2C_recBytes                   
20006da3  I2C_stopSent                   
20006d94  I2C_xferIndex                  
00003415  MemManage_Handler              
00003415  NMI_Handler                    
00003415  PCM_IRQHandler                 
00003415  PORT1_IRQHandler               
000031a5  PORT2_IRQHandler               
000031a5  PORT2_IRQHandler               
00003415  PORT3_IRQHandler               
00003415  PORT4_IRQHandler               
00003415  PORT5_IRQHandler               
00003415  PORT6_IRQHandler               
00003415  PSS_IRQHandler                 
00003415  PendSV_Handler                 
00003415  RTC_C_IRQHandler               
0000348b  Reset_Handler                  
UNDEFED   SHT$$INIT_ARRAY$$Base          
UNDEFED   SHT$$INIT_ARRAY$$Limit         
20006d5c  SPI_RX_ECG                     
20006d6c  SPI_RX_FRAM                    
20006da4  SPI_recBytesECG                
20006da5  SPI_recBytesFRAM               
00003415  SVC_Handler                    
00003415  SysTick_Handler                
00002e19  SystemInit                     
20006d98  T32_BCOMM                      
0000339d  T32_INT1_IRQHandler            
0000339d  T32_INT1_IRQHandler            
000033c1  T32_INT2_IRQHandler            
000033c1  T32_INT2_IRQHandler            
00003415  T32_INTC_IRQHandler            
20006d9c  T32_time                       
00003415  TA0_0_IRQHandler               
00003415  TA0_N_IRQHandler               
00003415  TA1_0_IRQHandler               
00003415  TA1_N_IRQHandler               
00003415  TA2_0_IRQHandler               
00003415  TA2_N_IRQHandler               
00003415  TA3_0_IRQHandler               
00003415  TA3_N_IRQHandler               
00003415  UsageFault_Handler             
4000480c  WDTCTL_SYM                     
00003415  WDT_A_IRQHandler               
20010000  __STACK_END                    
00000200  __STACK_SIZE                   
0000a458  __TI_CINIT_Base                
0000a468  __TI_CINIT_Limit               
0000a440  __TI_Handler_Table_Base        
0000a44c  __TI_Handler_Table_Limit       
00002e91  __TI_auto_init                 
20006b68  __TI_cleanup_ptr               
00002fdd  __TI_decompress_lzss           
0000347d  __TI_decompress_none           
20006b6c  __TI_dtors_ptr                 
20006b70  __TI_enable_exit_profile_output
ffffffff  __TI_pprof_out_hndl            
ffffffff  __TI_prof_data_size            
ffffffff  __TI_prof_data_start           
00000000  __TI_static_base__             
00003497  __TI_zero_init                 
00002c91  __aeabi_cdcmpeq                
00002c91  __aeabi_cdcmple                
00002d17  __aeabi_cdrcmple               
00002f01  __aeabi_d2f                    
00003285  __aeabi_d2iz                   
00001fbb  __aeabi_dadd                   
00002735  __aeabi_ddiv                   
0000286b  __aeabi_dmul                   
00001fb1  __aeabi_dsub                   
00003305  __aeabi_f2d                    
0000336d  __aeabi_i2d                    
00002d9d  __aeabi_memclr                 
00002d9d  __aeabi_memclr4                
00002d9d  __aeabi_memclr8                
00002b5d  __aeabi_memcpy                 
00002b5d  __aeabi_memcpy4                
00002b5d  __aeabi_memcpy8                
00002d9f  __aeabi_memset                 
00002d9f  __aeabi_memset4                
00002d9f  __aeabi_memset8                
ffffffff  __binit__                      
ffffffff  __c_args__                     
00002481  __kernel_cos                   
000009ad  __kernel_rem_pio2              
0000230d  __kernel_sin                   
UNDEFED   __mpu_init                     
2000fe00  __stack                        
000033fd  _args_main                     
0000333d  _c_int00                       
20006b74  _lock                          
00003463  _nop                           
0000345b  _register_lock                 
00003455  _register_unlock               
00002167  _system_post_cinit             
000034ad  _system_pre_init               
20006b78  _unlock                        
00003105  abort                          
UNDEFED   arm_copy_f32                   
UNDEFED   arm_dot_prod_f32               
UNDEFED   arm_fill_f32                   
ffffffff  binit                          
000031f1  copy_in                        
00003469  copysign                       
00003469  copysignl                      
000010e5  cos                            
000010e5  cosl                           
20006b7c  errno                          
0000310d  exit                           
00001c85  exp                            
00001c85  expl                           
20006b48  fann_layers                    
20006448  fann_neurons                   
000000e5  fann_run                       
2000355c  fann_weights                   
00002a65  floor                          
00002a65  floorl                         
00002169  init_sys                       
00000000  interruptVectors               
00002969  ldexp                          
00002969  ldexpl                         
000034a3  main                           
00003045  max_index                      
00002b5d  memcpy                         
00002da5  memset                         
00003f5c  network_type                   
20006b80  neuron_values                  
000032cd  prvGetRegistersFromStack       
00002969  scalbn                         
00002969  scalbnl                        
000016c1  sin                            
000016c1  sinl                           
00002bf9  test2                          
20000000  test_data_input                
000034b0  test_data_output               
00004118  uartConf                       


GLOBAL SYMBOLS: SORTED BY Symbol Address 

address   name                           
-------   ----                           
00000000  __TI_static_base__             
00000000  interruptVectors               
000000e5  fann_run                       
00000200  __STACK_SIZE                   
000009ad  __kernel_rem_pio2              
000010e5  cos                            
000010e5  cosl                           
000016c1  sin                            
000016c1  sinl                           
00001c85  exp                            
00001c85  expl                           
00001fb1  __aeabi_dsub                   
00001fbb  __aeabi_dadd                   
00002167  _system_post_cinit             
00002169  init_sys                       
0000230d  __kernel_sin                   
00002481  __kernel_cos                   
000025ed  EUSCIB0_IRQHandler             
000025ed  EUSCIB0_IRQHandler             
00002735  __aeabi_ddiv                   
0000286b  __aeabi_dmul                   
00002969  ldexp                          
00002969  ldexpl                         
00002969  scalbn                         
00002969  scalbnl                        
00002a65  floor                          
00002a65  floorl                         
00002b5d  __aeabi_memcpy                 
00002b5d  __aeabi_memcpy4                
00002b5d  __aeabi_memcpy8                
00002b5d  memcpy                         
00002bf9  test2                          
00002c91  __aeabi_cdcmpeq                
00002c91  __aeabi_cdcmple                
00002d17  __aeabi_cdrcmple               
00002d9d  __aeabi_memclr                 
00002d9d  __aeabi_memclr4                
00002d9d  __aeabi_memclr8                
00002d9f  __aeabi_memset                 
00002d9f  __aeabi_memset4                
00002d9f  __aeabi_memset8                
00002da5  memset                         
00002e19  SystemInit                     
00002e91  __TI_auto_init                 
00002f01  __aeabi_d2f                    
00002f71  EUSCIA0_IRQHandler             
00002f71  EUSCIA0_IRQHandler             
00002fdd  __TI_decompress_lzss           
00003045  max_index                      
000030ad  EUSCIA2_IRQHandler             
000030ad  EUSCIA2_IRQHandler             
00003101  C$$EXIT                        
00003105  abort                          
0000310d  exit                           
00003155  EUSCIA1_IRQHandler             
00003155  EUSCIA1_IRQHandler             
000031a5  PORT2_IRQHandler               
000031a5  PORT2_IRQHandler               
000031f1  copy_in                        
0000323d  ADC14_IRQHandler               
0000323d  ADC14_IRQHandler               
00003285  __aeabi_d2iz                   
000032cd  prvGetRegistersFromStack       
00003305  __aeabi_f2d                    
0000333d  _c_int00                       
0000336d  __aeabi_i2d                    
0000339d  T32_INT1_IRQHandler            
0000339d  T32_INT1_IRQHandler            
000033c1  T32_INT2_IRQHandler            
000033c1  T32_INT2_IRQHandler            
000033e5  GPIO_setOutputLowOnPin         
000033fd  _args_main                     
00003415  AES256_IRQHandler              
00003415  BusFault_Handler               
00003415  COMP_E0_IRQHandler             
00003415  COMP_E1_IRQHandler             
00003415  CS_IRQHandler                  
00003415  DMA_ERR_IRQHandler             
00003415  DMA_INT0_IRQHandler            
00003415  DMA_INT1_IRQHandler            
00003415  DMA_INT2_IRQHandler            
00003415  DMA_INT3_IRQHandler            
00003415  DebugMon_Handler               
00003415  Default_Handler                
00003415  EUSCIA3_IRQHandler             
00003415  EUSCIB1_IRQHandler             
00003415  EUSCIB2_IRQHandler             
00003415  EUSCIB3_IRQHandler             
00003415  FLCTL_IRQHandler               
00003415  FPU_IRQHandler                 
00003415  MemManage_Handler              
00003415  NMI_Handler                    
00003415  PCM_IRQHandler                 
00003415  PORT1_IRQHandler               
00003415  PORT3_IRQHandler               
00003415  PORT4_IRQHandler               
00003415  PORT5_IRQHandler               
00003415  PORT6_IRQHandler               
00003415  PSS_IRQHandler                 
00003415  PendSV_Handler                 
00003415  RTC_C_IRQHandler               
00003415  SVC_Handler                    
00003415  SysTick_Handler                
00003415  T32_INTC_IRQHandler            
00003415  TA0_0_IRQHandler               
00003415  TA0_N_IRQHandler               
00003415  TA1_0_IRQHandler               
00003415  TA1_N_IRQHandler               
00003415  TA2_0_IRQHandler               
00003415  TA2_N_IRQHandler               
00003415  TA3_0_IRQHandler               
00003415  TA3_N_IRQHandler               
00003415  UsageFault_Handler             
00003415  WDT_A_IRQHandler               
0000342b  Exception_Handler              
0000342b  HardFault_Handler              
00003441  GPIO_setOutputHighOnPin        
00003455  _register_unlock               
0000345b  _register_lock                 
00003463  _nop                           
00003469  copysign                       
00003469  copysignl                      
0000347d  __TI_decompress_none           
0000348b  Reset_Handler                  
00003497  __TI_zero_init                 
000034a3  main                           
000034ad  _system_pre_init               
000034b0  test_data_output               
00003f5c  network_type                   
00004118  uartConf                       
0000a440  __TI_Handler_Table_Base        
0000a44c  __TI_Handler_Table_Limit       
0000a458  __TI_CINIT_Base                
0000a468  __TI_CINIT_Limit               
20000000  test_data_input                
2000355c  fann_weights                   
20006448  fann_neurons                   
20006b48  fann_layers                    
20006b68  __TI_cleanup_ptr               
20006b6c  __TI_dtors_ptr                 
20006b70  __TI_enable_exit_profile_output
20006b74  _lock                          
20006b78  _unlock                        
20006b7c  errno                          
20006b80  neuron_values                  
20006d40  I2C_RX                         
20006d5c  SPI_RX_ECG                     
20006d6c  SPI_RX_FRAM                    
20006d7c  BLE_CMD                        
20006d88  ADC_result                     
20006d8c  ECG_cnt                        
20006d90  I2C_TX                         
20006d94  I2C_xferIndex                  
20006d98  T32_BCOMM                      
20006d9c  T32_time                       
20006d9e  BLE_CMD_N                      
20006d9f  BLE_REC                        
20006da0  ECG_DRDY                       
20006da1  I2C_2bytesCMD                  
20006da2  I2C_recBytes                   
20006da3  I2C_stopSent                   
20006da4  SPI_recBytesECG                
20006da5  SPI_recBytesFRAM               
2000fe00  __stack                        
20010000  __STACK_END                    
4000480c  WDTCTL_SYM                     
ffffffff  __TI_pprof_out_hndl            
ffffffff  __TI_prof_data_size            
ffffffff  __TI_prof_data_start           
ffffffff  __binit__                      
ffffffff  __c_args__                     
ffffffff  binit                          
UNDEFED   SHT$$INIT_ARRAY$$Base          
UNDEFED   SHT$$INIT_ARRAY$$Limit         
UNDEFED   __mpu_init                     
UNDEFED   arm_copy_f32                   
UNDEFED   arm_dot_prod_f32               
UNDEFED   arm_fill_f32                   

[178 symbols]
