<?xml version="1.0"?>
<link_info>
   <banner>TI ARM Linker PC v17.6.0.STS</banner>
   <copyright>Copyright (c) 1996-2017 Texas Instruments Incorporated</copyright>
   <link_time>0x5b0c56b2</link_time>
   <link_errors>0x1</link_errors>
   <output_file>semester-thesis-testbench.out</output_file>
   <entry_point>
      <name>_c_int00</name>
      <address>0x333d</address>
   </entry_point>
   <input_file_list>
      <input_file id="fl-2">
         <path>.\</path>
         <kind>object</kind>
         <file>config.obj</file>
         <name>config.obj</name>
      </input_file>
      <input_file id="fl-3">
         <path>.\</path>
         <kind>object</kind>
         <file>main.obj</file>
         <name>main.obj</name>
      </input_file>
      <input_file id="fl-4">
         <path>.\</path>
         <kind>object</kind>
         <file>performance.obj</file>
         <name>performance.obj</name>
      </input_file>
      <input_file id="fl-5">
         <path>.\</path>
         <kind>object</kind>
         <file>system_msp432p401r.obj</file>
         <name>system_msp432p401r.obj</name>
      </input_file>
      <input_file id="fl-6">
         <path>.\ccs\</path>
         <kind>object</kind>
         <file>startup_msp432p401r_ccs.obj</file>
         <name>startup_msp432p401r_ccs.obj</name>
      </input_file>
      <input_file id="fl-7">
         <path>.\extraction\</path>
         <kind>object</kind>
         <file>extraction.obj</file>
         <name>extraction.obj</name>
      </input_file>
      <input_file id="fl-8">
         <path>.\extraction\</path>
         <kind>object</kind>
         <file>loop.obj</file>
         <name>loop.obj</name>
      </input_file>
      <input_file id="fl-9">
         <path>.\fann\</path>
         <kind>object</kind>
         <file>fann.obj</file>
         <name>fann.obj</name>
      </input_file>
      <input_file id="fl-a">
         <path>.\sensors\</path>
         <kind>object</kind>
         <file>s_ADC.obj</file>
         <name>s_ADC.obj</name>
      </input_file>
      <input_file id="fl-b">
         <path>.\sensors\</path>
         <kind>object</kind>
         <file>s_BLE.obj</file>
         <name>s_BLE.obj</name>
      </input_file>
      <input_file id="fl-c">
         <path>.\sensors\</path>
         <kind>object</kind>
         <file>s_BodyComm.obj</file>
         <name>s_BodyComm.obj</name>
      </input_file>
      <input_file id="fl-d">
         <path>.\sensors\</path>
         <kind>object</kind>
         <file>s_I2C.obj</file>
         <name>s_I2C.obj</name>
      </input_file>
      <input_file id="fl-e">
         <path>.\sensors\</path>
         <kind>object</kind>
         <file>s_SPI.obj</file>
         <name>s_SPI.obj</name>
      </input_file>
      <input_file id="fl-f">
         <path>.\sensors\</path>
         <kind>object</kind>
         <file>s_UART.obj</file>
         <name>s_UART.obj</name>
      </input_file>
      <input_file id="fl-10">
         <path>.\sensors\</path>
         <kind>object</kind>
         <file>s_processing.obj</file>
         <name>s_processing.obj</name>
      </input_file>
      <input_file id="fl-11">
         <path>.\sensors\</path>
         <kind>object</kind>
         <file>s_startup.obj</file>
         <name>s_startup.obj</name>
      </input_file>
      <input_file id="fl-19">
         <kind>object</kind>
         <file>&lt;internal&gt;</file>
         <name>&lt;internal&gt;</name>
      </input_file>
      <input_file id="fl-1a">
         <path>C:\ti\simplelink_msp432p4_sdk_1_60_00_12\source\ti\devices\msp432p4xx\driverlib\ccs\</path>
         <kind>archive</kind>
         <file>msp432p4xx_driverlib.lib</file>
         <name>cs_MSP432P4XX.obj</name>
      </input_file>
      <input_file id="fl-1b">
         <path>C:\ti\simplelink_msp432p4_sdk_1_60_00_12\source\ti\devices\msp432p4xx\driverlib\ccs\</path>
         <kind>archive</kind>
         <file>msp432p4xx_driverlib.lib</file>
         <name>gpio_MSP432P4XX.obj</name>
      </input_file>
      <input_file id="fl-1c">
         <path>C:\ti\simplelink_msp432p4_sdk_1_60_00_12\source\ti\devices\msp432p4xx\driverlib\ccs\</path>
         <kind>archive</kind>
         <file>msp432p4xx_driverlib.lib</file>
         <name>i2c_MSP432P4XX.obj</name>
      </input_file>
      <input_file id="fl-1d">
         <path>C:\ti\simplelink_msp432p4_sdk_1_60_00_12\source\ti\devices\msp432p4xx\driverlib\ccs\</path>
         <kind>archive</kind>
         <file>msp432p4xx_driverlib.lib</file>
         <name>interrupt_MSP432P4XX.obj</name>
      </input_file>
      <input_file id="fl-1e">
         <path>C:\ti\simplelink_msp432p4_sdk_1_60_00_12\source\ti\devices\msp432p4xx\driverlib\ccs\</path>
         <kind>archive</kind>
         <file>msp432p4xx_driverlib.lib</file>
         <name>spi_MSP432P4XX.obj</name>
      </input_file>
      <input_file id="fl-1f">
         <path>C:\ti\simplelink_msp432p4_sdk_1_60_00_12\source\ti\devices\msp432p4xx\driverlib\ccs\</path>
         <kind>archive</kind>
         <file>msp432p4xx_driverlib.lib</file>
         <name>sysctl_a_MSP432P4XX.obj</name>
      </input_file>
      <input_file id="fl-20">
         <path>C:\ti\simplelink_msp432p4_sdk_1_60_00_12\source\ti\devices\msp432p4xx\driverlib\ccs\</path>
         <kind>archive</kind>
         <file>msp432p4xx_driverlib.lib</file>
         <name>cpu_MSP432P4XX.obj</name>
      </input_file>
      <input_file id="fl-d6">
         <path>C:\ti\ccsv7\tools\compiler\ti-cgt-arm_17.6.0.STS\lib\</path>
         <kind>archive</kind>
         <file>rtsv7M4_T_le_v4SPD16_eabi.lib</file>
         <name>e_exp.obj</name>
      </input_file>
      <input_file id="fl-d7">
         <path>C:\ti\ccsv7\tools\compiler\ti-cgt-arm_17.6.0.STS\lib\</path>
         <kind>archive</kind>
         <file>rtsv7M4_T_le_v4SPD16_eabi.lib</file>
         <name>e_sqrt.obj</name>
      </input_file>
      <input_file id="fl-d8">
         <path>C:\ti\ccsv7\tools\compiler\ti-cgt-arm_17.6.0.STS\lib\</path>
         <kind>archive</kind>
         <file>rtsv7M4_T_le_v4SPD16_eabi.lib</file>
         <name>s_cos.obj</name>
      </input_file>
      <input_file id="fl-d9">
         <path>C:\ti\ccsv7\tools\compiler\ti-cgt-arm_17.6.0.STS\lib\</path>
         <kind>archive</kind>
         <file>rtsv7M4_T_le_v4SPD16_eabi.lib</file>
         <name>s_sin.obj</name>
      </input_file>
      <input_file id="fl-da">
         <path>C:\ti\ccsv7\tools\compiler\ti-cgt-arm_17.6.0.STS\lib\</path>
         <kind>archive</kind>
         <file>rtsv7M4_T_le_v4SPD16_eabi.lib</file>
         <name>e_sqrtf.obj</name>
      </input_file>
      <input_file id="fl-db">
         <path>C:\ti\ccsv7\tools\compiler\ti-cgt-arm_17.6.0.STS\lib\</path>
         <kind>archive</kind>
         <file>rtsv7M4_T_le_v4SPD16_eabi.lib</file>
         <name>fd_add_t2.obj</name>
      </input_file>
      <input_file id="fl-dc">
         <path>C:\ti\ccsv7\tools\compiler\ti-cgt-arm_17.6.0.STS\lib\</path>
         <kind>archive</kind>
         <file>rtsv7M4_T_le_v4SPD16_eabi.lib</file>
         <name>fd_cmp_t2.obj</name>
      </input_file>
      <input_file id="fl-dd">
         <path>C:\ti\ccsv7\tools\compiler\ti-cgt-arm_17.6.0.STS\lib\</path>
         <kind>archive</kind>
         <file>rtsv7M4_T_le_v4SPD16_eabi.lib</file>
         <name>fd_div_t2.obj</name>
      </input_file>
      <input_file id="fl-de">
         <path>C:\ti\ccsv7\tools\compiler\ti-cgt-arm_17.6.0.STS\lib\</path>
         <kind>archive</kind>
         <file>rtsv7M4_T_le_v4SPD16_eabi.lib</file>
         <name>fd_mul_t2.obj</name>
      </input_file>
      <input_file id="fl-df">
         <path>C:\ti\ccsv7\tools\compiler\ti-cgt-arm_17.6.0.STS\lib\</path>
         <kind>archive</kind>
         <file>rtsv7M4_T_le_v4SPD16_eabi.lib</file>
         <name>fd_toi_t2.obj</name>
      </input_file>
      <input_file id="fl-e0">
         <path>C:\ti\ccsv7\tools\compiler\ti-cgt-arm_17.6.0.STS\lib\</path>
         <kind>archive</kind>
         <file>rtsv7M4_T_le_v4SPD16_eabi.lib</file>
         <name>fd_tos_t2.obj</name>
      </input_file>
      <input_file id="fl-e1">
         <path>C:\ti\ccsv7\tools\compiler\ti-cgt-arm_17.6.0.STS\lib\</path>
         <kind>archive</kind>
         <file>rtsv7M4_T_le_v4SPD16_eabi.lib</file>
         <name>fs_tod_t2.obj</name>
      </input_file>
      <input_file id="fl-e2">
         <path>C:\ti\ccsv7\tools\compiler\ti-cgt-arm_17.6.0.STS\lib\</path>
         <kind>archive</kind>
         <file>rtsv7M4_T_le_v4SPD16_eabi.lib</file>
         <name>i_tofd_t2.obj</name>
      </input_file>
      <input_file id="fl-e3">
         <path>C:\ti\ccsv7\tools\compiler\ti-cgt-arm_17.6.0.STS\lib\</path>
         <kind>archive</kind>
         <file>rtsv7M4_T_le_v4SPD16_eabi.lib</file>
         <name>memcpy_t2.obj</name>
      </input_file>
      <input_file id="fl-e4">
         <path>C:\ti\ccsv7\tools\compiler\ti-cgt-arm_17.6.0.STS\lib\</path>
         <kind>archive</kind>
         <file>rtsv7M4_T_le_v4SPD16_eabi.lib</file>
         <name>copy_zero_init.obj</name>
      </input_file>
      <input_file id="fl-e5">
         <path>C:\ti\ccsv7\tools\compiler\ti-cgt-arm_17.6.0.STS\lib\</path>
         <kind>archive</kind>
         <file>rtsv7M4_T_le_v4SPD16_eabi.lib</file>
         <name>copy_decompress_none.obj</name>
      </input_file>
      <input_file id="fl-e6">
         <path>C:\ti\ccsv7\tools\compiler\ti-cgt-arm_17.6.0.STS\lib\</path>
         <kind>archive</kind>
         <file>rtsv7M4_T_le_v4SPD16_eabi.lib</file>
         <name>copy_decompress_lzss.obj</name>
      </input_file>
      <input_file id="fl-e7">
         <path>C:\ti\ccsv7\tools\compiler\ti-cgt-arm_17.6.0.STS\lib\</path>
         <kind>archive</kind>
         <file>rtsv7M4_T_le_v4SPD16_eabi.lib</file>
         <name>strncmp.obj</name>
      </input_file>
      <input_file id="fl-e8">
         <path>C:\ti\ccsv7\tools\compiler\ti-cgt-arm_17.6.0.STS\lib\</path>
         <kind>archive</kind>
         <file>rtsv7M4_T_le_v4SPD16_eabi.lib</file>
         <name>boot_cortex_m.obj</name>
      </input_file>
      <input_file id="fl-e9">
         <path>C:\ti\ccsv7\tools\compiler\ti-cgt-arm_17.6.0.STS\lib\</path>
         <kind>archive</kind>
         <file>rtsv7M4_T_le_v4SPD16_eabi.lib</file>
         <name>errno.obj</name>
      </input_file>
      <input_file id="fl-ea">
         <path>C:\ti\ccsv7\tools\compiler\ti-cgt-arm_17.6.0.STS\lib\</path>
         <kind>archive</kind>
         <file>rtsv7M4_T_le_v4SPD16_eabi.lib</file>
         <name>k_rem_pio2.obj</name>
      </input_file>
      <input_file id="fl-eb">
         <path>C:\ti\ccsv7\tools\compiler\ti-cgt-arm_17.6.0.STS\lib\</path>
         <kind>archive</kind>
         <file>rtsv7M4_T_le_v4SPD16_eabi.lib</file>
         <name>k_cos.obj</name>
      </input_file>
      <input_file id="fl-ec">
         <path>C:\ti\ccsv7\tools\compiler\ti-cgt-arm_17.6.0.STS\lib\</path>
         <kind>archive</kind>
         <file>rtsv7M4_T_le_v4SPD16_eabi.lib</file>
         <name>k_sin.obj</name>
      </input_file>
      <input_file id="fl-ed">
         <path>C:\ti\ccsv7\tools\compiler\ti-cgt-arm_17.6.0.STS\lib\</path>
         <kind>archive</kind>
         <file>rtsv7M4_T_le_v4SPD16_eabi.lib</file>
         <name>s_floor.obj</name>
      </input_file>
      <input_file id="fl-ee">
         <path>C:\ti\ccsv7\tools\compiler\ti-cgt-arm_17.6.0.STS\lib\</path>
         <kind>archive</kind>
         <file>rtsv7M4_T_le_v4SPD16_eabi.lib</file>
         <name>s_scalbn.obj</name>
      </input_file>
      <input_file id="fl-ef">
         <path>C:\ti\ccsv7\tools\compiler\ti-cgt-arm_17.6.0.STS\lib\</path>
         <kind>archive</kind>
         <file>rtsv7M4_T_le_v4SPD16_eabi.lib</file>
         <name>memset_t2.obj</name>
      </input_file>
      <input_file id="fl-f0">
         <path>C:\ti\ccsv7\tools\compiler\ti-cgt-arm_17.6.0.STS\lib\</path>
         <kind>archive</kind>
         <file>rtsv7M4_T_le_v4SPD16_eabi.lib</file>
         <name>autoinit.obj</name>
      </input_file>
      <input_file id="fl-f1">
         <path>C:\ti\ccsv7\tools\compiler\ti-cgt-arm_17.6.0.STS\lib\</path>
         <kind>archive</kind>
         <file>rtsv7M4_T_le_v4SPD16_eabi.lib</file>
         <name>pre_init.obj</name>
      </input_file>
      <input_file id="fl-f2">
         <path>C:\ti\ccsv7\tools\compiler\ti-cgt-arm_17.6.0.STS\lib\</path>
         <kind>archive</kind>
         <file>rtsv7M4_T_le_v4SPD16_eabi.lib</file>
         <name>startup.obj</name>
      </input_file>
      <input_file id="fl-f3">
         <path>C:\ti\ccsv7\tools\compiler\ti-cgt-arm_17.6.0.STS\lib\</path>
         <kind>archive</kind>
         <file>rtsv7M4_T_le_v4SPD16_eabi.lib</file>
         <name>cpy_tbl.obj</name>
      </input_file>
      <input_file id="fl-f4">
         <path>C:\ti\ccsv7\tools\compiler\ti-cgt-arm_17.6.0.STS\lib\</path>
         <kind>archive</kind>
         <file>rtsv7M4_T_le_v4SPD16_eabi.lib</file>
         <name>exit.obj</name>
      </input_file>
      <input_file id="fl-f5">
         <path>C:\ti\ccsv7\tools\compiler\ti-cgt-arm_17.6.0.STS\lib\</path>
         <kind>archive</kind>
         <file>rtsv7M4_T_le_v4SPD16_eabi.lib</file>
         <name>_lock.obj</name>
      </input_file>
      <input_file id="fl-f6">
         <path>C:\ti\ccsv7\tools\compiler\ti-cgt-arm_17.6.0.STS\lib\</path>
         <kind>archive</kind>
         <file>rtsv7M4_T_le_v4SPD16_eabi.lib</file>
         <name>args_main.obj</name>
      </input_file>
      <input_file id="fl-f7">
         <path>C:\ti\ccsv7\tools\compiler\ti-cgt-arm_17.6.0.STS\lib\</path>
         <kind>archive</kind>
         <file>rtsv7M4_T_le_v4SPD16_eabi.lib</file>
         <name>s_copysign.obj</name>
      </input_file>
   </input_file_list>
   <object_component_list>
      <object_component id="oc-2d">
         <name>.intvecs:retain</name>
         <load_address>0x0</load_address>
         <run_address>0x0</run_address>
         <size>0xe4</size>
         <input_file_ref idref="fl-6"/>
      </object_component>
      <object_component id="oc-1a7">
         <name>.text:fann_run</name>
         <load_address>0xe4</load_address>
         <run_address>0xe4</run_address>
         <size>0x8c8</size>
         <input_file_ref idref="fl-9"/>
      </object_component>
      <object_component id="oc-25e">
         <name>.text</name>
         <load_address>0x9ac</load_address>
         <run_address>0x9ac</run_address>
         <size>0x738</size>
         <input_file_ref idref="fl-ea"/>
      </object_component>
      <object_component id="oc-207">
         <name>.text</name>
         <load_address>0x10e4</load_address>
         <run_address>0x10e4</run_address>
         <size>0x5dc</size>
         <input_file_ref idref="fl-d8"/>
      </object_component>
      <object_component id="oc-201">
         <name>.text</name>
         <load_address>0x16c0</load_address>
         <run_address>0x16c0</run_address>
         <size>0x5c4</size>
         <input_file_ref idref="fl-d9"/>
      </object_component>
      <object_component id="oc-1d8">
         <name>.text</name>
         <load_address>0x1c84</load_address>
         <run_address>0x1c84</run_address>
         <size>0x32c</size>
         <input_file_ref idref="fl-d6"/>
      </object_component>
      <object_component id="oc-1de">
         <name>.text</name>
         <load_address>0x1fb0</load_address>
         <run_address>0x1fb0</run_address>
         <size>0x1b6</size>
         <input_file_ref idref="fl-db"/>
      </object_component>
      <object_component id="oc-d3">
         <name>.text</name>
         <load_address>0x2166</load_address>
         <run_address>0x2166</run_address>
         <size>0x2</size>
         <input_file_ref idref="fl-f2"/>
      </object_component>
      <object_component id="oc-19b">
         <name>.text:init_sys</name>
         <load_address>0x2168</load_address>
         <run_address>0x2168</run_address>
         <size>0x1a4</size>
         <input_file_ref idref="fl-2"/>
      </object_component>
      <object_component id="oc-258">
         <name>.text</name>
         <load_address>0x230c</load_address>
         <run_address>0x230c</run_address>
         <size>0x174</size>
         <input_file_ref idref="fl-ec"/>
      </object_component>
      <object_component id="oc-264">
         <name>.text</name>
         <load_address>0x2480</load_address>
         <run_address>0x2480</run_address>
         <size>0x16c</size>
         <input_file_ref idref="fl-eb"/>
      </object_component>
      <object_component id="oc-93">
         <name>.text:EUSCIB0_IRQHandler</name>
         <load_address>0x25ec</load_address>
         <run_address>0x25ec</run_address>
         <size>0x148</size>
         <input_file_ref idref="fl-3"/>
      </object_component>
      <object_component id="oc-1e3">
         <name>.text</name>
         <load_address>0x2734</load_address>
         <run_address>0x2734</run_address>
         <size>0x136</size>
         <input_file_ref idref="fl-dd"/>
      </object_component>
      <object_component id="oc-1fc">
         <name>.text</name>
         <load_address>0x286a</load_address>
         <run_address>0x286a</run_address>
         <size>0xfc</size>
         <input_file_ref idref="fl-de"/>
      </object_component>
      <object_component id="oc-27b">
         <name>.text</name>
         <load_address>0x2968</load_address>
         <run_address>0x2968</run_address>
         <size>0xfc</size>
         <input_file_ref idref="fl-ee"/>
      </object_component>
      <object_component id="oc-281">
         <name>.text</name>
         <load_address>0x2a64</load_address>
         <run_address>0x2a64</run_address>
         <size>0xf8</size>
         <input_file_ref idref="fl-ed"/>
      </object_component>
      <object_component id="oc-3e">
         <name>.text</name>
         <load_address>0x2b5c</load_address>
         <run_address>0x2b5c</run_address>
         <size>0x9c</size>
         <input_file_ref idref="fl-e3"/>
      </object_component>
      <object_component id="oc-14c">
         <name>.text:test2</name>
         <load_address>0x2bf8</load_address>
         <run_address>0x2bf8</run_address>
         <size>0x98</size>
         <input_file_ref idref="fl-3"/>
      </object_component>
      <object_component id="oc-22a">
         <name>.text:__aeabi_cdcmple</name>
         <load_address>0x2c90</load_address>
         <run_address>0x2c90</run_address>
         <size>0x86</size>
         <input_file_ref idref="fl-dc"/>
      </object_component>
      <object_component id="oc-225">
         <name>.text:__aeabi_cdrcmple</name>
         <load_address>0x2d16</load_address>
         <run_address>0x2d16</run_address>
         <size>0x86</size>
         <input_file_ref idref="fl-dc"/>
      </object_component>
      <object_component id="oc-4a">
         <name>.text</name>
         <load_address>0x2d9c</load_address>
         <run_address>0x2d9c</run_address>
         <size>0x7a</size>
         <input_file_ref idref="fl-ef"/>
      </object_component>
      <object_component id="oc-ec">
         <name>.text:SystemInit</name>
         <load_address>0x2e18</load_address>
         <run_address>0x2e18</run_address>
         <size>0x78</size>
         <input_file_ref idref="fl-5"/>
      </object_component>
      <object_component id="oc-5c">
         <name>.text</name>
         <load_address>0x2e90</load_address>
         <run_address>0x2e90</run_address>
         <size>0x70</size>
         <input_file_ref idref="fl-f0"/>
      </object_component>
      <object_component id="oc-1e8">
         <name>.text</name>
         <load_address>0x2f00</load_address>
         <run_address>0x2f00</run_address>
         <size>0x6e</size>
         <input_file_ref idref="fl-e0"/>
      </object_component>
      <object_component id="oc-81">
         <name>.text:EUSCIA0_IRQHandler</name>
         <load_address>0x2f70</load_address>
         <run_address>0x2f70</run_address>
         <size>0x6c</size>
         <input_file_ref idref="fl-3"/>
      </object_component>
      <object_component id="oc-14">
         <name>.text:decompress:lzss</name>
         <load_address>0x2fdc</load_address>
         <run_address>0x2fdc</run_address>
         <size>0x68</size>
         <input_file_ref idref="fl-e6"/>
      </object_component>
      <object_component id="oc-1ad">
         <name>.text:max_index</name>
         <load_address>0x3044</load_address>
         <run_address>0x3044</run_address>
         <size>0x66</size>
         <input_file_ref idref="fl-3"/>
      </object_component>
      <object_component id="oc-8d">
         <name>.text:EUSCIA2_IRQHandler</name>
         <load_address>0x30ac</load_address>
         <run_address>0x30ac</run_address>
         <size>0x54</size>
         <input_file_ref idref="fl-3"/>
      </object_component>
      <object_component id="oc-68">
         <name>.text</name>
         <load_address>0x3100</load_address>
         <run_address>0x3100</run_address>
         <size>0x54</size>
         <input_file_ref idref="fl-f4"/>
      </object_component>
      <object_component id="oc-87">
         <name>.text:EUSCIA1_IRQHandler</name>
         <load_address>0x3154</load_address>
         <run_address>0x3154</run_address>
         <size>0x50</size>
         <input_file_ref idref="fl-3"/>
      </object_component>
      <object_component id="oc-ab">
         <name>.text:PORT2_IRQHandler</name>
         <load_address>0x31a4</load_address>
         <run_address>0x31a4</run_address>
         <size>0x4c</size>
         <input_file_ref idref="fl-3"/>
      </object_component>
      <object_component id="oc-cd">
         <name>.text</name>
         <load_address>0x31f0</load_address>
         <run_address>0x31f0</run_address>
         <size>0x4c</size>
         <input_file_ref idref="fl-f3"/>
      </object_component>
      <object_component id="oc-99">
         <name>.text:ADC14_IRQHandler</name>
         <load_address>0x323c</load_address>
         <run_address>0x323c</run_address>
         <size>0x48</size>
         <input_file_ref idref="fl-3"/>
      </object_component>
      <object_component id="oc-22f">
         <name>.text</name>
         <load_address>0x3284</load_address>
         <run_address>0x3284</run_address>
         <size>0x48</size>
         <input_file_ref idref="fl-df"/>
      </object_component>
      <object_component id="oc-f3">
         <name>.text:prvGetRegistersFromStack</name>
         <load_address>0x32cc</load_address>
         <run_address>0x32cc</run_address>
         <size>0x38</size>
         <input_file_ref idref="fl-6"/>
      </object_component>
      <object_component id="oc-1d3">
         <name>.text</name>
         <load_address>0x3304</load_address>
         <run_address>0x3304</run_address>
         <size>0x38</size>
         <input_file_ref idref="fl-e1"/>
      </object_component>
      <object_component id="oc-26">
         <name>.text</name>
         <load_address>0x333c</load_address>
         <run_address>0x333c</run_address>
         <size>0x30</size>
         <input_file_ref idref="fl-e8"/>
      </object_component>
      <object_component id="oc-234">
         <name>.text</name>
         <load_address>0x336c</load_address>
         <run_address>0x336c</run_address>
         <size>0x2e</size>
         <input_file_ref idref="fl-e2"/>
      </object_component>
      <object_component id="oc-9f">
         <name>.text:T32_INT1_IRQHandler</name>
         <load_address>0x339c</load_address>
         <run_address>0x339c</run_address>
         <size>0x24</size>
         <input_file_ref idref="fl-3"/>
      </object_component>
      <object_component id="oc-a5">
         <name>.text:T32_INT2_IRQHandler</name>
         <load_address>0x33c0</load_address>
         <run_address>0x33c0</run_address>
         <size>0x24</size>
         <input_file_ref idref="fl-3"/>
      </object_component>
      <object_component id="oc-1b3">
         <name>.text:GPIO_setOutputLowOnPin</name>
         <load_address>0x33e4</load_address>
         <run_address>0x33e4</run_address>
         <size>0x18</size>
         <input_file_ref idref="fl-1b"/>
      </object_component>
      <object_component id="oc-62">
         <name>.text</name>
         <load_address>0x33fc</load_address>
         <run_address>0x33fc</run_address>
         <size>0x18</size>
         <input_file_ref idref="fl-f6"/>
      </object_component>
      <object_component id="oc-75">
         <name>.text:Default_Handler</name>
         <load_address>0x3414</load_address>
         <run_address>0x3414</run_address>
         <size>0x16</size>
         <input_file_ref idref="fl-6"/>
      </object_component>
      <object_component id="oc-7b">
         <name>.text:Exception_Handler</name>
         <load_address>0x342a</load_address>
         <run_address>0x342a</run_address>
         <size>0x16</size>
         <input_file_ref idref="fl-6"/>
      </object_component>
      <object_component id="oc-1a1">
         <name>.text:GPIO_setOutputHighOnPin</name>
         <load_address>0x3440</load_address>
         <run_address>0x3440</run_address>
         <size>0x14</size>
         <input_file_ref idref="fl-1b"/>
      </object_component>
      <object_component id="oc-15c">
         <name>.text</name>
         <load_address>0x3454</load_address>
         <run_address>0x3454</run_address>
         <size>0x14</size>
         <input_file_ref idref="fl-f5"/>
      </object_component>
      <object_component id="oc-2a3">
         <name>.text</name>
         <load_address>0x3468</load_address>
         <run_address>0x3468</run_address>
         <size>0x14</size>
         <input_file_ref idref="fl-f7"/>
      </object_component>
      <object_component id="oc-1a">
         <name>.text:decompress:none</name>
         <load_address>0x347c</load_address>
         <run_address>0x347c</run_address>
         <size>0xe</size>
         <input_file_ref idref="fl-e5"/>
      </object_component>
      <object_component id="oc-6f">
         <name>.text:Reset_Handler</name>
         <load_address>0x348a</load_address>
         <run_address>0x348a</run_address>
         <size>0xc</size>
         <input_file_ref idref="fl-6"/>
      </object_component>
      <object_component id="oc-20">
         <name>.text:decompress:ZI</name>
         <load_address>0x3496</load_address>
         <run_address>0x3496</run_address>
         <size>0xc</size>
         <input_file_ref idref="fl-e4"/>
      </object_component>
      <object_component id="oc-db">
         <name>.text:main</name>
         <load_address>0x34a2</load_address>
         <run_address>0x34a2</run_address>
         <size>0xa</size>
         <input_file_ref idref="fl-3"/>
      </object_component>
      <object_component id="oc-56">
         <name>.text</name>
         <load_address>0x34ac</load_address>
         <run_address>0x34ac</run_address>
         <size>0x4</size>
         <input_file_ref idref="fl-f1"/>
      </object_component>
      <object_component id="oc-1bc">
         <name>.const:test_data_output</name>
         <load_address>0x34b0</load_address>
         <run_address>0x34b0</run_address>
         <size>0xaac</size>
         <input_file_ref idref="fl-3"/>
      </object_component>
      <object_component id="oc-1f9">
         <name>.const</name>
         <load_address>0x3f5c</load_address>
         <run_address>0x3f5c</run_address>
         <size>0x1</size>
         <input_file_ref idref="fl-9"/>
      </object_component>
      <object_component id="oc-287">
         <name>.const:$O1$$</name>
         <load_address>0x3f60</load_address>
         <run_address>0x3f60</run_address>
         <size>0x158</size>
         <input_file_ref idref="fl-ea"/>
      </object_component>
      <object_component id="oc-23c">
         <name>.const:$O1$$</name>
         <load_address>0x40b8</load_address>
         <run_address>0x40b8</run_address>
         <size>0x30</size>
         <input_file_ref idref="fl-d6"/>
      </object_component>
      <object_component id="oc-1ce">
         <name>.const:GPIO_PORT_TO_BASE</name>
         <load_address>0x40e8</load_address>
         <run_address>0x40e8</run_address>
         <size>0x30</size>
         <input_file_ref idref="fl-1b"/>
      </object_component>
      <object_component id="oc-1ca">
         <name>.const:uartConf</name>
         <load_address>0x4118</load_address>
         <run_address>0x4118</run_address>
         <size>0x24</size>
         <input_file_ref idref="fl-2"/>
      </object_component>
      <object_component id="oc-2df">
         <name>.cinit..data.load</name>
         <load_address>0x4140</load_address>
         <run_address>0x4140</run_address>
         <size>0x6300</size>
      </object_component>
      <object_component id="oc-2dd">
         <name>__TI_handler_table</name>
         <load_address>0xa440</load_address>
         <run_address>0xa440</run_address>
         <size>0xc</size>
      </object_component>
      <object_component id="oc-2e0">
         <name>.cinit..bss.load</name>
         <load_address>0xa450</load_address>
         <run_address>0xa450</run_address>
         <size>0x8</size>
      </object_component>
      <object_component id="oc-2de">
         <name>__TI_cinit_table</name>
         <load_address>0xa458</load_address>
         <run_address>0xa458</run_address>
         <size>0x10</size>
      </object_component>
      <object_component id="oc-2ba">
         <name>.binit</name>
         <load_address>0x0</load_address>
         <run_address>0x0</run_address>
         <size>0x0</size>
      </object_component>
      <object_component id="oc-1b9">
         <name>.data:test_data_input</name>
         <load_address>0x20000000</load_address>
         <run_address>0x20000000</run_address>
         <size>0x355c</size>
         <input_file_ref idref="fl-3"/>
      </object_component>
      <object_component id="oc-1f3">
         <name>.data:fann_neurons</name>
         <load_address>0x20006448</load_address>
         <run_address>0x20006448</run_address>
         <size>0x700</size>
         <input_file_ref idref="fl-9"/>
      </object_component>
      <object_component id="oc-1f6">
         <name>.data:fann_weights</name>
         <load_address>0x2000355c</load_address>
         <run_address>0x2000355c</run_address>
         <size>0x2eec</size>
         <input_file_ref idref="fl-9"/>
      </object_component>
      <object_component id="oc-1f0">
         <name>.data:fann_layers</name>
         <load_address>0x20006b48</load_address>
         <run_address>0x20006b48</run_address>
         <size>0x20</size>
         <input_file_ref idref="fl-9"/>
      </object_component>
      <object_component id="oc-239">
         <name>.data</name>
         <load_address>0x20006b7c</load_address>
         <run_address>0x20006b7c</run_address>
         <size>0x4</size>
         <input_file_ref idref="fl-e9"/>
      </object_component>
      <object_component id="oc-e3">
         <name>.data:$O1$$</name>
         <load_address>0x20006b68</load_address>
         <run_address>0x20006b68</run_address>
         <size>0xc</size>
         <input_file_ref idref="fl-f4"/>
      </object_component>
      <object_component id="oc-e6">
         <name>.data:$O1$$</name>
         <load_address>0x20006b74</load_address>
         <run_address>0x20006b74</run_address>
         <size>0x8</size>
         <input_file_ref idref="fl-f5"/>
      </object_component>
      <object_component id="oc-123">
         <name>.common:T32_time</name>
         <uninitialized>true</uninitialized>
         <run_address>0x20006d9c</run_address>
         <size>0x2</size>
      </object_component>
      <object_component id="oc-125">
         <name>.common:T32_BCOMM</name>
         <uninitialized>true</uninitialized>
         <run_address>0x20006d98</run_address>
         <size>0x4</size>
      </object_component>
      <object_component id="oc-116">
         <name>.common:BLE_CMD</name>
         <uninitialized>true</uninitialized>
         <run_address>0x20006d7c</run_address>
         <size>0xc</size>
      </object_component>
      <object_component id="oc-117">
         <name>.common:BLE_CMD_N</name>
         <uninitialized>true</uninitialized>
         <run_address>0x20006d9e</run_address>
         <size>0x1</size>
      </object_component>
      <object_component id="oc-11e">
         <name>.common:I2C_RX</name>
         <uninitialized>true</uninitialized>
         <run_address>0x20006d40</run_address>
         <size>0x1c</size>
      </object_component>
      <object_component id="oc-11b">
         <name>.common:I2C_TX</name>
         <uninitialized>true</uninitialized>
         <run_address>0x20006d90</run_address>
         <size>0x4</size>
      </object_component>
      <object_component id="oc-11d">
         <name>.common:I2C_recBytes</name>
         <uninitialized>true</uninitialized>
         <run_address>0x20006da2</run_address>
         <size>0x1</size>
      </object_component>
      <object_component id="oc-10c">
         <name>.common:SPI_RX_FRAM</name>
         <uninitialized>true</uninitialized>
         <run_address>0x20006d6c</run_address>
         <size>0x10</size>
      </object_component>
      <object_component id="oc-113">
         <name>.common:SPI_RX_ECG</name>
         <uninitialized>true</uninitialized>
         <run_address>0x20006d5c</run_address>
         <size>0x10</size>
      </object_component>
      <object_component id="oc-fb">
         <name>.common:SPI_recBytesFRAM</name>
         <uninitialized>true</uninitialized>
         <run_address>0x20006da5</run_address>
         <size>0x1</size>
      </object_component>
      <object_component id="oc-114">
         <name>.common:SPI_recBytesECG</name>
         <uninitialized>true</uninitialized>
         <run_address>0x20006da4</run_address>
         <size>0x1</size>
      </object_component>
      <object_component id="oc-121">
         <name>.common:ADC_result</name>
         <uninitialized>true</uninitialized>
         <run_address>0x20006d88</run_address>
         <size>0x4</size>
      </object_component>
      <object_component id="oc-128">
         <name>.common:ECG_cnt</name>
         <uninitialized>true</uninitialized>
         <run_address>0x20006d8c</run_address>
         <size>0x4</size>
      </object_component>
      <object_component id="oc-118">
         <name>.common:BLE_REC</name>
         <uninitialized>true</uninitialized>
         <run_address>0x20006d9f</run_address>
         <size>0x1</size>
      </object_component>
      <object_component id="oc-127">
         <name>.common:ECG_DRDY</name>
         <uninitialized>true</uninitialized>
         <run_address>0x20006da0</run_address>
         <size>0x1</size>
      </object_component>
      <object_component id="oc-11f">
         <name>.common:I2C_stopSent</name>
         <uninitialized>true</uninitialized>
         <run_address>0x20006da3</run_address>
         <size>0x1</size>
      </object_component>
      <object_component id="oc-11a">
         <name>.common:I2C_2bytesCMD</name>
         <uninitialized>true</uninitialized>
         <run_address>0x20006da1</run_address>
         <size>0x1</size>
      </object_component>
      <object_component id="oc-11c">
         <name>.common:I2C_xferIndex</name>
         <uninitialized>true</uninitialized>
         <run_address>0x20006d94</run_address>
         <size>0x4</size>
      </object_component>
      <object_component id="oc-1ed">
         <name>.common:neuron_values</name>
         <uninitialized>true</uninitialized>
         <run_address>0x20006b80</run_address>
         <size>0x1c0</size>
      </object_component>
      <object_component id="oc-30">
         <name>.stack</name>
         <uninitialized>true</uninitialized>
         <run_address>0x2000fe00</run_address>
         <size>0x4</size>
         <input_file_ref idref="fl-e8"/>
      </object_component>
      <object_component id="oc-2e1">
         <name>.stack</name>
         <uninitialized>true</uninitialized>
         <run_address>0x2000fe00</run_address>
         <size>0x0</size>
      </object_component>
      <object_component id="oc-18e">
         <name>.debug_info</name>
         <load_address>0x0</load_address>
         <run_address>0x0</run_address>
         <size>0x546</size>
         <input_file_ref idref="fl-2"/>
      </object_component>
      <object_component id="oc-1cb">
         <name>.debug_info</name>
         <load_address>0x546</load_address>
         <run_address>0x546</run_address>
         <size>0xf1</size>
         <input_file_ref idref="fl-2"/>
      </object_component>
      <object_component id="oc-19d">
         <name>.debug_info</name>
         <load_address>0x637</load_address>
         <run_address>0x637</run_address>
         <size>0x1e3</size>
         <input_file_ref idref="fl-2"/>
      </object_component>
      <object_component id="oc-131">
         <name>.debug_info</name>
         <load_address>0x81a</load_address>
         <run_address>0x81a</run_address>
         <size>0x1055</size>
         <input_file_ref idref="fl-2"/>
      </object_component>
      <object_component id="oc-12c">
         <name>.debug_info</name>
         <load_address>0x186f</load_address>
         <run_address>0x186f</run_address>
         <size>0x37e2</size>
         <input_file_ref idref="fl-2"/>
      </object_component>
      <object_component id="oc-138">
         <name>.debug_info</name>
         <load_address>0x5051</load_address>
         <run_address>0x5051</run_address>
         <size>0x8b</size>
         <input_file_ref idref="fl-2"/>
      </object_component>
      <object_component id="oc-10e">
         <name>.debug_info</name>
         <load_address>0x50dc</load_address>
         <run_address>0x50dc</run_address>
         <size>0x18b</size>
         <input_file_ref idref="fl-2"/>
      </object_component>
      <object_component id="oc-177">
         <name>.debug_info</name>
         <load_address>0x5267</load_address>
         <run_address>0x5267</run_address>
         <size>0x131</size>
         <input_file_ref idref="fl-2"/>
      </object_component>
      <object_component id="oc-1c5">
         <name>.debug_info</name>
         <load_address>0x5398</load_address>
         <run_address>0x5398</run_address>
         <size>0xee</size>
         <input_file_ref idref="fl-2"/>
      </object_component>
      <object_component id="oc-10a">
         <name>.debug_info</name>
         <load_address>0x5486</load_address>
         <run_address>0x5486</run_address>
         <size>0xfbd</size>
         <input_file_ref idref="fl-3"/>
      </object_component>
      <object_component id="oc-1ba">
         <name>.debug_info</name>
         <load_address>0x6443</load_address>
         <run_address>0x6443</run_address>
         <size>0xfd</size>
         <input_file_ref idref="fl-3"/>
      </object_component>
      <object_component id="oc-1bd">
         <name>.debug_info</name>
         <load_address>0x6540</load_address>
         <run_address>0x6540</run_address>
         <size>0xff</size>
         <input_file_ref idref="fl-3"/>
      </object_component>
      <object_component id="oc-1ae">
         <name>.debug_info</name>
         <load_address>0x663f</load_address>
         <run_address>0x663f</run_address>
         <size>0x17d</size>
         <input_file_ref idref="fl-3"/>
      </object_component>
      <object_component id="oc-14d">
         <name>.debug_info</name>
         <load_address>0x67bc</load_address>
         <run_address>0x67bc</run_address>
         <size>0x1be</size>
         <input_file_ref idref="fl-3"/>
      </object_component>
      <object_component id="oc-dc">
         <name>.debug_info</name>
         <load_address>0x697a</load_address>
         <run_address>0x697a</run_address>
         <size>0x124</size>
         <input_file_ref idref="fl-3"/>
      </object_component>
      <object_component id="oc-a0">
         <name>.debug_info</name>
         <load_address>0x6a9e</load_address>
         <run_address>0x6a9e</run_address>
         <size>0x139</size>
         <input_file_ref idref="fl-3"/>
      </object_component>
      <object_component id="oc-a6">
         <name>.debug_info</name>
         <load_address>0x6bd7</load_address>
         <run_address>0x6bd7</run_address>
         <size>0x139</size>
         <input_file_ref idref="fl-3"/>
      </object_component>
      <object_component id="oc-ac">
         <name>.debug_info</name>
         <load_address>0x6d10</load_address>
         <run_address>0x6d10</run_address>
         <size>0x150</size>
         <input_file_ref idref="fl-3"/>
      </object_component>
      <object_component id="oc-9a">
         <name>.debug_info</name>
         <load_address>0x6e60</load_address>
         <run_address>0x6e60</run_address>
         <size>0x157</size>
         <input_file_ref idref="fl-3"/>
      </object_component>
      <object_component id="oc-82">
         <name>.debug_info</name>
         <load_address>0x6fb7</load_address>
         <run_address>0x6fb7</run_address>
         <size>0x170</size>
         <input_file_ref idref="fl-3"/>
      </object_component>
      <object_component id="oc-88">
         <name>.debug_info</name>
         <load_address>0x7127</load_address>
         <run_address>0x7127</run_address>
         <size>0x15b</size>
         <input_file_ref idref="fl-3"/>
      </object_component>
      <object_component id="oc-8e">
         <name>.debug_info</name>
         <load_address>0x7282</load_address>
         <run_address>0x7282</run_address>
         <size>0x15b</size>
         <input_file_ref idref="fl-3"/>
      </object_component>
      <object_component id="oc-94">
         <name>.debug_info</name>
         <load_address>0x73dd</load_address>
         <run_address>0x73dd</run_address>
         <size>0x1a8</size>
         <input_file_ref idref="fl-3"/>
      </object_component>
      <object_component id="oc-184">
         <name>.debug_info</name>
         <load_address>0x7585</load_address>
         <run_address>0x7585</run_address>
         <size>0x1ea6</size>
         <input_file_ref idref="fl-3"/>
      </object_component>
      <object_component id="oc-172">
         <name>.debug_info</name>
         <load_address>0x942b</load_address>
         <run_address>0x942b</run_address>
         <size>0x37e2</size>
         <input_file_ref idref="fl-3"/>
      </object_component>
      <object_component id="oc-c5">
         <name>.debug_info</name>
         <load_address>0xcc0d</load_address>
         <run_address>0xcc0d</run_address>
         <size>0x2c</size>
         <input_file_ref idref="fl-3"/>
      </object_component>
      <object_component id="oc-189">
         <name>.debug_info</name>
         <load_address>0xcc39</load_address>
         <run_address>0xcc39</run_address>
         <size>0x2c</size>
         <input_file_ref idref="fl-3"/>
      </object_component>
      <object_component id="oc-39">
         <name>.debug_info</name>
         <load_address>0xcc65</load_address>
         <run_address>0xcc65</run_address>
         <size>0x84</size>
         <input_file_ref idref="fl-4"/>
      </object_component>
      <object_component id="oc-ed">
         <name>.debug_info</name>
         <load_address>0xcce9</load_address>
         <run_address>0xcce9</run_address>
         <size>0x14a</size>
         <input_file_ref idref="fl-5"/>
      </object_component>
      <object_component id="oc-b3">
         <name>.debug_info</name>
         <load_address>0xce33</load_address>
         <run_address>0xce33</run_address>
         <size>0x5b5</size>
         <input_file_ref idref="fl-6"/>
      </object_component>
      <object_component id="oc-2e">
         <name>.debug_info</name>
         <load_address>0xd3e8</load_address>
         <run_address>0xd3e8</run_address>
         <size>0x116</size>
         <input_file_ref idref="fl-6"/>
      </object_component>
      <object_component id="oc-70">
         <name>.debug_info</name>
         <load_address>0xd4fe</load_address>
         <run_address>0xd4fe</run_address>
         <size>0x179</size>
         <input_file_ref idref="fl-6"/>
      </object_component>
      <object_component id="oc-f4">
         <name>.debug_info</name>
         <load_address>0xd677</load_address>
         <run_address>0xd677</run_address>
         <size>0x24f</size>
         <input_file_ref idref="fl-6"/>
      </object_component>
      <object_component id="oc-7c">
         <name>.debug_info</name>
         <load_address>0xd8c6</load_address>
         <run_address>0xd8c6</run_address>
         <size>0x170</size>
         <input_file_ref idref="fl-6"/>
      </object_component>
      <object_component id="oc-76">
         <name>.debug_info</name>
         <load_address>0xda36</load_address>
         <run_address>0xda36</run_address>
         <size>0x16d</size>
         <input_file_ref idref="fl-6"/>
      </object_component>
      <object_component id="oc-1ee">
         <name>.debug_info</name>
         <load_address>0xdba3</load_address>
         <run_address>0xdba3</run_address>
         <size>0x7df</size>
         <input_file_ref idref="fl-9"/>
      </object_component>
      <object_component id="oc-1fa">
         <name>.debug_info</name>
         <load_address>0xe382</load_address>
         <run_address>0xe382</run_address>
         <size>0xfc</size>
         <input_file_ref idref="fl-9"/>
      </object_component>
      <object_component id="oc-1f4">
         <name>.debug_info</name>
         <load_address>0xe47e</load_address>
         <run_address>0xe47e</run_address>
         <size>0xfc</size>
         <input_file_ref idref="fl-9"/>
      </object_component>
      <object_component id="oc-1f7">
         <name>.debug_info</name>
         <load_address>0xe57a</load_address>
         <run_address>0xe57a</run_address>
         <size>0xfc</size>
         <input_file_ref idref="fl-9"/>
      </object_component>
      <object_component id="oc-1f1">
         <name>.debug_info</name>
         <load_address>0xe676</load_address>
         <run_address>0xe676</run_address>
         <size>0xfa</size>
         <input_file_ref idref="fl-9"/>
      </object_component>
      <object_component id="oc-1a8">
         <name>.debug_info</name>
         <load_address>0xe770</load_address>
         <run_address>0xe770</run_address>
         <size>0x501</size>
         <input_file_ref idref="fl-9"/>
      </object_component>
      <object_component id="oc-24a">
         <name>.debug_info</name>
         <load_address>0xec71</load_address>
         <run_address>0xec71</run_address>
         <size>0x2db</size>
         <input_file_ref idref="fl-9"/>
      </object_component>
      <object_component id="oc-fc">
         <name>.debug_info</name>
         <load_address>0xef4c</load_address>
         <run_address>0xef4c</run_address>
         <size>0x897</size>
         <input_file_ref idref="fl-a"/>
      </object_component>
      <object_component id="oc-fe">
         <name>.debug_info</name>
         <load_address>0xf7e3</load_address>
         <run_address>0xf7e3</run_address>
         <size>0x89d</size>
         <input_file_ref idref="fl-b"/>
      </object_component>
      <object_component id="oc-100">
         <name>.debug_info</name>
         <load_address>0x10080</load_address>
         <run_address>0x10080</run_address>
         <size>0x896</size>
         <input_file_ref idref="fl-c"/>
      </object_component>
      <object_component id="oc-104">
         <name>.debug_info</name>
         <load_address>0x10916</load_address>
         <run_address>0x10916</run_address>
         <size>0x910</size>
         <input_file_ref idref="fl-d"/>
      </object_component>
      <object_component id="oc-102">
         <name>.debug_info</name>
         <load_address>0x11226</load_address>
         <run_address>0x11226</run_address>
         <size>0x91d</size>
         <input_file_ref idref="fl-e"/>
      </object_component>
      <object_component id="oc-108">
         <name>.debug_info</name>
         <load_address>0x11b43</load_address>
         <run_address>0x11b43</run_address>
         <size>0xa36</size>
         <input_file_ref idref="fl-10"/>
      </object_component>
      <object_component id="oc-106">
         <name>.debug_info</name>
         <load_address>0x12579</load_address>
         <run_address>0x12579</run_address>
         <size>0x94d</size>
         <input_file_ref idref="fl-11"/>
      </object_component>
      <object_component id="oc-26e">
         <name>.debug_info</name>
         <load_address>0x12ec6</load_address>
         <run_address>0x12ec6</run_address>
         <size>0x810</size>
         <input_file_ref idref="fl-1a"/>
      </object_component>
      <object_component id="oc-21a">
         <name>.debug_info</name>
         <load_address>0x136d6</load_address>
         <run_address>0x136d6</run_address>
         <size>0x431a</size>
         <input_file_ref idref="fl-1a"/>
      </object_component>
      <object_component id="oc-29a">
         <name>.debug_info</name>
         <load_address>0x179f0</load_address>
         <run_address>0x179f0</run_address>
         <size>0x1b5</size>
         <input_file_ref idref="fl-1a"/>
      </object_component>
      <object_component id="oc-21f">
         <name>.debug_info</name>
         <load_address>0x17ba5</load_address>
         <run_address>0x17ba5</run_address>
         <size>0x1055</size>
         <input_file_ref idref="fl-1a"/>
      </object_component>
      <object_component id="oc-1d2">
         <name>.debug_info</name>
         <load_address>0x18bfa</load_address>
         <run_address>0x18bfa</run_address>
         <size>0x6f5</size>
         <input_file_ref idref="fl-1b"/>
      </object_component>
      <object_component id="oc-1cf">
         <name>.debug_info</name>
         <load_address>0x192ef</load_address>
         <run_address>0x192ef</run_address>
         <size>0x131</size>
         <input_file_ref idref="fl-1b"/>
      </object_component>
      <object_component id="oc-1b6">
         <name>.debug_info</name>
         <load_address>0x19420</load_address>
         <run_address>0x19420</run_address>
         <size>0x232</size>
         <input_file_ref idref="fl-1b"/>
      </object_component>
      <object_component id="oc-1a4">
         <name>.debug_info</name>
         <load_address>0x19652</load_address>
         <run_address>0x19652</run_address>
         <size>0x234</size>
         <input_file_ref idref="fl-1b"/>
      </object_component>
      <object_component id="oc-277">
         <name>.debug_info</name>
         <load_address>0x19886</load_address>
         <run_address>0x19886</run_address>
         <size>0x33d</size>
         <input_file_ref idref="fl-d6"/>
      </object_component>
      <object_component id="oc-23d">
         <name>.debug_info</name>
         <load_address>0x19bc3</load_address>
         <run_address>0x19bc3</run_address>
         <size>0x125</size>
         <input_file_ref idref="fl-d6"/>
      </object_component>
      <object_component id="oc-1d9">
         <name>.debug_info</name>
         <load_address>0x19ce8</load_address>
         <run_address>0x19ce8</run_address>
         <size>0x4b1</size>
         <input_file_ref idref="fl-d6"/>
      </object_component>
      <object_component id="oc-240">
         <name>.debug_info</name>
         <load_address>0x1a199</load_address>
         <run_address>0x1a199</run_address>
         <size>0x39</size>
         <input_file_ref idref="fl-d6"/>
      </object_component>
      <object_component id="oc-26d">
         <name>.debug_info</name>
         <load_address>0x1a1d2</load_address>
         <run_address>0x1a1d2</run_address>
         <size>0x3a5</size>
         <input_file_ref idref="fl-d8"/>
      </object_component>
      <object_component id="oc-209">
         <name>.debug_info</name>
         <load_address>0x1a577</load_address>
         <run_address>0x1a577</run_address>
         <size>0x790</size>
         <input_file_ref idref="fl-d8"/>
      </object_component>
      <object_component id="oc-26b">
         <name>.debug_info</name>
         <load_address>0x1ad07</load_address>
         <run_address>0x1ad07</run_address>
         <size>0x3a5</size>
         <input_file_ref idref="fl-d9"/>
      </object_component>
      <object_component id="oc-202">
         <name>.debug_info</name>
         <load_address>0x1b0ac</load_address>
         <run_address>0x1b0ac</run_address>
         <size>0x78b</size>
         <input_file_ref idref="fl-d9"/>
      </object_component>
      <object_component id="oc-1e0">
         <name>.debug_info</name>
         <load_address>0x1b837</load_address>
         <run_address>0x1b837</run_address>
         <size>0x144</size>
         <input_file_ref idref="fl-db"/>
      </object_component>
      <object_component id="oc-22c">
         <name>.debug_info</name>
         <load_address>0x1b97b</load_address>
         <run_address>0x1b97b</run_address>
         <size>0x120</size>
         <input_file_ref idref="fl-dc"/>
      </object_component>
      <object_component id="oc-226">
         <name>.debug_info</name>
         <load_address>0x1ba9b</load_address>
         <run_address>0x1ba9b</run_address>
         <size>0x122</size>
         <input_file_ref idref="fl-dc"/>
      </object_component>
      <object_component id="oc-1e5">
         <name>.debug_info</name>
         <load_address>0x1bbbd</load_address>
         <run_address>0x1bbbd</run_address>
         <size>0x132</size>
         <input_file_ref idref="fl-dd"/>
      </object_component>
      <object_component id="oc-1fd">
         <name>.debug_info</name>
         <load_address>0x1bcef</load_address>
         <run_address>0x1bcef</run_address>
         <size>0x132</size>
         <input_file_ref idref="fl-de"/>
      </object_component>
      <object_component id="oc-230">
         <name>.debug_info</name>
         <load_address>0x1be21</load_address>
         <run_address>0x1be21</run_address>
         <size>0x126</size>
         <input_file_ref idref="fl-df"/>
      </object_component>
      <object_component id="oc-1e9">
         <name>.debug_info</name>
         <load_address>0x1bf47</load_address>
         <run_address>0x1bf47</run_address>
         <size>0x136</size>
         <input_file_ref idref="fl-e0"/>
      </object_component>
      <object_component id="oc-1d6">
         <name>.debug_info</name>
         <load_address>0x1c07d</load_address>
         <run_address>0x1c07d</run_address>
         <size>0x124</size>
         <input_file_ref idref="fl-e1"/>
      </object_component>
      <object_component id="oc-236">
         <name>.debug_info</name>
         <load_address>0x1c1a1</load_address>
         <run_address>0x1c1a1</run_address>
         <size>0x124</size>
         <input_file_ref idref="fl-e2"/>
      </object_component>
      <object_component id="oc-41">
         <name>.debug_info</name>
         <load_address>0x1c2c5</load_address>
         <run_address>0x1c2c5</run_address>
         <size>0x111</size>
         <input_file_ref idref="fl-e3"/>
      </object_component>
      <object_component id="oc-55">
         <name>.debug_info</name>
         <load_address>0x1c3d6</load_address>
         <run_address>0x1c3d6</run_address>
         <size>0x2c9</size>
         <input_file_ref idref="fl-e4"/>
      </object_component>
      <object_component id="oc-24">
         <name>.debug_info</name>
         <load_address>0x1c69f</load_address>
         <run_address>0x1c69f</run_address>
         <size>0x1aa</size>
         <input_file_ref idref="fl-e4"/>
      </object_component>
      <object_component id="oc-50">
         <name>.debug_info</name>
         <load_address>0x1c849</load_address>
         <run_address>0x1c849</run_address>
         <size>0x46</size>
         <input_file_ref idref="fl-e4"/>
      </object_component>
      <object_component id="oc-49">
         <name>.debug_info</name>
         <load_address>0x1c88f</load_address>
         <run_address>0x1c88f</run_address>
         <size>0x2e4</size>
         <input_file_ref idref="fl-e5"/>
      </object_component>
      <object_component id="oc-1b">
         <name>.debug_info</name>
         <load_address>0x1cb73</load_address>
         <run_address>0x1cb73</run_address>
         <size>0x1df</size>
         <input_file_ref idref="fl-e5"/>
      </object_component>
      <object_component id="oc-44">
         <name>.debug_info</name>
         <load_address>0x1cd52</load_address>
         <run_address>0x1cd52</run_address>
         <size>0x46</size>
         <input_file_ref idref="fl-e5"/>
      </object_component>
      <object_component id="oc-bd">
         <name>.debug_info</name>
         <load_address>0x1cd98</load_address>
         <run_address>0x1cd98</run_address>
         <size>0x2c</size>
         <input_file_ref idref="fl-e5"/>
      </object_component>
      <object_component id="oc-bb">
         <name>.debug_info</name>
         <load_address>0x1cdc4</load_address>
         <run_address>0x1cdc4</run_address>
         <size>0x293</size>
         <input_file_ref idref="fl-e6"/>
      </object_component>
      <object_component id="oc-17">
         <name>.debug_info</name>
         <load_address>0x1d057</load_address>
         <run_address>0x1d057</run_address>
         <size>0x245</size>
         <input_file_ref idref="fl-e6"/>
      </object_component>
      <object_component id="oc-34">
         <name>.debug_info</name>
         <load_address>0x1d29c</load_address>
         <run_address>0x1d29c</run_address>
         <size>0x60</size>
         <input_file_ref idref="fl-e6"/>
      </object_component>
      <object_component id="oc-b6">
         <name>.debug_info</name>
         <load_address>0x1d2fc</load_address>
         <run_address>0x1d2fc</run_address>
         <size>0x46</size>
         <input_file_ref idref="fl-e6"/>
      </object_component>
      <object_component id="oc-31">
         <name>.debug_info</name>
         <load_address>0x1d342</load_address>
         <run_address>0x1d342</run_address>
         <size>0x100</size>
         <input_file_ref idref="fl-e8"/>
      </object_component>
      <object_component id="oc-27">
         <name>.debug_info</name>
         <load_address>0x1d442</load_address>
         <run_address>0x1d442</run_address>
         <size>0x196</size>
         <input_file_ref idref="fl-e8"/>
      </object_component>
      <object_component id="oc-23a">
         <name>.debug_info</name>
         <load_address>0x1d5d8</load_address>
         <run_address>0x1d5d8</run_address>
         <size>0xf3</size>
         <input_file_ref idref="fl-e9"/>
      </object_component>
      <object_component id="oc-28b">
         <name>.debug_info</name>
         <load_address>0x1d6cb</load_address>
         <run_address>0x1d6cb</run_address>
         <size>0x39a</size>
         <input_file_ref idref="fl-ea"/>
      </object_component>
      <object_component id="oc-288">
         <name>.debug_info</name>
         <load_address>0x1da65</load_address>
         <run_address>0x1da65</run_address>
         <size>0x12f</size>
         <input_file_ref idref="fl-ea"/>
      </object_component>
      <object_component id="oc-262">
         <name>.debug_info</name>
         <load_address>0x1db94</load_address>
         <run_address>0x1db94</run_address>
         <size>0x724</size>
         <input_file_ref idref="fl-ea"/>
      </object_component>
      <object_component id="oc-28d">
         <name>.debug_info</name>
         <load_address>0x1e2b8</load_address>
         <run_address>0x1e2b8</run_address>
         <size>0x2c</size>
         <input_file_ref idref="fl-ea"/>
      </object_component>
      <object_component id="oc-293">
         <name>.debug_info</name>
         <load_address>0x1e2e4</load_address>
         <run_address>0x1e2e4</run_address>
         <size>0x278</size>
         <input_file_ref idref="fl-eb"/>
      </object_component>
      <object_component id="oc-265">
         <name>.debug_info</name>
         <load_address>0x1e55c</load_address>
         <run_address>0x1e55c</run_address>
         <size>0x31c</size>
         <input_file_ref idref="fl-eb"/>
      </object_component>
      <object_component id="oc-27a">
         <name>.debug_info</name>
         <load_address>0x1e878</load_address>
         <run_address>0x1e878</run_address>
         <size>0x27d</size>
         <input_file_ref idref="fl-ec"/>
      </object_component>
      <object_component id="oc-25b">
         <name>.debug_info</name>
         <load_address>0x1eaf5</load_address>
         <run_address>0x1eaf5</run_address>
         <size>0x375</size>
         <input_file_ref idref="fl-ec"/>
      </object_component>
      <object_component id="oc-2ac">
         <name>.debug_info</name>
         <load_address>0x1ee6a</load_address>
         <run_address>0x1ee6a</run_address>
         <size>0x2ce</size>
         <input_file_ref idref="fl-ed"/>
      </object_component>
      <object_component id="oc-282">
         <name>.debug_info</name>
         <load_address>0x1f138</load_address>
         <run_address>0x1f138</run_address>
         <size>0x21f</size>
         <input_file_ref idref="fl-ed"/>
      </object_component>
      <object_component id="oc-2aa">
         <name>.debug_info</name>
         <load_address>0x1f357</load_address>
         <run_address>0x1f357</run_address>
         <size>0x316</size>
         <input_file_ref idref="fl-ee"/>
      </object_component>
      <object_component id="oc-27c">
         <name>.debug_info</name>
         <load_address>0x1f66d</load_address>
         <run_address>0x1f66d</run_address>
         <size>0x1d5</size>
         <input_file_ref idref="fl-ee"/>
      </object_component>
      <object_component id="oc-4b">
         <name>.debug_info</name>
         <load_address>0x1f842</load_address>
         <run_address>0x1f842</run_address>
         <size>0x13f</size>
         <input_file_ref idref="fl-ef"/>
      </object_component>
      <object_component id="oc-da">
         <name>.debug_info</name>
         <load_address>0x1f981</load_address>
         <run_address>0x1f981</run_address>
         <size>0x483</size>
         <input_file_ref idref="fl-f0"/>
      </object_component>
      <object_component id="oc-5d">
         <name>.debug_info</name>
         <load_address>0x1fe04</load_address>
         <run_address>0x1fe04</run_address>
         <size>0x190</size>
         <input_file_ref idref="fl-f0"/>
      </object_component>
      <object_component id="oc-142">
         <name>.debug_info</name>
         <load_address>0x1ff94</load_address>
         <run_address>0x1ff94</run_address>
         <size>0x39</size>
         <input_file_ref idref="fl-f0"/>
      </object_component>
      <object_component id="oc-196">
         <name>.debug_info</name>
         <load_address>0x1ffcd</load_address>
         <run_address>0x1ffcd</run_address>
         <size>0x39</size>
         <input_file_ref idref="fl-f0"/>
      </object_component>
      <object_component id="oc-147">
         <name>.debug_info</name>
         <load_address>0x20006</load_address>
         <run_address>0x20006</run_address>
         <size>0xcd</size>
         <input_file_ref idref="fl-f0"/>
      </object_component>
      <object_component id="oc-57">
         <name>.debug_info</name>
         <load_address>0x200d3</load_address>
         <run_address>0x200d3</run_address>
         <size>0x148</size>
         <input_file_ref idref="fl-f1"/>
      </object_component>
      <object_component id="oc-d6">
         <name>.debug_info</name>
         <load_address>0x2021b</load_address>
         <run_address>0x2021b</run_address>
         <size>0x145</size>
         <input_file_ref idref="fl-f2"/>
      </object_component>
      <object_component id="oc-13e">
         <name>.debug_info</name>
         <load_address>0x20360</load_address>
         <run_address>0x20360</run_address>
         <size>0x384</size>
         <input_file_ref idref="fl-f3"/>
      </object_component>
      <object_component id="oc-ce">
         <name>.debug_info</name>
         <load_address>0x206e4</load_address>
         <run_address>0x206e4</run_address>
         <size>0x183</size>
         <input_file_ref idref="fl-f3"/>
      </object_component>
      <object_component id="oc-191">
         <name>.debug_info</name>
         <load_address>0x20867</load_address>
         <run_address>0x20867</run_address>
         <size>0x2c</size>
         <input_file_ref idref="fl-f3"/>
      </object_component>
      <object_component id="oc-ea">
         <name>.debug_info</name>
         <load_address>0x20893</load_address>
         <run_address>0x20893</run_address>
         <size>0x3ce</size>
         <input_file_ref idref="fl-f4"/>
      </object_component>
      <object_component id="oc-e4">
         <name>.debug_info</name>
         <load_address>0x20c61</load_address>
         <run_address>0x20c61</run_address>
         <size>0x185</size>
         <input_file_ref idref="fl-f4"/>
      </object_component>
      <object_component id="oc-69">
         <name>.debug_info</name>
         <load_address>0x20de6</load_address>
         <run_address>0x20de6</run_address>
         <size>0x214</size>
         <input_file_ref idref="fl-f4"/>
      </object_component>
      <object_component id="oc-164">
         <name>.debug_info</name>
         <load_address>0x20ffa</load_address>
         <run_address>0x20ffa</run_address>
         <size>0x2be</size>
         <input_file_ref idref="fl-f5"/>
      </object_component>
      <object_component id="oc-e7">
         <name>.debug_info</name>
         <load_address>0x212b8</load_address>
         <run_address>0x212b8</run_address>
         <size>0x113</size>
         <input_file_ref idref="fl-f5"/>
      </object_component>
      <object_component id="oc-15d">
         <name>.debug_info</name>
         <load_address>0x213cb</load_address>
         <run_address>0x213cb</run_address>
         <size>0x21f</size>
         <input_file_ref idref="fl-f5"/>
      </object_component>
      <object_component id="oc-e2">
         <name>.debug_info</name>
         <load_address>0x215ea</load_address>
         <run_address>0x215ea</run_address>
         <size>0x300</size>
         <input_file_ref idref="fl-f6"/>
      </object_component>
      <object_component id="oc-63">
         <name>.debug_info</name>
         <load_address>0x218ea</load_address>
         <run_address>0x218ea</run_address>
         <size>0x167</size>
         <input_file_ref idref="fl-f6"/>
      </object_component>
      <object_component id="oc-155">
         <name>.debug_info</name>
         <load_address>0x21a51</load_address>
         <run_address>0x21a51</run_address>
         <size>0x5e</size>
         <input_file_ref idref="fl-f6"/>
      </object_component>
      <object_component id="oc-2a5">
         <name>.debug_info</name>
         <load_address>0x21aaf</load_address>
         <run_address>0x21aaf</run_address>
         <size>0x156</size>
         <input_file_ref idref="fl-f7"/>
      </object_component>
      <object_component id="oc-2e2">
         <name>.debug_info</name>
         <load_address>0x21c05</load_address>
         <run_address>0x21c05</run_address>
         <size>0xc1</size>
      </object_component>
      <object_component id="oc-1c4">
         <name>.debug_line</name>
         <load_address>0x0</load_address>
         <run_address>0x0</run_address>
         <size>0x20</size>
         <input_file_ref idref="fl-2"/>
      </object_component>
      <object_component id="oc-215">
         <name>.debug_line</name>
         <load_address>0x20</load_address>
         <run_address>0x20</run_address>
         <size>0x2f</size>
         <input_file_ref idref="fl-2"/>
      </object_component>
      <object_component id="oc-19c">
         <name>.debug_line</name>
         <load_address>0x4f</load_address>
         <run_address>0x4f</run_address>
         <size>0x61</size>
         <input_file_ref idref="fl-2"/>
      </object_component>
      <object_component id="oc-134">
         <name>.debug_line</name>
         <load_address>0xb0</load_address>
         <run_address>0xb0</run_address>
         <size>0x78</size>
         <input_file_ref idref="fl-2"/>
      </object_component>
      <object_component id="oc-12f">
         <name>.debug_line</name>
         <load_address>0x128</load_address>
         <run_address>0x128</run_address>
         <size>0x7b</size>
         <input_file_ref idref="fl-2"/>
      </object_component>
      <object_component id="oc-13b">
         <name>.debug_line</name>
         <load_address>0x1a3</load_address>
         <run_address>0x1a3</run_address>
         <size>0x20</size>
         <input_file_ref idref="fl-2"/>
      </object_component>
      <object_component id="oc-111">
         <name>.debug_line</name>
         <load_address>0x1c3</load_address>
         <run_address>0x1c3</run_address>
         <size>0x65</size>
         <input_file_ref idref="fl-2"/>
      </object_component>
      <object_component id="oc-17a">
         <name>.debug_line</name>
         <load_address>0x228</load_address>
         <run_address>0x228</run_address>
         <size>0x79</size>
         <input_file_ref idref="fl-2"/>
      </object_component>
      <object_component id="oc-1c8">
         <name>.debug_line</name>
         <load_address>0x2a1</load_address>
         <run_address>0x2a1</run_address>
         <size>0x7a</size>
         <input_file_ref idref="fl-2"/>
      </object_component>
      <object_component id="oc-183">
         <name>.debug_line</name>
         <load_address>0x31b</load_address>
         <run_address>0x31b</run_address>
         <size>0x3cc</size>
         <input_file_ref idref="fl-3"/>
      </object_component>
      <object_component id="oc-211">
         <name>.debug_line</name>
         <load_address>0x6e7</load_address>
         <run_address>0x6e7</run_address>
         <size>0x37</size>
         <input_file_ref idref="fl-3"/>
      </object_component>
      <object_component id="oc-213">
         <name>.debug_line</name>
         <load_address>0x71e</load_address>
         <run_address>0x71e</run_address>
         <size>0x37</size>
         <input_file_ref idref="fl-3"/>
      </object_component>
      <object_component id="oc-1b1">
         <name>.debug_line</name>
         <load_address>0x755</load_address>
         <run_address>0x755</run_address>
         <size>0x64</size>
         <input_file_ref idref="fl-3"/>
      </object_component>
      <object_component id="oc-150">
         <name>.debug_line</name>
         <load_address>0x7b9</load_address>
         <run_address>0x7b9</run_address>
         <size>0x65</size>
         <input_file_ref idref="fl-3"/>
      </object_component>
      <object_component id="oc-df">
         <name>.debug_line</name>
         <load_address>0x81e</load_address>
         <run_address>0x81e</run_address>
         <size>0x45</size>
         <input_file_ref idref="fl-3"/>
      </object_component>
      <object_component id="oc-a3">
         <name>.debug_line</name>
         <load_address>0x863</load_address>
         <run_address>0x863</run_address>
         <size>0x46</size>
         <input_file_ref idref="fl-3"/>
      </object_component>
      <object_component id="oc-a9">
         <name>.debug_line</name>
         <load_address>0x8a9</load_address>
         <run_address>0x8a9</run_address>
         <size>0x46</size>
         <input_file_ref idref="fl-3"/>
      </object_component>
      <object_component id="oc-af">
         <name>.debug_line</name>
         <load_address>0x8ef</load_address>
         <run_address>0x8ef</run_address>
         <size>0x4c</size>
         <input_file_ref idref="fl-3"/>
      </object_component>
      <object_component id="oc-9d">
         <name>.debug_line</name>
         <load_address>0x93b</load_address>
         <run_address>0x93b</run_address>
         <size>0x4c</size>
         <input_file_ref idref="fl-3"/>
      </object_component>
      <object_component id="oc-85">
         <name>.debug_line</name>
         <load_address>0x987</load_address>
         <run_address>0x987</run_address>
         <size>0x55</size>
         <input_file_ref idref="fl-3"/>
      </object_component>
      <object_component id="oc-8b">
         <name>.debug_line</name>
         <load_address>0x9dc</load_address>
         <run_address>0x9dc</run_address>
         <size>0x4c</size>
         <input_file_ref idref="fl-3"/>
      </object_component>
      <object_component id="oc-91">
         <name>.debug_line</name>
         <load_address>0xa28</load_address>
         <run_address>0xa28</run_address>
         <size>0x4d</size>
         <input_file_ref idref="fl-3"/>
      </object_component>
      <object_component id="oc-97">
         <name>.debug_line</name>
         <load_address>0xa75</load_address>
         <run_address>0xa75</run_address>
         <size>0x72</size>
         <input_file_ref idref="fl-3"/>
      </object_component>
      <object_component id="oc-187">
         <name>.debug_line</name>
         <load_address>0xae7</load_address>
         <run_address>0xae7</run_address>
         <size>0x78</size>
         <input_file_ref idref="fl-3"/>
      </object_component>
      <object_component id="oc-175">
         <name>.debug_line</name>
         <load_address>0xb5f</load_address>
         <run_address>0xb5f</run_address>
         <size>0x7b</size>
         <input_file_ref idref="fl-3"/>
      </object_component>
      <object_component id="oc-c8">
         <name>.debug_line</name>
         <load_address>0xbda</load_address>
         <run_address>0xbda</run_address>
         <size>0x65</size>
         <input_file_ref idref="fl-3"/>
      </object_component>
      <object_component id="oc-18c">
         <name>.debug_line</name>
         <load_address>0xc3f</load_address>
         <run_address>0xc3f</run_address>
         <size>0x32</size>
         <input_file_ref idref="fl-3"/>
      </object_component>
      <object_component id="oc-3c">
         <name>.debug_line</name>
         <load_address>0xc71</load_address>
         <run_address>0xc71</run_address>
         <size>0x20</size>
         <input_file_ref idref="fl-4"/>
      </object_component>
      <object_component id="oc-f0">
         <name>.debug_line</name>
         <load_address>0xc91</load_address>
         <run_address>0xc91</run_address>
         <size>0x66</size>
         <input_file_ref idref="fl-5"/>
      </object_component>
      <object_component id="oc-12b">
         <name>.debug_line</name>
         <load_address>0xcf7</load_address>
         <run_address>0xcf7</run_address>
         <size>0xa6</size>
         <input_file_ref idref="fl-6"/>
      </object_component>
      <object_component id="oc-b2">
         <name>.debug_line</name>
         <load_address>0xd9d</load_address>
         <run_address>0xd9d</run_address>
         <size>0x44</size>
         <input_file_ref idref="fl-6"/>
      </object_component>
      <object_component id="oc-74">
         <name>.debug_line</name>
         <load_address>0xde1</load_address>
         <run_address>0xde1</run_address>
         <size>0x5d</size>
         <input_file_ref idref="fl-6"/>
      </object_component>
      <object_component id="oc-f8">
         <name>.debug_line</name>
         <load_address>0xe3e</load_address>
         <run_address>0xe3e</run_address>
         <size>0x61</size>
         <input_file_ref idref="fl-6"/>
      </object_component>
      <object_component id="oc-80">
         <name>.debug_line</name>
         <load_address>0xe9f</load_address>
         <run_address>0xe9f</run_address>
         <size>0x5c</size>
         <input_file_ref idref="fl-6"/>
      </object_component>
      <object_component id="oc-7a">
         <name>.debug_line</name>
         <load_address>0xefb</load_address>
         <run_address>0xefb</run_address>
         <size>0x5c</size>
         <input_file_ref idref="fl-6"/>
      </object_component>
      <object_component id="oc-249">
         <name>.debug_line</name>
         <load_address>0xf57</load_address>
         <run_address>0xf57</run_address>
         <size>0xcd</size>
         <input_file_ref idref="fl-9"/>
      </object_component>
      <object_component id="oc-256">
         <name>.debug_line</name>
         <load_address>0x1024</load_address>
         <run_address>0x1024</run_address>
         <size>0x36</size>
         <input_file_ref idref="fl-9"/>
      </object_component>
      <object_component id="oc-252">
         <name>.debug_line</name>
         <load_address>0x105a</load_address>
         <run_address>0x105a</run_address>
         <size>0x36</size>
         <input_file_ref idref="fl-9"/>
      </object_component>
      <object_component id="oc-254">
         <name>.debug_line</name>
         <load_address>0x1090</load_address>
         <run_address>0x1090</run_address>
         <size>0x36</size>
         <input_file_ref idref="fl-9"/>
      </object_component>
      <object_component id="oc-250">
         <name>.debug_line</name>
         <load_address>0x10c6</load_address>
         <run_address>0x10c6</run_address>
         <size>0x36</size>
         <input_file_ref idref="fl-9"/>
      </object_component>
      <object_component id="oc-1ab">
         <name>.debug_line</name>
         <load_address>0x10fc</load_address>
         <run_address>0x10fc</run_address>
         <size>0xd7</size>
         <input_file_ref idref="fl-9"/>
      </object_component>
      <object_component id="oc-24d">
         <name>.debug_line</name>
         <load_address>0x11d3</load_address>
         <run_address>0x11d3</run_address>
         <size>0x3a</size>
         <input_file_ref idref="fl-9"/>
      </object_component>
      <object_component id="oc-16b">
         <name>.debug_line</name>
         <load_address>0x120d</load_address>
         <run_address>0x120d</run_address>
         <size>0x84</size>
         <input_file_ref idref="fl-a"/>
      </object_component>
      <object_component id="oc-16d">
         <name>.debug_line</name>
         <load_address>0x1291</load_address>
         <run_address>0x1291</run_address>
         <size>0x84</size>
         <input_file_ref idref="fl-b"/>
      </object_component>
      <object_component id="oc-16f">
         <name>.debug_line</name>
         <load_address>0x1315</load_address>
         <run_address>0x1315</run_address>
         <size>0x84</size>
         <input_file_ref idref="fl-c"/>
      </object_component>
      <object_component id="oc-17d">
         <name>.debug_line</name>
         <load_address>0x1399</load_address>
         <run_address>0x1399</run_address>
         <size>0xdd</size>
         <input_file_ref idref="fl-d"/>
      </object_component>
      <object_component id="oc-171">
         <name>.debug_line</name>
         <load_address>0x1476</load_address>
         <run_address>0x1476</run_address>
         <size>0xdd</size>
         <input_file_ref idref="fl-e"/>
      </object_component>
      <object_component id="oc-181">
         <name>.debug_line</name>
         <load_address>0x1553</load_address>
         <run_address>0x1553</run_address>
         <size>0x1ee</size>
         <input_file_ref idref="fl-10"/>
      </object_component>
      <object_component id="oc-17f">
         <name>.debug_line</name>
         <load_address>0x1741</load_address>
         <run_address>0x1741</run_address>
         <size>0xdc</size>
         <input_file_ref idref="fl-11"/>
      </object_component>
      <object_component id="oc-299">
         <name>.debug_line</name>
         <load_address>0x181d</load_address>
         <run_address>0x181d</run_address>
         <size>0x8b</size>
         <input_file_ref idref="fl-1a"/>
      </object_component>
      <object_component id="oc-21d">
         <name>.debug_line</name>
         <load_address>0x18a8</load_address>
         <run_address>0x18a8</run_address>
         <size>0x51</size>
[...]
      <symbol id="sm-13a">
         <name>test_data_input</name>
         <value>0x20000000</value>
         <object_component_ref idref="oc-1b9"/>
      </symbol>
      <symbol id="sm-13b">
         <name>test_data_output</name>
         <value>0x34b0</value>
         <object_component_ref idref="oc-1bc"/>
      </symbol>
      <symbol id="sm-13c">
         <name>PORT2_IRQHandler</name>
         <value>0x31a5</value>
         <object_component_ref idref="oc-ab"/>
      </symbol>
      <symbol id="sm-13d">
         <name>EUSCIA1_IRQHandler</name>
         <value>0x3155</value>
         <object_component_ref idref="oc-87"/>
      </symbol>
      <symbol id="sm-13e">
         <name>EUSCIA2_IRQHandler</name>
         <value>0x30ad</value>
         <object_component_ref idref="oc-8d"/>
      </symbol>
      <symbol id="sm-13f">
         <name>EUSCIB0_IRQHandler</name>
         <value>0x25ed</value>
         <object_component_ref idref="oc-93"/>
      </symbol>
      <symbol id="sm-140">
         <name>main</name>
         <value>0x34a3</value>
         <object_component_ref idref="oc-db"/>
      </symbol>
      <symbol id="sm-141">
         <name>ADC14_IRQHandler</name>
         <value>0x323d</value>
         <object_component_ref idref="oc-99"/>
      </symbol>
      <symbol id="sm-142">
         <name>max_index</name>
         <value>0x3045</value>
         <object_component_ref idref="oc-1ad"/>
      </symbol>
      <symbol id="sm-143">
         <name>EUSCIA0_IRQHandler</name>
         <value>0x2f71</value>
         <object_component_ref idref="oc-81"/>
      </symbol>
      <symbol id="sm-144">
         <name>T32_INT1_IRQHandler</name>
         <value>0x339d</value>
         <object_component_ref idref="oc-9f"/>
      </symbol>
      <symbol id="sm-15d">
         <name>SystemInit</name>
         <value>0x2e19</value>
         <object_component_ref idref="oc-ec"/>
      </symbol>
      <symbol id="sm-189">
         <name>Reset_Handler</name>
         <value>0x348b</value>
         <object_component_ref idref="oc-6f"/>
      </symbol>
      <symbol id="sm-18a">
         <name>Default_Handler</name>
         <value>0x3415</value>
         <object_component_ref idref="oc-75"/>
      </symbol>
      <symbol id="sm-18b">
         <name>Exception_Handler</name>
         <value>0x342b</value>
         <object_component_ref idref="oc-7b"/>
      </symbol>
      <symbol id="sm-18c">
         <name>interruptVectors</name>
         <value>0x0</value>
         <object_component_ref idref="oc-2d"/>
      </symbol>
      <symbol id="sm-18d">
         <name>prvGetRegistersFromStack</name>
         <value>0x32cd</value>
         <object_component_ref idref="oc-f3"/>
      </symbol>
      <symbol id="sm-248">
         <name>neuron_values</name>
         <value>0x20006b80</value>
      </symbol>
      <symbol id="sm-249">
         <name>fann_run</name>
         <value>0xe5</value>
         <object_component_ref idref="oc-1a7"/>
      </symbol>
      <symbol id="sm-24a">
         <name>fann_neurons</name>
         <value>0x20006448</value>
         <object_component_ref idref="oc-1f3"/>
      </symbol>
      <symbol id="sm-24b">
         <name>fann_layers</name>
         <value>0x20006b48</value>
         <object_component_ref idref="oc-1f0"/>
      </symbol>
      <symbol id="sm-24c">
         <name>network_type</name>
         <value>0x3f5c</value>
         <object_component_ref idref="oc-1f9"/>
      </symbol>
      <symbol id="sm-24d">
         <name>fann_weights</name>
         <value>0x2000355c</value>
         <object_component_ref idref="oc-1f6"/>
      </symbol>
      <symbol id="sm-2a4">
         <name>GPIO_setOutputHighOnPin</name>
         <value>0x3441</value>
         <object_component_ref idref="oc-1a1"/>
      </symbol>
      <symbol id="sm-2a5">
         <name>GPIO_setOutputLowOnPin</name>
         <value>0x33e5</value>
         <object_component_ref idref="oc-1b3"/>
      </symbol>
      <symbol id="sm-2ef">
         <name>expl</name>
         <value>0x1c85</value>
         <object_component_ref idref="oc-1d8"/>
      </symbol>
      <symbol id="sm-2f0">
         <name>exp</name>
         <value>0x1c85</value>
         <object_component_ref idref="oc-1d8"/>
      </symbol>
      <symbol id="sm-342">
         <name>cosl</name>
         <value>0x10e5</value>
         <object_component_ref idref="oc-207"/>
      </symbol>
      <symbol id="sm-343">
         <name>cos</name>
         <value>0x10e5</value>
         <object_component_ref idref="oc-207"/>
      </symbol>
      <symbol id="sm-38f">
         <name>sin</name>
         <value>0x16c1</value>
         <object_component_ref idref="oc-201"/>
      </symbol>
      <symbol id="sm-390">
         <name>sinl</name>
         <value>0x16c1</value>
         <object_component_ref idref="oc-201"/>
      </symbol>
      <symbol id="sm-3a8">
         <name>__aeabi_dsub</name>
         <value>0x1fb1</value>
         <object_component_ref idref="oc-1de"/>
      </symbol>
      <symbol id="sm-3a9">
         <name>__aeabi_dadd</name>
         <value>0x1fbb</value>
         <object_component_ref idref="oc-1de"/>
      </symbol>
      <symbol id="sm-3cb">
         <name>__aeabi_cdcmpeq</name>
         <value>0x2c91</value>
         <object_component_ref idref="oc-22a"/>
      </symbol>
      <symbol id="sm-3cc">
         <name>__aeabi_cdcmple</name>
         <value>0x2c91</value>
         <object_component_ref idref="oc-22a"/>
      </symbol>
      <symbol id="sm-3cd">
         <name>__aeabi_cdrcmple</name>
         <value>0x2d17</value>
         <object_component_ref idref="oc-225"/>
      </symbol>
      <symbol id="sm-3e1">
         <name>__aeabi_ddiv</name>
         <value>0x2735</value>
         <object_component_ref idref="oc-1e3"/>
      </symbol>
      <symbol id="sm-3ec">
         <name>__aeabi_dmul</name>
         <value>0x286b</value>
         <object_component_ref idref="oc-1fc"/>
      </symbol>
      <symbol id="sm-3f6">
         <name>__aeabi_d2iz</name>
         <value>0x3285</value>
         <object_component_ref idref="oc-22f"/>
      </symbol>
      <symbol id="sm-402">
         <name>__aeabi_d2f</name>
         <value>0x2f01</value>
         <object_component_ref idref="oc-1e8"/>
      </symbol>
      <symbol id="sm-40d">
         <name>__aeabi_f2d</name>
         <value>0x3305</value>
         <object_component_ref idref="oc-1d3"/>
      </symbol>
      <symbol id="sm-417">
         <name>__aeabi_i2d</name>
         <value>0x336d</value>
         <object_component_ref idref="oc-234"/>
      </symbol>
      <symbol id="sm-432">
         <name>memcpy</name>
         <value>0x2b5d</value>
         <object_component_ref idref="oc-3e"/>
      </symbol>
      <symbol id="sm-433">
         <name>__aeabi_memcpy</name>
         <value>0x2b5d</value>
         <object_component_ref idref="oc-3e"/>
      </symbol>
      <symbol id="sm-434">
         <name>__aeabi_memcpy8</name>
         <value>0x2b5d</value>
         <object_component_ref idref="oc-3e"/>
      </symbol>
      <symbol id="sm-435">
         <name>__aeabi_memcpy4</name>
         <value>0x2b5d</value>
         <object_component_ref idref="oc-3e"/>
      </symbol>
      <symbol id="sm-447">
         <name>__TI_zero_init</name>
         <value>0x3497</value>
         <object_component_ref idref="oc-20"/>
      </symbol>
      <symbol id="sm-45e">
         <name>__TI_decompress_none</name>
         <value>0x347d</value>
         <object_component_ref idref="oc-1a"/>
      </symbol>
      <symbol id="sm-47c">
         <name>__TI_decompress_lzss</name>
         <value>0x2fdd</value>
         <object_component_ref idref="oc-14"/>
      </symbol>
      <symbol id="sm-490">
         <name>_c_int00</name>
         <value>0x333d</value>
         <object_component_ref idref="oc-26"/>
      </symbol>
      <symbol id="sm-491">
         <name>__stack</name>
         <value>0x2000fe00</value>
         <object_component_ref idref="oc-30"/>
      </symbol>
      <symbol id="sm-499">
         <name>errno</name>
         <value>0x20006b7c</value>
         <object_component_ref idref="oc-239"/>
      </symbol>
      <symbol id="sm-502">
         <name>__kernel_rem_pio2</name>
         <value>0x9ad</value>
         <object_component_ref idref="oc-25e"/>
      </symbol>
      <symbol id="sm-518">
         <name>__kernel_cos</name>
         <value>0x2481</value>
         <object_component_ref idref="oc-264"/>
      </symbol>
      <symbol id="sm-52f">
         <name>__kernel_sin</name>
         <value>0x230d</value>
         <object_component_ref idref="oc-258"/>
      </symbol>
      <symbol id="sm-54c">
         <name>floorl</name>
         <value>0x2a65</value>
         <object_component_ref idref="oc-281"/>
      </symbol>
      <symbol id="sm-54d">
         <name>floor</name>
         <value>0x2a65</value>
         <object_component_ref idref="oc-281"/>
      </symbol>
      <symbol id="sm-56a">
         <name>scalbn</name>
         <value>0x2969</value>
         <object_component_ref idref="oc-27b"/>
      </symbol>
      <symbol id="sm-56b">
         <name>scalbnl</name>
         <value>0x2969</value>
         <object_component_ref idref="oc-27b"/>
      </symbol>
      <symbol id="sm-56c">
         <name>ldexpl</name>
         <value>0x2969</value>
         <object_component_ref idref="oc-27b"/>
      </symbol>
      <symbol id="sm-56d">
         <name>ldexp</name>
         <value>0x2969</value>
         <object_component_ref idref="oc-27b"/>
      </symbol>
      <symbol id="sm-57c">
         <name>__aeabi_memset</name>
         <value>0x2d9f</value>
         <object_component_ref idref="oc-4a"/>
      </symbol>
      <symbol id="sm-57d">
         <name>memset</name>
         <value>0x2da5</value>
         <object_component_ref idref="oc-4a"/>
      </symbol>
      <symbol id="sm-57e">
         <name>__aeabi_memset8</name>
         <value>0x2d9f</value>
         <object_component_ref idref="oc-4a"/>
      </symbol>
      <symbol id="sm-57f">
         <name>__aeabi_memset4</name>
         <value>0x2d9f</value>
         <object_component_ref idref="oc-4a"/>
      </symbol>
      <symbol id="sm-580">
         <name>__aeabi_memclr8</name>
         <value>0x2d9d</value>
         <object_component_ref idref="oc-4a"/>
      </symbol>
      <symbol id="sm-581">
         <name>__aeabi_memclr4</name>
         <value>0x2d9d</value>
         <object_component_ref idref="oc-4a"/>
      </symbol>
      <symbol id="sm-582">
         <name>__aeabi_memclr</name>
         <value>0x2d9d</value>
         <object_component_ref idref="oc-4a"/>
      </symbol>
      <symbol id="sm-5ac">
         <name>__TI_auto_init</name>
         <value>0x2e91</value>
         <object_component_ref idref="oc-5c"/>
      </symbol>
      <symbol id="sm-5b6">
         <name>_system_pre_init</name>
         <value>0x34ad</value>
         <object_component_ref idref="oc-56"/>
      </symbol>
      <symbol id="sm-5c0">
         <name>_system_post_cinit</name>
         <value>0x2167</value>
         <object_component_ref idref="oc-d3"/>
      </symbol>
      <symbol id="sm-5da">
         <name>copy_in</name>
         <value>0x31f1</value>
         <object_component_ref idref="oc-cd"/>
      </symbol>
      <symbol id="sm-5fb">
         <name>C$$EXIT</name>
         <value>0x3101</value>
         <object_component_ref idref="oc-68"/>
      </symbol>
      <symbol id="sm-5fc">
         <name>abort</name>
         <value>0x3105</value>
         <object_component_ref idref="oc-68"/>
      </symbol>
      <symbol id="sm-5fd">
         <name>exit</name>
         <value>0x310d</value>
         <object_component_ref idref="oc-68"/>
      </symbol>
      <symbol id="sm-5fe">
         <name>__TI_dtors_ptr</name>
         <value>0x20006b6c</value>
         <object_component_ref idref="oc-e3"/>
      </symbol>
      <symbol id="sm-5ff">
         <name>__TI_cleanup_ptr</name>
         <value>0x20006b68</value>
         <object_component_ref idref="oc-e3"/>
      </symbol>
      <symbol id="sm-600">
         <name>__TI_enable_exit_profile_output</name>
         <value>0x20006b70</value>
         <object_component_ref idref="oc-e3"/>
      </symbol>
      <symbol id="sm-619">
         <name>_nop</name>
         <value>0x3463</value>
         <object_component_ref idref="oc-15c"/>
      </symbol>
      <symbol id="sm-61a">
         <name>_lock</name>
         <value>0x20006b74</value>
         <object_component_ref idref="oc-e6"/>
      </symbol>
      <symbol id="sm-61b">
         <name>_unlock</name>
         <value>0x20006b78</value>
         <object_component_ref idref="oc-e6"/>
      </symbol>
      <symbol id="sm-61c">
         <name>_register_lock</name>
         <value>0x345b</value>
         <object_component_ref idref="oc-15c"/>
      </symbol>
      <symbol id="sm-61d">
         <name>_register_unlock</name>
         <value>0x3455</value>
         <object_component_ref idref="oc-15c"/>
      </symbol>
      <symbol id="sm-631">
         <name>_args_main</name>
         <value>0x33fd</value>
         <object_component_ref idref="oc-62"/>
      </symbol>
      <symbol id="sm-63b">
         <name>copysign</name>
         <value>0x3469</value>
         <object_component_ref idref="oc-2a3"/>
      </symbol>
      <symbol id="sm-63c">
         <name>copysignl</name>
         <value>0x3469</value>
         <object_component_ref idref="oc-2a3"/>
      </symbol>
      <symbol id="sm-63d">
         <name>__TI_static_base__</name>
         <value>0x0</value>
      </symbol>
      <symbol id="sm-640">
         <name>arm_fill_f32</name>
         <value>0x0</value>
      </symbol>
      <symbol id="sm-641">
         <name>arm_copy_f32</name>
         <value>0x0</value>
      </symbol>
      <symbol id="sm-642">
         <name>arm_dot_prod_f32</name>
         <value>0x0</value>
      </symbol>
      <symbol id="sm-643">
         <name>__mpu_init</name>
         <value>0x0</value>
      </symbol>
      <symbol id="sm-644">
         <name>SHT$$INIT_ARRAY$$Limit</name>
         <value>0x0</value>
      </symbol>
      <symbol id="sm-645">
         <name>SHT$$INIT_ARRAY$$Base</name>
         <value>0x0</value>
      </symbol>
      <symbol id="sm-646">
         <name>NMI_Handler</name>
         <value>0x3415</value>
      </symbol>
      <symbol id="sm-647">
         <name>HardFault_Handler</name>
         <value>0x342b</value>
      </symbol>
      <symbol id="sm-648">
         <name>MemManage_Handler</name>
         <value>0x3415</value>
      </symbol>
      <symbol id="sm-649">
         <name>BusFault_Handler</name>
         <value>0x3415</value>
      </symbol>
      <symbol id="sm-64a">
         <name>UsageFault_Handler</name>
         <value>0x3415</value>
      </symbol>
      <symbol id="sm-64b">
         <name>SVC_Handler</name>
         <value>0x3415</value>
      </symbol>
      <symbol id="sm-64c">
         <name>DebugMon_Handler</name>
         <value>0x3415</value>
      </symbol>
      <symbol id="sm-64d">
         <name>PendSV_Handler</name>
         <value>0x3415</value>
      </symbol>
      <symbol id="sm-64e">
         <name>SysTick_Handler</name>
         <value>0x3415</value>
      </symbol>
      <symbol id="sm-64f">
         <name>PSS_IRQHandler</name>
         <value>0x3415</value>
      </symbol>
      <symbol id="sm-650">
         <name>CS_IRQHandler</name>
         <value>0x3415</value>
      </symbol>
      <symbol id="sm-651">
         <name>PCM_IRQHandler</name>
         <value>0x3415</value>
      </symbol>
      <symbol id="sm-652">
         <name>WDT_A_IRQHandler</name>
         <value>0x3415</value>
      </symbol>
      <symbol id="sm-653">
         <name>FPU_IRQHandler</name>
         <value>0x3415</value>
      </symbol>
      <symbol id="sm-654">
         <name>FLCTL_IRQHandler</name>
         <value>0x3415</value>
      </symbol>
      <symbol id="sm-655">
         <name>COMP_E0_IRQHandler</name>
         <value>0x3415</value>
      </symbol>
      <symbol id="sm-656">
         <name>COMP_E1_IRQHandler</name>
         <value>0x3415</value>
      </symbol>
      <symbol id="sm-657">
         <name>TA0_0_IRQHandler</name>
         <value>0x3415</value>
      </symbol>
      <symbol id="sm-658">
         <name>TA0_N_IRQHandler</name>
         <value>0x3415</value>
      </symbol>
      <symbol id="sm-659">
         <name>TA1_0_IRQHandler</name>
         <value>0x3415</value>
      </symbol>
      <symbol id="sm-65a">
         <name>TA1_N_IRQHandler</name>
         <value>0x3415</value>
      </symbol>
      <symbol id="sm-65b">
         <name>TA2_0_IRQHandler</name>
         <value>0x3415</value>
      </symbol>
      <symbol id="sm-65c">
         <name>TA2_N_IRQHandler</name>
         <value>0x3415</value>
      </symbol>
      <symbol id="sm-65d">
         <name>TA3_0_IRQHandler</name>
         <value>0x3415</value>
      </symbol>
      <symbol id="sm-65e">
         <name>TA3_N_IRQHandler</name>
         <value>0x3415</value>
      </symbol>
      <symbol id="sm-65f">
         <name>EUSCIA0_IRQHandler</name>
         <value>0x2f71</value>
      </symbol>
      <symbol id="sm-660">
         <name>EUSCIA1_IRQHandler</name>
         <value>0x3155</value>
      </symbol>
      <symbol id="sm-661">
         <name>EUSCIA2_IRQHandler</name>
         <value>0x30ad</value>
      </symbol>
      <symbol id="sm-662">
         <name>EUSCIA3_IRQHandler</name>
         <value>0x3415</value>
      </symbol>
      <symbol id="sm-663">
         <name>EUSCIB0_IRQHandler</name>
         <value>0x25ed</value>
      </symbol>
      <symbol id="sm-664">
         <name>EUSCIB1_IRQHandler</name>
         <value>0x3415</value>
      </symbol>
      <symbol id="sm-665">
         <name>EUSCIB2_IRQHandler</name>
         <value>0x3415</value>
      </symbol>
      <symbol id="sm-666">
         <name>EUSCIB3_IRQHandler</name>
         <value>0x3415</value>
      </symbol>
      <symbol id="sm-667">
         <name>ADC14_IRQHandler</name>
         <value>0x323d</value>
      </symbol>
      <symbol id="sm-668">
         <name>T32_INT1_IRQHandler</name>
         <value>0x339d</value>
      </symbol>
      <symbol id="sm-669">
         <name>T32_INT2_IRQHandler</name>
         <value>0x33c1</value>
      </symbol>
      <symbol id="sm-66a">
         <name>T32_INTC_IRQHandler</name>
         <value>0x3415</value>
      </symbol>
      <symbol id="sm-66b">
         <name>AES256_IRQHandler</name>
         <value>0x3415</value>
      </symbol>
      <symbol id="sm-66c">
         <name>RTC_C_IRQHandler</name>
         <value>0x3415</value>
      </symbol>
      <symbol id="sm-66d">
         <name>DMA_ERR_IRQHandler</name>
         <value>0x3415</value>
      </symbol>
      <symbol id="sm-66e">
         <name>DMA_INT3_IRQHandler</name>
         <value>0x3415</value>
      </symbol>
      <symbol id="sm-66f">
         <name>DMA_INT2_IRQHandler</name>
         <value>0x3415</value>
      </symbol>
      <symbol id="sm-670">
         <name>DMA_INT1_IRQHandler</name>
         <value>0x3415</value>
      </symbol>
      <symbol id="sm-671">
         <name>DMA_INT0_IRQHandler</name>
         <value>0x3415</value>
      </symbol>
      <symbol id="sm-672">
         <name>PORT1_IRQHandler</name>
         <value>0x3415</value>
      </symbol>
      <symbol id="sm-673">
         <name>PORT2_IRQHandler</name>
         <value>0x31a5</value>
      </symbol>
      <symbol id="sm-674">
         <name>PORT3_IRQHandler</name>
         <value>0x3415</value>
      </symbol>
      <symbol id="sm-675">
         <name>PORT4_IRQHandler</name>
         <value>0x3415</value>
      </symbol>
      <symbol id="sm-676">
         <name>PORT5_IRQHandler</name>
         <value>0x3415</value>
      </symbol>
      <symbol id="sm-677">
         <name>PORT6_IRQHandler</name>
         <value>0x3415</value>
      </symbol>
   </symbol_table>
   <title>Link errors: red sections failed placement</title>
</link_info>
