******************************************************************************
                  TI ARM Linker PC v17.6.0                     
******************************************************************************
>> Linked Mon May 28 21:35:49 2018

OUTPUT FILE NAME:   <semester-thesis-testbench.out>
ENTRY POINT SYMBOL: "_c_int00"  address: 0000314d


MEMORY CONFIGURATION

         name            origin    length      used     unused   attr    fill
----------------------  --------  ---------  --------  --------  ----  --------
  MAIN                  00000000   00040000  0000c0c4  00033f3c  R  X
  INFO                  00200000   00004000  00000000  00004000  R  X
  SRAM_CODE             01000000   00010000  00009736  000068ca  RW X
  SRAM_DATA             20000000   00010000  00009736  000068ca  RW  


SEGMENT ALLOCATION MAP

run origin  load origin   length   init length attrs members
----------  ----------- ---------- ----------- ----- -------
00000000    00000000    0000c0d0   0000c0d0    r-x
  00000000    00000000    000000e4   000000e4    r-- .intvecs
  000000e8    000000e8    000031fc   000031fc    r-x .text
  000032e8    000032e8    00000c9c   00000c9c    r-- .const
  00003f88    00003f88    00008148   00008148    r-- .cinit
20000000    20000000    00009536   00000000    rw-
  20000000    20000000    000094d4   00000000    rw- .data
  200094d4    200094d4    00000062   00000000    rw- .bss
2000fe00    2000fe00    00000200   00000000    rw-
  2000fe00    2000fe00    00000200   00000000    rw- .stack


SECTION ALLOCATION MAP

 output                                  attributes/
section   page    origin      length       input sections
--------  ----  ----------  ----------   ----------------
.intvecs   0    00000000    000000e4     
                  00000000    000000e4     startup_msp432p401r_ccs.obj (.intvecs:retain)

.text      0    000000e8    000031fc     
                  000000e8    00000aca     main.obj (.text:test2)
                  00000bb2    00000002     rtsv7M4_T_le_v4SPD16_eabi.lib : _lock.obj (.text)
                  00000bb4    000005d8                                   : s_cos.obj (.text)
                  0000118c    000005d4                                   : k_rem_pio2.obj (.text)
                  00001760    000005c0                                   : s_sin.obj (.text)
                  00001d20    0000032c                                   : e_exp.obj (.text)
                  0000204c    000001b6                                   : fd_add_t2.obj (.text)
                  00002202    00000004                                   : pre_init.obj (.text)
                  00002206    00000002                                   : startup.obj (.text)
                  00002208    00000186     main.obj (.text:EUSCIB0_IRQHandler)
                  0000238e    00000002     --HOLE-- [fill = 0]
                  00002390    00000174     rtsv7M4_T_le_v4SPD16_eabi.lib : k_sin.obj (.text)
                  00002504    0000016c                                   : k_cos.obj (.text)
                  00002670    00000136                                   : fd_div_t2.obj (.text)
                  000027a6    000000fc                                   : fd_mul_t2.obj (.text)
                  000028a2    00000002     --HOLE-- [fill = 0]
                  000028a4    000000fc                                   : s_scalbn.obj (.text)
                  000029a0    000000f8                                   : s_floor.obj (.text)
                  00002a98    0000009c                                   : memcpy_t2.obj (.text)
                  00002b34    00000086                                   : fd_cmp_t2.obj (.text:__aeabi_cdcmple)
                  00002bba    00000086                                   : fd_cmp_t2.obj (.text:__aeabi_cdrcmple)
                  00002c40    0000007a                                   : memset_t2.obj (.text)
                  00002cba    00000002     --HOLE-- [fill = 0]
                  00002cbc    00000070                                   : autoinit.obj (.text)
                  00002d2c    00000004     --HOLE-- [fill = 0]
                  00002d30    0000006e     main.obj (.text:EUSCIA0_IRQHandler)
                  00002d9e    00000002     --HOLE-- [fill = 0]
                  00002da0    0000006e     system_msp432p401r.obj (.text:SystemInit)
                  00002e0e    0000006e     rtsv7M4_T_le_v4SPD16_eabi.lib : fd_tos_t2.obj (.text)
                  00002e7c    00000068                                   : copy_decompress_lzss.obj (.text:decompress:lzss)
                  00002ee4    00000004     --HOLE-- [fill = 0]
                  00002ee8    00000060     main.obj (.text:EUSCIA2_IRQHandler)
                  00002f48    00000058     main.obj (.text:EUSCIA1_IRQHandler)
                  00002fa0    00000054     rtsv7M4_T_le_v4SPD16_eabi.lib : exit.obj (.text)
                  00002ff4    00000004     --HOLE-- [fill = 0]
                  00002ff8    0000004e     main.obj (.text:PORT2_IRQHandler)
                  00003046    00000002     --HOLE-- [fill = 0]
                  00003048    0000004c     rtsv7M4_T_le_v4SPD16_eabi.lib : cpy_tbl.obj (.text)
                  00003094    00000048                                   : fd_toi_t2.obj (.text)
                  000030dc    00000038                                   : fs_tod_t2.obj (.text)
                  00003114    00000004     --HOLE-- [fill = 0]
                  00003118    00000032     main.obj (.text:ADC14_IRQHandler)
                  0000314a    00000002     --HOLE-- [fill = 0]
                  0000314c    00000030     rtsv7M4_T_le_v4SPD16_eabi.lib : boot_cortex_m.obj (.text)
                  0000317c    0000002e                                   : i_tofd_t2.obj (.text)
                  000031aa    00000006     --HOLE-- [fill = 0]
                  000031b0    0000002a     startup_msp432p401r_ccs.obj (.text:prvGetRegistersFromStack)
                  000031da    00000006     --HOLE-- [fill = 0]
                  000031e0    00000028     main.obj (.text:T32_INT1_IRQHandler)
                  00003208    00000028     main.obj (.text:T32_INT2_IRQHandler)
                  00003230    00000018     msp432p4xx_driverlib.lib : gpio_MSP432P4XX.obj (.text:GPIO_setOutputLowOnPin)
                  00003248    00000018     rtsv7M4_T_le_v4SPD16_eabi.lib : args_main.obj (.text)
                  00003260    00000016     startup_msp432p401r_ccs.obj (.text:Default_Handler)
                  00003276    00000002     --HOLE-- [fill = 0]
                  00003278    00000016     startup_msp432p401r_ccs.obj (.text:Exception_Handler)
                  0000328e    00000002     --HOLE-- [fill = 0]
                  00003290    00000014     msp432p4xx_driverlib.lib : gpio_MSP432P4XX.obj (.text:GPIO_setOutputHighOnPin)
                  000032a4    00000014     rtsv7M4_T_le_v4SPD16_eabi.lib : s_copysign.obj (.text)
                  000032b8    0000000e                                   : copy_decompress_none.obj (.text:decompress:none)
                  000032c6    00000002     --HOLE-- [fill = 0]
                  000032c8    0000000c     startup_msp432p401r_ccs.obj (.text:Reset_Handler)
                  000032d4    0000000c     rtsv7M4_T_le_v4SPD16_eabi.lib : copy_zero_init.obj (.text:decompress:ZI)
                  000032e0    00000004     main.obj (.text:main)

.const     0    000032e8    00000c9c     
                  000032e8    00000abc     main.obj (.const:$O2$$)
                  00003da4    00000004     --HOLE-- [fill = 0]
                  00003da8    00000158     rtsv7M4_T_le_v4SPD16_eabi.lib : k_rem_pio2.obj (.const:$O13$$)
                  00003f00    00000030                                   : e_exp.obj (.const:$O12$$)
                  00003f30    00000030     msp432p4xx_driverlib.lib : gpio_MSP432P4XX.obj (.const:GPIO_PORT_TO_BASE)
                  00003f60    00000024     config.obj (.const:uartConf)

.cinit     0    00003f88    00008148     
                  00003f88    0000811d     (.cinit..data.load) [load image, compression = lzss]
                  0000c0a5    00000003     --HOLE-- [fill = 0]
                  0000c0a8    0000000c     (__TI_handler_table)
                  0000c0b4    00000004     --HOLE-- [fill = 0]
                  0000c0b8    00000008     (.cinit..bss.load) [load image, compression = zero_init]
                  0000c0c0    00000010     (__TI_cinit_table)

.init_array 
*          0    00000000    00000000     UNINITIALIZED

.binit     0    00000000    00000000     

.data      0    20000000    000094d4     UNINITIALIZED
                  20000000    00005cf0     main.obj (.data:$O1$$)
                  20005cf0    000037cc     fann.obj (.data:$O11$$)
                  200094bc    0000000c     rtsv7M4_T_le_v4SPD16_eabi.lib : exit.obj (.data:$O1$$)
                  200094c8    00000008                                   : _lock.obj (.data:$O14$$)
                  200094d0    00000004                                   : errno.obj (.data)

.bss       0    200094d4    00000062     UNINITIALIZED
                  200094d4    0000001c     (.common:I2C_RX)
                  200094f0    00000010     (.common:SPI_RX_ECG)
                  20009500    00000010     (.common:SPI_RX_FRAM)
                  20009510    0000000c     (.common:BLE_CMD)
                  2000951c    00000004     (.common:ADC_result)
                  20009520    00000004     (.common:ECG_cnt)
                  20009524    00000004     (.common:I2C_TX)
                  20009528    00000004     (.common:T32_BCOMM)
                  2000952c    00000002     (.common:T32_time)
                  2000952e    00000001     (.common:BLE_CMD_N)
                  2000952f    00000001     (.common:BLE_REC)
                  20009530    00000001     (.common:ECG_DRDY)
                  20009531    00000001     (.common:I2C_2bytesCMD)
                  20009532    00000001     (.common:I2C_recBytes)
                  20009533    00000001     (.common:I2C_stopSent)
                  20009534    00000001     (.common:SPI_recBytesECG)
                  20009535    00000001     (.common:SPI_recBytesFRAM)

.stack     0    2000fe00    00000200     UNINITIALIZED
                  2000fe00    00000004     rtsv7M4_T_le_v4SPD16_eabi.lib : boot_cortex_m.obj (.stack)
                  2000fe04    000001fc     --HOLE--

MODULE SUMMARY

       Module                                   code    ro data   rw data
       ------                                   ----    -------   -------
    .\
       main.obj                                 3658    2748      47584  
       system_msp432p401r.obj                   110     0         0      
       config.obj                               0       36        0      
    +--+----------------------------------------+-------+---------+---------+
       Total:                                   3768    2784      47584  
                                                                         
    .\ccs\
       startup_msp432p401r_ccs.obj              98      228       0      
    +--+----------------------------------------+-------+---------+---------+
       Total:                                   98      228       0      
                                                                         
    .\fann\
       fann.obj                                 0       0         28568  
    +--+----------------------------------------+-------+---------+---------+
       Total:                                   0       0         28568  
                                                                         
    C:\Users\Ben\AppData\Local\Temp\
       {88B4B742-6473-49C5-850D-FCFC2F111817}   0       0         196    
    +--+----------------------------------------+-------+---------+---------+
       Total:                                   0       0         196    
                                                                         
    C:/ti/simplelink_msp432p4_sdk_1_60_00_12/source/ti/devices/msp432p4xx/driverlib/ccs/msp432p4xx_driverlib.lib
       gpio_MSP432P4XX.obj                      44      48        0      
    +--+----------------------------------------+-------+---------+---------+
       Total:                                   44      48        0      
                                                                         
    C:\ti\ccsv7\tools\compiler\ti-cgt-arm_17.6.0.STS\lib\rtsv7M4_T_le_v4SPD16_eabi.lib
       k_rem_pio2.obj                           1492    344       0      
       s_cos.obj                                1496    0         0      
       s_sin.obj                                1472    0         0      
       e_exp.obj                                812     48        0      
       fd_add_t2.obj                            438     0         0      
       k_sin.obj                                372     0         0      
       k_cos.obj                                364     0         0      
       fd_div_t2.obj                            310     0         0      
       fd_cmp_t2.obj                            268     0         0      
       fd_mul_t2.obj                            252     0         0      
       s_scalbn.obj                             252     0         0      
       s_floor.obj                              248     0         0      
       memcpy_t2.obj                            156     0         0      
       memset_t2.obj                            122     0         0      
       autoinit.obj                             112     0         0      
       fd_tos_t2.obj                            110     0         0      
       exit.obj                                 84      0         24     
       copy_decompress_lzss.obj                 104     0         0      
       cpy_tbl.obj                              76      0         0      
       fd_toi_t2.obj                            72      0         0      
       fs_tod_t2.obj                            56      0         0      
       boot_cortex_m.obj                        48      0         0      
       i_tofd_t2.obj                            46      0         0      
       args_main.obj                            24      0         0      
       s_copysign.obj                           20      0         0      
       _lock.obj                                2       0         16     
       copy_decompress_none.obj                 14      0         0      
       copy_zero_init.obj                       12      0         0      
       errno.obj                                0       0         8      
       pre_init.obj                             4       0         0      
       startup.obj                              2       0         0      
    +--+----------------------------------------+-------+---------+---------+
       Total:                                   8840    392       48     
                                                                         
       Stack:                                   0       0         1024   
       Linker Generated:                        0       33089     0      
    +--+----------------------------------------+-------+---------+---------+
       Grand Total:                             12750   36541     77420  


LINKER GENERATED COPY TABLES

__TI_cinit_table @ 0000c0c0 records: 2, size/record: 8, table size: 16
	.data: load addr=00003f88, load size=0000811d bytes, run addr=20000000, run size=000094d4 bytes, compression=lzss
	.bss: load addr=0000c0b8, load size=00000008 bytes, run addr=200094d4, run size=00000062 bytes, compression=zero_init


LINKER GENERATED HANDLER TABLE

__TI_handler_table @ 0000c0a8 records: 3, size/record: 4, table size: 12
	index: 0, handler: __TI_decompress_lzss
	index: 1, handler: __TI_decompress_none
	index: 2, handler: __TI_zero_init


GLOBAL SYMBOLS: SORTED ALPHABETICALLY BY Name 

address   name                           
-------   ----                           
00003119  ADC14_IRQHandler               
00003119  ADC14_IRQHandler               
2000951c  ADC_result                     
00003261  AES256_IRQHandler              
20009510  BLE_CMD                        
2000952e  BLE_CMD_N                      
2000952f  BLE_REC                        
20000044  BLE_TX                         
00003261  BusFault_Handler               
00002fa1  C$$EXIT                        
00003261  COMP_E0_IRQHandler             
00003261  COMP_E1_IRQHandler             
00003261  CS_IRQHandler                  
00003261  DMA_ERR_IRQHandler             
00003261  DMA_INT0_IRQHandler            
00003261  DMA_INT1_IRQHandler            
00003261  DMA_INT2_IRQHandler            
00003261  DMA_INT3_IRQHandler            
00003261  DebugMon_Handler               
00003261  Default_Handler                
20009530  ECG_DRDY                       
20009520  ECG_cnt                        
00002d31  EUSCIA0_IRQHandler             
00002d31  EUSCIA0_IRQHandler             
00002f49  EUSCIA1_IRQHandler             
00002f49  EUSCIA1_IRQHandler             
00002ee9  EUSCIA2_IRQHandler             
00002ee9  EUSCIA2_IRQHandler             
00003261  EUSCIA3_IRQHandler             
00002209  EUSCIB0_IRQHandler             
00002209  EUSCIB0_IRQHandler             
00003261  EUSCIB1_IRQHandler             
00003261  EUSCIB2_IRQHandler             
00003261  EUSCIB3_IRQHandler             
00003279  Exception_Handler              
00003261  FLCTL_IRQHandler               
00003261  FPU_IRQHandler                 
00003291  GPIO_setOutputHighOnPin        
00003231  GPIO_setOutputLowOnPin         
20000014  GSRData                        
2000000c  GSRtemp                        
00003279  HardFault_Handler              
20009531  I2C_2bytesCMD                  
200094d4  I2C_RX                         
20009524  I2C_TX                         
20009532  I2C_recBytes                   
20009533  I2C_stopSent                   
20000008  I2C_xferIndex                  
20000010  Loff                           
00003261  MemManage_Handler              
00003261  NMI_Handler                    
00003261  PCM_IRQHandler                 
20000000  PKG_sent                       
00003261  PORT1_IRQHandler               
00002ff9  PORT2_IRQHandler               
00002ff9  PORT2_IRQHandler               
00003261  PORT3_IRQHandler               
00003261  PORT4_IRQHandler               
00003261  PORT5_IRQHandler               
00003261  PORT6_IRQHandler               
00003261  PSS_IRQHandler                 
00003261  PendSV_Handler                 
00003261  RTC_C_IRQHandler               
000032c9  Reset_Handler                  
UNDEFED   SHT$$INIT_ARRAY$$Base          
UNDEFED   SHT$$INIT_ARRAY$$Limit         
200094f0  SPI_RX_ECG                     
20009500  SPI_RX_FRAM                    
20009534  SPI_recBytesECG                
20009535  SPI_recBytesFRAM               
00003261  SVC_Handler                    
00003261  SysTick_Handler                
00002da1  SystemInit                     
20009528  T32_BCOMM                      
000031e1  T32_INT1_IRQHandler            
000031e1  T32_INT1_IRQHandler            
00003209  T32_INT2_IRQHandler            
00003209  T32_INT2_IRQHandler            
00003261  T32_INTC_IRQHandler            
2000952c  T32_time                       
00003261  TA0_0_IRQHandler               
00003261  TA0_N_IRQHandler               
00003261  TA1_0_IRQHandler               
00003261  TA1_N_IRQHandler               
00003261  TA2_0_IRQHandler               
00003261  TA2_N_IRQHandler               
00003261  TA3_0_IRQHandler               
00003261  TA3_N_IRQHandler               
00003261  UsageFault_Handler             
4000480c  WDTCTL_SYM                     
00003261  WDT_A_IRQHandler               
20010000  __STACK_END                    
00000200  __STACK_SIZE                   
0000c0c0  __TI_CINIT_Base                
0000c0d0  __TI_CINIT_Limit               
0000c0a8  __TI_Handler_Table_Base        
0000c0b4  __TI_Handler_Table_Limit       
00002cbd  __TI_auto_init                 
200094bc  __TI_cleanup_ptr               
00002e7d  __TI_decompress_lzss           
000032b9  __TI_decompress_none           
200094c0  __TI_dtors_ptr                 
200094c4  __TI_enable_exit_profile_output
ffffffff  __TI_pprof_out_hndl            
ffffffff  __TI_prof_data_size            
ffffffff  __TI_prof_data_start           
00000000  __TI_static_base__             
000032d5  __TI_zero_init                 
00002b35  __aeabi_cdcmpeq                
00002b35  __aeabi_cdcmple                
00002bbb  __aeabi_cdrcmple               
00002e0f  __aeabi_d2f                    
00003095  __aeabi_d2iz                   
00002057  __aeabi_dadd                   
00002671  __aeabi_ddiv                   
000027a7  __aeabi_dmul                   
0000204d  __aeabi_dsub                   
000030dd  __aeabi_f2d                    
0000317d  __aeabi_i2d                    
00002c41  __aeabi_memclr                 
00002c41  __aeabi_memclr4                
00002c41  __aeabi_memclr8                
00002a99  __aeabi_memcpy                 
00002a99  __aeabi_memcpy4                
00002a99  __aeabi_memcpy8                
00002c43  __aeabi_memset                 
00002c43  __aeabi_memset4                
00002c43  __aeabi_memset8                
ffffffff  __binit__                      
ffffffff  __c_args__                     
00002505  __kernel_cos                   
0000118d  __kernel_rem_pio2              
00002391  __kernel_sin                   
UNDEFED   __mpu_init                     
2000fe00  __stack                        
00003249  _args_main                     
0000314d  _c_int00                       
200094c8  _lock                          
00000bb3  _nop                           
00002207  _system_post_cinit             
00002203  _system_pre_init               
200094cc  _unlock                        
00002fa5  abort                          
ffffffff  binit                          
00003049  copy_in                        
000032a5  copysign                       
000032a5  copysignl                      
00000bb5  cos                            
00000bb5  cosl                           
20000084  data                           
200094d0  errno                          
00002fad  exit                           
00001d21  exp                            
00001d21  expl                           
20005cf0  fann_layers                    
20005ed0  fann_neurons                   
200065d0  fann_weights                   
20000024  feat                           
000029a1  floor                          
000029a1  floorl                         
20000001  hi                             
20000004  i                              
00000000  interruptVectors               
000028a5  ldexp                          
000028a5  ldexpl                         
20000002  lo                             
000032e1  main                           
00002a99  memcpy                         
00002c49  memset                         
20000006  mtime                          
20005d10  neuron_values                  
000031b1  prvGetRegistersFromStack       
000028a5  scalbn                         
000028a5  scalbnl                        
00001761  sin                            
00001761  sinl                           
000000e9  test2                          
20002794  test_data_input                
000032f8  test_data_output               
00003f60  uartConf                       


GLOBAL SYMBOLS: SORTED BY Symbol Address 

address   name                           
-------   ----                           
00000000  __TI_static_base__             
00000000  interruptVectors               
000000e9  test2                          
00000200  __STACK_SIZE                   
00000bb3  _nop                           
00000bb5  cos                            
00000bb5  cosl                           
0000118d  __kernel_rem_pio2              
00001761  sin                            
00001761  sinl                           
00001d21  exp                            
00001d21  expl                           
0000204d  __aeabi_dsub                   
00002057  __aeabi_dadd                   
00002203  _system_pre_init               
00002207  _system_post_cinit             
00002209  EUSCIB0_IRQHandler             
00002209  EUSCIB0_IRQHandler             
00002391  __kernel_sin                   
00002505  __kernel_cos                   
00002671  __aeabi_ddiv                   
000027a7  __aeabi_dmul                   
000028a5  ldexp                          
000028a5  ldexpl                         
000028a5  scalbn                         
000028a5  scalbnl                        
000029a1  floor                          
000029a1  floorl                         
00002a99  __aeabi_memcpy                 
00002a99  __aeabi_memcpy4                
00002a99  __aeabi_memcpy8                
00002a99  memcpy                         
00002b35  __aeabi_cdcmpeq                
00002b35  __aeabi_cdcmple                
00002bbb  __aeabi_cdrcmple               
00002c41  __aeabi_memclr                 
00002c41  __aeabi_memclr4                
00002c41  __aeabi_memclr8                
00002c43  __aeabi_memset                 
00002c43  __aeabi_memset4                
00002c43  __aeabi_memset8                
00002c49  memset                         
00002cbd  __TI_auto_init                 
00002d31  EUSCIA0_IRQHandler             
00002d31  EUSCIA0_IRQHandler             
00002da1  SystemInit                     
00002e0f  __aeabi_d2f                    
00002e7d  __TI_decompress_lzss           
00002ee9  EUSCIA2_IRQHandler             
00002ee9  EUSCIA2_IRQHandler             
00002f49  EUSCIA1_IRQHandler             
00002f49  EUSCIA1_IRQHandler             
00002fa1  C$$EXIT                        
00002fa5  abort                          
00002fad  exit                           
00002ff9  PORT2_IRQHandler               
00002ff9  PORT2_IRQHandler               
00003049  copy_in                        
00003095  __aeabi_d2iz                   
000030dd  __aeabi_f2d                    
00003119  ADC14_IRQHandler               
00003119  ADC14_IRQHandler               
0000314d  _c_int00                       
0000317d  __aeabi_i2d                    
000031b1  prvGetRegistersFromStack       
000031e1  T32_INT1_IRQHandler            
000031e1  T32_INT1_IRQHandler            
00003209  T32_INT2_IRQHandler            
00003209  T32_INT2_IRQHandler            
00003231  GPIO_setOutputLowOnPin         
00003249  _args_main                     
00003261  AES256_IRQHandler              
00003261  BusFault_Handler               
00003261  COMP_E0_IRQHandler             
00003261  COMP_E1_IRQHandler             
00003261  CS_IRQHandler                  
00003261  DMA_ERR_IRQHandler             
00003261  DMA_INT0_IRQHandler            
00003261  DMA_INT1_IRQHandler            
00003261  DMA_INT2_IRQHandler            
00003261  DMA_INT3_IRQHandler            
00003261  DebugMon_Handler               
00003261  Default_Handler                
00003261  EUSCIA3_IRQHandler             
00003261  EUSCIB1_IRQHandler             
00003261  EUSCIB2_IRQHandler             
00003261  EUSCIB3_IRQHandler             
00003261  FLCTL_IRQHandler               
00003261  FPU_IRQHandler                 
00003261  MemManage_Handler              
00003261  NMI_Handler                    
00003261  PCM_IRQHandler                 
00003261  PORT1_IRQHandler               
00003261  PORT3_IRQHandler               
00003261  PORT4_IRQHandler               
00003261  PORT5_IRQHandler               
00003261  PORT6_IRQHandler               
00003261  PSS_IRQHandler                 
00003261  PendSV_Handler                 
00003261  RTC_C_IRQHandler               
00003261  SVC_Handler                    
00003261  SysTick_Handler                
00003261  T32_INTC_IRQHandler            
00003261  TA0_0_IRQHandler               
00003261  TA0_N_IRQHandler               
00003261  TA1_0_IRQHandler               
00003261  TA1_N_IRQHandler               
00003261  TA2_0_IRQHandler               
00003261  TA2_N_IRQHandler               
00003261  TA3_0_IRQHandler               
00003261  TA3_N_IRQHandler               
00003261  UsageFault_Handler             
00003261  WDT_A_IRQHandler               
00003279  Exception_Handler              
00003279  HardFault_Handler              
00003291  GPIO_setOutputHighOnPin        
000032a5  copysign                       
000032a5  copysignl                      
000032b9  __TI_decompress_none           
000032c9  Reset_Handler                  
000032d5  __TI_zero_init                 
000032e1  main                           
000032f8  test_data_output               
00003f60  uartConf                       
0000c0a8  __TI_Handler_Table_Base        
0000c0b4  __TI_Handler_Table_Limit       
0000c0c0  __TI_CINIT_Base                
0000c0d0  __TI_CINIT_Limit               
20000000  PKG_sent                       
20000001  hi                             
20000002  lo                             
20000004  i                              
20000006  mtime                          
20000008  I2C_xferIndex                  
2000000c  GSRtemp                        
20000010  Loff                           
20000014  GSRData                        
20000024  feat                           
20000044  BLE_TX                         
20000084  data                           
20002794  test_data_input                
20005cf0  fann_layers                    
20005d10  neuron_values                  
20005ed0  fann_neurons                   
200065d0  fann_weights                   
200094bc  __TI_cleanup_ptr               
200094c0  __TI_dtors_ptr                 
200094c4  __TI_enable_exit_profile_output
200094c8  _lock                          
200094cc  _unlock                        
200094d0  errno                          
200094d4  I2C_RX                         
200094f0  SPI_RX_ECG                     
20009500  SPI_RX_FRAM                    
20009510  BLE_CMD                        
2000951c  ADC_result                     
20009520  ECG_cnt                        
20009524  I2C_TX                         
20009528  T32_BCOMM                      
2000952c  T32_time                       
2000952e  BLE_CMD_N                      
2000952f  BLE_REC                        
20009530  ECG_DRDY                       
20009531  I2C_2bytesCMD                  
20009532  I2C_recBytes                   
20009533  I2C_stopSent                   
20009534  SPI_recBytesECG                
20009535  SPI_recBytesFRAM               
2000fe00  __stack                        
20010000  __STACK_END                    
4000480c  WDTCTL_SYM                     
ffffffff  __TI_pprof_out_hndl            
ffffffff  __TI_prof_data_size            
ffffffff  __TI_prof_data_start           
ffffffff  __binit__                      
ffffffff  __c_args__                     
ffffffff  binit                          
UNDEFED   SHT$$INIT_ARRAY$$Base          
UNDEFED   SHT$$INIT_ARRAY$$Limit         
UNDEFED   __mpu_init                     

[180 symbols]
