<?xml version="1.0"?>
<link_info>
   <banner>TI ARM Linker PC v17.6.0.STS</banner>
   <copyright>Copyright (c) 1996-2017 Texas Instruments Incorporated</copyright>
   <link_time>0x5b0c5a15</link_time>
   <link_errors>0x0</link_errors>
   <output_file>semester-thesis-testbench.out</output_file>
   <entry_point>
      <name>_c_int00</name>
      <address>0x314d</address>
   </entry_point>
   <input_file_list>
      <input_file id="fl-2">
         <path>.\</path>
         <kind>object</kind>
         <file>config.obj</file>
         <name>config.obj</name>
      </input_file>
      <input_file id="fl-3">
         <path>.\</path>
         <kind>object</kind>
         <file>main.obj</file>
         <name>main.obj</name>
      </input_file>
      <input_file id="fl-4">
         <path>.\</path>
         <kind>object</kind>
         <file>performance.obj</file>
         <name>performance.obj</name>
      </input_file>
      <input_file id="fl-5">
         <path>.\</path>
         <kind>object</kind>
         <file>system_msp432p401r.obj</file>
         <name>system_msp432p401r.obj</name>
      </input_file>
      <input_file id="fl-6">
         <path>.\CMSIS\DSP_Lib\Source\BasicMathFunctions\</path>
         <kind>object</kind>
         <file>arm_abs_f32.obj</file>
         <name>arm_abs_f32.obj</name>
      </input_file>
      <input_file id="fl-7">
         <path>.\CMSIS\DSP_Lib\Source\BasicMathFunctions\</path>
         <kind>object</kind>
         <file>arm_abs_q15.obj</file>
         <name>arm_abs_q15.obj</name>
      </input_file>
      <input_file id="fl-8">
         <path>.\CMSIS\DSP_Lib\Source\BasicMathFunctions\</path>
         <kind>object</kind>
         <file>arm_abs_q31.obj</file>
         <name>arm_abs_q31.obj</name>
      </input_file>
      <input_file id="fl-9">
         <path>.\CMSIS\DSP_Lib\Source\BasicMathFunctions\</path>
         <kind>object</kind>
         <file>arm_abs_q7.obj</file>
         <name>arm_abs_q7.obj</name>
      </input_file>
      <input_file id="fl-a">
         <path>.\CMSIS\DSP_Lib\Source\BasicMathFunctions\</path>
         <kind>object</kind>
         <file>arm_add_f32.obj</file>
         <name>arm_add_f32.obj</name>
      </input_file>
      <input_file id="fl-b">
         <path>.\CMSIS\DSP_Lib\Source\BasicMathFunctions\</path>
         <kind>object</kind>
         <file>arm_add_q15.obj</file>
         <name>arm_add_q15.obj</name>
      </input_file>
      <input_file id="fl-c">
         <path>.\CMSIS\DSP_Lib\Source\BasicMathFunctions\</path>
         <kind>object</kind>
         <file>arm_add_q31.obj</file>
         <name>arm_add_q31.obj</name>
      </input_file>
      <input_file id="fl-d">
         <path>.\CMSIS\DSP_Lib\Source\BasicMathFunctions\</path>
         <kind>object</kind>
         <file>arm_add_q7.obj</file>
         <name>arm_add_q7.obj</name>
      </input_file>
      <input_file id="fl-e">
         <path>.\CMSIS\DSP_Lib\Source\BasicMathFunctions\</path>
         <kind>object</kind>
         <file>arm_dot_prod_f32.obj</file>
         <name>arm_dot_prod_f32.obj</name>
      </input_file>
      <input_file id="fl-f">
         <path>.\CMSIS\DSP_Lib\Source\BasicMathFunctions\</path>
         <kind>object</kind>
         <file>arm_dot_prod_q15.obj</file>
         <name>arm_dot_prod_q15.obj</name>
      </input_file>
      <input_file id="fl-10">
         <path>.\CMSIS\DSP_Lib\Source\BasicMathFunctions\</path>
         <kind>object</kind>
         <file>arm_dot_prod_q31.obj</file>
         <name>arm_dot_prod_q31.obj</name>
      </input_file>
      <input_file id="fl-11">
         <path>.\CMSIS\DSP_Lib\Source\BasicMathFunctions\</path>
         <kind>object</kind>
         <file>arm_dot_prod_q7.obj</file>
         <name>arm_dot_prod_q7.obj</name>
      </input_file>
      <input_file id="fl-12">
         <path>.\CMSIS\DSP_Lib\Source\BasicMathFunctions\</path>
         <kind>object</kind>
         <file>arm_mult_f32.obj</file>
         <name>arm_mult_f32.obj</name>
      </input_file>
      <input_file id="fl-13">
         <path>.\CMSIS\DSP_Lib\Source\BasicMathFunctions\</path>
         <kind>object</kind>
         <file>arm_mult_q15.obj</file>
         <name>arm_mult_q15.obj</name>
      </input_file>
      <input_file id="fl-14">
         <path>.\CMSIS\DSP_Lib\Source\BasicMathFunctions\</path>
         <kind>object</kind>
         <file>arm_mult_q31.obj</file>
         <name>arm_mult_q31.obj</name>
      </input_file>
      <input_file id="fl-15">
         <path>.\CMSIS\DSP_Lib\Source\BasicMathFunctions\</path>
         <kind>object</kind>
         <file>arm_mult_q7.obj</file>
         <name>arm_mult_q7.obj</name>
      </input_file>
      <input_file id="fl-16">
         <path>.\CMSIS\DSP_Lib\Source\BasicMathFunctions\</path>
         <kind>object</kind>
         <file>arm_negate_f32.obj</file>
         <name>arm_negate_f32.obj</name>
      </input_file>
      <input_file id="fl-17">
         <path>.\CMSIS\DSP_Lib\Source\BasicMathFunctions\</path>
         <kind>object</kind>
         <file>arm_negate_q15.obj</file>
         <name>arm_negate_q15.obj</name>
      </input_file>
      <input_file id="fl-18">
         <path>.\CMSIS\DSP_Lib\Source\BasicMathFunctions\</path>
         <kind>object</kind>
         <file>arm_negate_q31.obj</file>
         <name>arm_negate_q31.obj</name>
      </input_file>
      <input_file id="fl-19">
         <path>.\CMSIS\DSP_Lib\Source\BasicMathFunctions\</path>
         <kind>object</kind>
         <file>arm_negate_q7.obj</file>
         <name>arm_negate_q7.obj</name>
      </input_file>
      <input_file id="fl-1a">
         <path>.\CMSIS\DSP_Lib\Source\BasicMathFunctions\</path>
         <kind>object</kind>
         <file>arm_offset_f32.obj</file>
         <name>arm_offset_f32.obj</name>
      </input_file>
      <input_file id="fl-1b">
         <path>.\CMSIS\DSP_Lib\Source\BasicMathFunctions\</path>
         <kind>object</kind>
         <file>arm_offset_q15.obj</file>
         <name>arm_offset_q15.obj</name>
      </input_file>
      <input_file id="fl-1c">
         <path>.\CMSIS\DSP_Lib\Source\BasicMathFunctions\</path>
         <kind>object</kind>
         <file>arm_offset_q31.obj</file>
         <name>arm_offset_q31.obj</name>
      </input_file>
      <input_file id="fl-1d">
         <path>.\CMSIS\DSP_Lib\Source\BasicMathFunctions\</path>
         <kind>object</kind>
         <file>arm_offset_q7.obj</file>
         <name>arm_offset_q7.obj</name>
      </input_file>
      <input_file id="fl-1e">
         <path>.\CMSIS\DSP_Lib\Source\BasicMathFunctions\</path>
         <kind>object</kind>
         <file>arm_scale_f32.obj</file>
         <name>arm_scale_f32.obj</name>
      </input_file>
      <input_file id="fl-1f">
         <path>.\CMSIS\DSP_Lib\Source\BasicMathFunctions\</path>
         <kind>object</kind>
         <file>arm_scale_q15.obj</file>
         <name>arm_scale_q15.obj</name>
      </input_file>
      <input_file id="fl-20">
         <path>.\CMSIS\DSP_Lib\Source\BasicMathFunctions\</path>
         <kind>object</kind>
         <file>arm_scale_q31.obj</file>
         <name>arm_scale_q31.obj</name>
      </input_file>
      <input_file id="fl-21">
         <path>.\CMSIS\DSP_Lib\Source\BasicMathFunctions\</path>
         <kind>object</kind>
         <file>arm_scale_q7.obj</file>
         <name>arm_scale_q7.obj</name>
      </input_file>
      <input_file id="fl-22">
         <path>.\CMSIS\DSP_Lib\Source\BasicMathFunctions\</path>
         <kind>object</kind>
         <file>arm_shift_q15.obj</file>
         <name>arm_shift_q15.obj</name>
      </input_file>
      <input_file id="fl-23">
         <path>.\CMSIS\DSP_Lib\Source\BasicMathFunctions\</path>
         <kind>object</kind>
         <file>arm_shift_q31.obj</file>
         <name>arm_shift_q31.obj</name>
      </input_file>
      <input_file id="fl-24">
         <path>.\CMSIS\DSP_Lib\Source\BasicMathFunctions\</path>
         <kind>object</kind>
         <file>arm_shift_q7.obj</file>
         <name>arm_shift_q7.obj</name>
      </input_file>
      <input_file id="fl-25">
         <path>.\CMSIS\DSP_Lib\Source\BasicMathFunctions\</path>
         <kind>object</kind>
         <file>arm_sub_f32.obj</file>
         <name>arm_sub_f32.obj</name>
      </input_file>
      <input_file id="fl-26">
         <path>.\CMSIS\DSP_Lib\Source\BasicMathFunctions\</path>
         <kind>object</kind>
         <file>arm_sub_q15.obj</file>
         <name>arm_sub_q15.obj</name>
      </input_file>
      <input_file id="fl-27">
         <path>.\CMSIS\DSP_Lib\Source\BasicMathFunctions\</path>
         <kind>object</kind>
         <file>arm_sub_q31.obj</file>
         <name>arm_sub_q31.obj</name>
      </input_file>
      <input_file id="fl-28">
         <path>.\CMSIS\DSP_Lib\Source\BasicMathFunctions\</path>
         <kind>object</kind>
         <file>arm_sub_q7.obj</file>
         <name>arm_sub_q7.obj</name>
      </input_file>
      <input_file id="fl-29">
         <path>.\CMSIS\DSP_Lib\Source\CommonTables\</path>
         <kind>object</kind>
         <file>arm_common_tables.obj</file>
         <name>arm_common_tables.obj</name>
      </input_file>
      <input_file id="fl-2a">
         <path>.\CMSIS\DSP_Lib\Source\CommonTables\</path>
         <kind>object</kind>
         <file>arm_const_structs.obj</file>
         <name>arm_const_structs.obj</name>
      </input_file>
      <input_file id="fl-2b">
         <path>.\CMSIS\DSP_Lib\Source\ComplexMathFunctions\</path>
         <kind>object</kind>
         <file>arm_cmplx_conj_f32.obj</file>
         <name>arm_cmplx_conj_f32.obj</name>
      </input_file>
      <input_file id="fl-2c">
         <path>.\CMSIS\DSP_Lib\Source\ComplexMathFunctions\</path>
         <kind>object</kind>
         <file>arm_cmplx_conj_q15.obj</file>
         <name>arm_cmplx_conj_q15.obj</name>
      </input_file>
      <input_file id="fl-2d">
         <path>.\CMSIS\DSP_Lib\Source\ComplexMathFunctions\</path>
         <kind>object</kind>
         <file>arm_cmplx_conj_q31.obj</file>
         <name>arm_cmplx_conj_q31.obj</name>
      </input_file>
      <input_file id="fl-2e">
         <path>.\CMSIS\DSP_Lib\Source\ComplexMathFunctions\</path>
         <kind>object</kind>
         <file>arm_cmplx_dot_prod_f32.obj</file>
         <name>arm_cmplx_dot_prod_f32.obj</name>
      </input_file>
      <input_file id="fl-2f">
         <path>.\CMSIS\DSP_Lib\Source\ComplexMathFunctions\</path>
         <kind>object</kind>
         <file>arm_cmplx_dot_prod_q15.obj</file>
         <name>arm_cmplx_dot_prod_q15.obj</name>
      </input_file>
      <input_file id="fl-30">
         <path>.\CMSIS\DSP_Lib\Source\ComplexMathFunctions\</path>
         <kind>object</kind>
         <file>arm_cmplx_dot_prod_q31.obj</file>
         <name>arm_cmplx_dot_prod_q31.obj</name>
      </input_file>
      <input_file id="fl-31">
         <path>.\CMSIS\DSP_Lib\Source\ComplexMathFunctions\</path>
         <kind>object</kind>
         <file>arm_cmplx_mag_f32.obj</file>
         <name>arm_cmplx_mag_f32.obj</name>
      </input_file>
      <input_file id="fl-32">
         <path>.\CMSIS\DSP_Lib\Source\ComplexMathFunctions\</path>
         <kind>object</kind>
         <file>arm_cmplx_mag_q15.obj</file>
         <name>arm_cmplx_mag_q15.obj</name>
      </input_file>
      <input_file id="fl-33">
         <path>.\CMSIS\DSP_Lib\Source\ComplexMathFunctions\</path>
         <kind>object</kind>
         <file>arm_cmplx_mag_q31.obj</file>
         <name>arm_cmplx_mag_q31.obj</name>
      </input_file>
      <input_file id="fl-34">
         <path>.\CMSIS\DSP_Lib\Source\ComplexMathFunctions\</path>
         <kind>object</kind>
         <file>arm_cmplx_mag_squared_f32.obj</file>
         <name>arm_cmplx_mag_squared_f32.obj</name>
      </input_file>
      <input_file id="fl-35">
         <path>.\CMSIS\DSP_Lib\Source\ComplexMathFunctions\</path>
         <kind>object</kind>
         <file>arm_cmplx_mag_squared_q15.obj</file>
         <name>arm_cmplx_mag_squared_q15.obj</name>
      </input_file>
      <input_file id="fl-36">
         <path>.\CMSIS\DSP_Lib\Source\ComplexMathFunctions\</path>
         <kind>object</kind>
         <file>arm_cmplx_mag_squared_q31.obj</file>
         <name>arm_cmplx_mag_squared_q31.obj</name>
      </input_file>
      <input_file id="fl-37">
         <path>.\CMSIS\DSP_Lib\Source\ComplexMathFunctions\</path>
         <kind>object</kind>
         <file>arm_cmplx_mult_cmplx_f32.obj</file>
         <name>arm_cmplx_mult_cmplx_f32.obj</name>
      </input_file>
      <input_file id="fl-38">
         <path>.\CMSIS\DSP_Lib\Source\ComplexMathFunctions\</path>
         <kind>object</kind>
         <file>arm_cmplx_mult_cmplx_q15.obj</file>
         <name>arm_cmplx_mult_cmplx_q15.obj</name>
      </input_file>
      <input_file id="fl-39">
         <path>.\CMSIS\DSP_Lib\Source\ComplexMathFunctions\</path>
         <kind>object</kind>
         <file>arm_cmplx_mult_cmplx_q31.obj</file>
         <name>arm_cmplx_mult_cmplx_q31.obj</name>
      </input_file>
      <input_file id="fl-3a">
         <path>.\CMSIS\DSP_Lib\Source\ComplexMathFunctions\</path>
         <kind>object</kind>
         <file>arm_cmplx_mult_real_f32.obj</file>
         <name>arm_cmplx_mult_real_f32.obj</name>
      </input_file>
      <input_file id="fl-3b">
         <path>.\CMSIS\DSP_Lib\Source\ComplexMathFunctions\</path>
         <kind>object</kind>
         <file>arm_cmplx_mult_real_q15.obj</file>
         <name>arm_cmplx_mult_real_q15.obj</name>
      </input_file>
      <input_file id="fl-3c">
         <path>.\CMSIS\DSP_Lib\Source\ComplexMathFunctions\</path>
         <kind>object</kind>
         <file>arm_cmplx_mult_real_q31.obj</file>
         <name>arm_cmplx_mult_real_q31.obj</name>
      </input_file>
      <input_file id="fl-3d">
         <path>.\CMSIS\DSP_Lib\Source\ControllerFunctions\</path>
         <kind>object</kind>
         <file>arm_pid_init_f32.obj</file>
         <name>arm_pid_init_f32.obj</name>
      </input_file>
      <input_file id="fl-3e">
         <path>.\CMSIS\DSP_Lib\Source\ControllerFunctions\</path>
         <kind>object</kind>
         <file>arm_pid_init_q15.obj</file>
         <name>arm_pid_init_q15.obj</name>
      </input_file>
      <input_file id="fl-3f">
         <path>.\CMSIS\DSP_Lib\Source\ControllerFunctions\</path>
         <kind>object</kind>
         <file>arm_pid_init_q31.obj</file>
         <name>arm_pid_init_q31.obj</name>
      </input_file>
      <input_file id="fl-40">
         <path>.\CMSIS\DSP_Lib\Source\ControllerFunctions\</path>
         <kind>object</kind>
         <file>arm_pid_reset_f32.obj</file>
         <name>arm_pid_reset_f32.obj</name>
      </input_file>
      <input_file id="fl-41">
         <path>.\CMSIS\DSP_Lib\Source\ControllerFunctions\</path>
         <kind>object</kind>
         <file>arm_pid_reset_q15.obj</file>
         <name>arm_pid_reset_q15.obj</name>
      </input_file>
      <input_file id="fl-42">
         <path>.\CMSIS\DSP_Lib\Source\ControllerFunctions\</path>
         <kind>object</kind>
         <file>arm_pid_reset_q31.obj</file>
         <name>arm_pid_reset_q31.obj</name>
      </input_file>
      <input_file id="fl-43">
         <path>.\CMSIS\DSP_Lib\Source\ControllerFunctions\</path>
         <kind>object</kind>
         <file>arm_sin_cos_f32.obj</file>
         <name>arm_sin_cos_f32.obj</name>
      </input_file>
      <input_file id="fl-44">
         <path>.\CMSIS\DSP_Lib\Source\ControllerFunctions\</path>
         <kind>object</kind>
         <file>arm_sin_cos_q31.obj</file>
         <name>arm_sin_cos_q31.obj</name>
      </input_file>
      <input_file id="fl-45">
         <path>.\CMSIS\DSP_Lib\Source\FastMathFunctions\</path>
         <kind>object</kind>
         <file>arm_cos_f32.obj</file>
         <name>arm_cos_f32.obj</name>
      </input_file>
      <input_file id="fl-46">
         <path>.\CMSIS\DSP_Lib\Source\FastMathFunctions\</path>
         <kind>object</kind>
         <file>arm_cos_q15.obj</file>
         <name>arm_cos_q15.obj</name>
      </input_file>
      <input_file id="fl-47">
         <path>.\CMSIS\DSP_Lib\Source\FastMathFunctions\</path>
         <kind>object</kind>
         <file>arm_cos_q31.obj</file>
         <name>arm_cos_q31.obj</name>
      </input_file>
      <input_file id="fl-48">
         <path>.\CMSIS\DSP_Lib\Source\FastMathFunctions\</path>
         <kind>object</kind>
         <file>arm_sin_f32.obj</file>
         <name>arm_sin_f32.obj</name>
      </input_file>
      <input_file id="fl-49">
         <path>.\CMSIS\DSP_Lib\Source\FastMathFunctions\</path>
         <kind>object</kind>
         <file>arm_sin_q15.obj</file>
         <name>arm_sin_q15.obj</name>
      </input_file>
      <input_file id="fl-4a">
         <path>.\CMSIS\DSP_Lib\Source\FastMathFunctions\</path>
         <kind>object</kind>
         <file>arm_sin_q31.obj</file>
         <name>arm_sin_q31.obj</name>
      </input_file>
      <input_file id="fl-4b">
         <path>.\CMSIS\DSP_Lib\Source\FastMathFunctions\</path>
         <kind>object</kind>
         <file>arm_sqrt_q15.obj</file>
         <name>arm_sqrt_q15.obj</name>
      </input_file>
      <input_file id="fl-4c">
         <path>.\CMSIS\DSP_Lib\Source\FastMathFunctions\</path>
         <kind>object</kind>
         <file>arm_sqrt_q31.obj</file>
         <name>arm_sqrt_q31.obj</name>
      </input_file>
      <input_file id="fl-4d">
         <path>.\CMSIS\DSP_Lib\Source\FilteringFunctions\</path>
         <kind>object</kind>
         <file>arm_biquad_cascade_df1_32x64_init_q31.obj</file>
         <name>arm_biquad_cascade_df1_32x64_init_q31.obj</name>
      </input_file>
      <input_file id="fl-4e">
         <path>.\CMSIS\DSP_Lib\Source\FilteringFunctions\</path>
         <kind>object</kind>
         <file>arm_biquad_cascade_df1_32x64_q31.obj</file>
         <name>arm_biquad_cascade_df1_32x64_q31.obj</name>
      </input_file>
      <input_file id="fl-4f">
         <path>.\CMSIS\DSP_Lib\Source\FilteringFunctions\</path>
         <kind>object</kind>
         <file>arm_biquad_cascade_df1_f32.obj</file>
         <name>arm_biquad_cascade_df1_f32.obj</name>
      </input_file>
      <input_file id="fl-50">
         <path>.\CMSIS\DSP_Lib\Source\FilteringFunctions\</path>
         <kind>object</kind>
         <file>arm_biquad_cascade_df1_fast_q15.obj</file>
         <name>arm_biquad_cascade_df1_fast_q15.obj</name>
      </input_file>
      <input_file id="fl-51">
         <path>.\CMSIS\DSP_Lib\Source\FilteringFunctions\</path>
         <kind>object</kind>
         <file>arm_biquad_cascade_df1_fast_q31.obj</file>
         <name>arm_biquad_cascade_df1_fast_q31.obj</name>
      </input_file>
      <input_file id="fl-52">
         <path>.\CMSIS\DSP_Lib\Source\FilteringFunctions\</path>
         <kind>object</kind>
         <file>arm_biquad_cascade_df1_init_f32.obj</file>
         <name>arm_biquad_cascade_df1_init_f32.obj</name>
      </input_file>
      <input_file id="fl-53">
         <path>.\CMSIS\DSP_Lib\Source\FilteringFunctions\</path>
         <kind>object</kind>
         <file>arm_biquad_cascade_df1_init_q15.obj</file>
         <name>arm_biquad_cascade_df1_init_q15.obj</name>
      </input_file>
      <input_file id="fl-54">
         <path>.\CMSIS\DSP_Lib\Source\FilteringFunctions\</path>
         <kind>object</kind>
         <file>arm_biquad_cascade_df1_init_q31.obj</file>
         <name>arm_biquad_cascade_df1_init_q31.obj</name>
      </input_file>
      <input_file id="fl-55">
         <path>.\CMSIS\DSP_Lib\Source\FilteringFunctions\</path>
         <kind>object</kind>
         <file>arm_biquad_cascade_df1_q15.obj</file>
         <name>arm_biquad_cascade_df1_q15.obj</name>
      </input_file>
      <input_file id="fl-56">
         <path>.\CMSIS\DSP_Lib\Source\FilteringFunctions\</path>
         <kind>object</kind>
         <file>arm_biquad_cascade_df1_q31.obj</file>
         <name>arm_biquad_cascade_df1_q31.obj</name>
      </input_file>
      <input_file id="fl-57">
         <path>.\CMSIS\DSP_Lib\Source\FilteringFunctions\</path>
         <kind>object</kind>
         <file>arm_biquad_cascade_df2T_f32.obj</file>
         <name>arm_biquad_cascade_df2T_f32.obj</name>
      </input_file>
      <input_file id="fl-58">
         <path>.\CMSIS\DSP_Lib\Source\FilteringFunctions\</path>
         <kind>object</kind>
         <file>arm_biquad_cascade_df2T_f64.obj</file>
         <name>arm_biquad_cascade_df2T_f64.obj</name>
      </input_file>
      <input_file id="fl-59">
         <path>.\CMSIS\DSP_Lib\Source\FilteringFunctions\</path>
         <kind>object</kind>
         <file>arm_biquad_cascade_df2T_init_f32.obj</file>
         <name>arm_biquad_cascade_df2T_init_f32.obj</name>
      </input_file>
      <input_file id="fl-5a">
         <path>.\CMSIS\DSP_Lib\Source\FilteringFunctions\</path>
         <kind>object</kind>
         <file>arm_biquad_cascade_df2T_init_f64.obj</file>
         <name>arm_biquad_cascade_df2T_init_f64.obj</name>
      </input_file>
      <input_file id="fl-5b">
         <path>.\CMSIS\DSP_Lib\Source\FilteringFunctions\</path>
         <kind>object</kind>
         <file>arm_biquad_cascade_stereo_df2T_f32.obj</file>
         <name>arm_biquad_cascade_stereo_df2T_f32.obj</name>
      </input_file>
      <input_file id="fl-5c">
         <path>.\CMSIS\DSP_Lib\Source\FilteringFunctions\</path>
         <kind>object</kind>
         <file>arm_biquad_cascade_stereo_df2T_init_f32.obj</file>
         <name>arm_biquad_cascade_stereo_df2T_init_f32.obj</name>
      </input_file>
      <input_file id="fl-5d">
         <path>.\CMSIS\DSP_Lib\Source\FilteringFunctions\</path>
         <kind>object</kind>
         <file>arm_conv_f32.obj</file>
         <name>arm_conv_f32.obj</name>
      </input_file>
      <input_file id="fl-5e">
         <path>.\CMSIS\DSP_Lib\Source\FilteringFunctions\</path>
         <kind>object</kind>
         <file>arm_conv_fast_opt_q15.obj</file>
         <name>arm_conv_fast_opt_q15.obj</name>
      </input_file>
      <input_file id="fl-5f">
         <path>.\CMSIS\DSP_Lib\Source\FilteringFunctions\</path>
         <kind>object</kind>
         <file>arm_conv_fast_q15.obj</file>
         <name>arm_conv_fast_q15.obj</name>
      </input_file>
      <input_file id="fl-60">
         <path>.\CMSIS\DSP_Lib\Source\FilteringFunctions\</path>
         <kind>object</kind>
         <file>arm_conv_fast_q31.obj</file>
         <name>arm_conv_fast_q31.obj</name>
      </input_file>
      <input_file id="fl-61">
         <path>.\CMSIS\DSP_Lib\Source\FilteringFunctions\</path>
         <kind>object</kind>
         <file>arm_conv_opt_q15.obj</file>
         <name>arm_conv_opt_q15.obj</name>
      </input_file>
      <input_file id="fl-62">
         <path>.\CMSIS\DSP_Lib\Source\FilteringFunctions\</path>
         <kind>object</kind>
         <file>arm_conv_opt_q7.obj</file>
         <name>arm_conv_opt_q7.obj</name>
      </input_file>
      <input_file id="fl-63">
         <path>.\CMSIS\DSP_Lib\Source\FilteringFunctions\</path>
         <kind>object</kind>
         <file>arm_conv_partial_f32.obj</file>
         <name>arm_conv_partial_f32.obj</name>
      </input_file>
      <input_file id="fl-64">
         <path>.\CMSIS\DSP_Lib\Source\FilteringFunctions\</path>
         <kind>object</kind>
         <file>arm_conv_partial_fast_opt_q15.obj</file>
         <name>arm_conv_partial_fast_opt_q15.obj</name>
      </input_file>
      <input_file id="fl-65">
         <path>.\CMSIS\DSP_Lib\Source\FilteringFunctions\</path>
         <kind>object</kind>
         <file>arm_conv_partial_fast_q15.obj</file>
         <name>arm_conv_partial_fast_q15.obj</name>
      </input_file>
      <input_file id="fl-66">
         <path>.\CMSIS\DSP_Lib\Source\FilteringFunctions\</path>
         <kind>object</kind>
         <file>arm_conv_partial_fast_q31.obj</file>
         <name>arm_conv_partial_fast_q31.obj</name>
      </input_file>
      <input_file id="fl-67">
         <path>.\CMSIS\DSP_Lib\Source\FilteringFunctions\</path>
         <kind>object</kind>
         <file>arm_conv_partial_opt_q15.obj</file>
         <name>arm_conv_partial_opt_q15.obj</name>
      </input_file>
      <input_file id="fl-68">
         <path>.\CMSIS\DSP_Lib\Source\FilteringFunctions\</path>
         <kind>object</kind>
         <file>arm_conv_partial_opt_q7.obj</file>
         <name>arm_conv_partial_opt_q7.obj</name>
      </input_file>
      <input_file id="fl-69">
         <path>.\CMSIS\DSP_Lib\Source\FilteringFunctions\</path>
         <kind>object</kind>
         <file>arm_conv_partial_q15.obj</file>
         <name>arm_conv_partial_q15.obj</name>
      </input_file>
      <input_file id="fl-6a">
         <path>.\CMSIS\DSP_Lib\Source\FilteringFunctions\</path>
         <kind>object</kind>
         <file>arm_conv_partial_q31.obj</file>
         <name>arm_conv_partial_q31.obj</name>
      </input_file>
      <input_file id="fl-6b">
         <path>.\CMSIS\DSP_Lib\Source\FilteringFunctions\</path>
         <kind>object</kind>
         <file>arm_conv_partial_q7.obj</file>
         <name>arm_conv_partial_q7.obj</name>
      </input_file>
      <input_file id="fl-6c">
         <path>.\CMSIS\DSP_Lib\Source\FilteringFunctions\</path>
         <kind>object</kind>
         <file>arm_conv_q15.obj</file>
         <name>arm_conv_q15.obj</name>
      </input_file>
      <input_file id="fl-6d">
         <path>.\CMSIS\DSP_Lib\Source\FilteringFunctions\</path>
         <kind>object</kind>
         <file>arm_conv_q31.obj</file>
         <name>arm_conv_q31.obj</name>
      </input_file>
      <input_file id="fl-6e">
         <path>.\CMSIS\DSP_Lib\Source\FilteringFunctions\</path>
         <kind>object</kind>
         <file>arm_conv_q7.obj</file>
         <name>arm_conv_q7.obj</name>
      </input_file>
      <input_file id="fl-6f">
         <path>.\CMSIS\DSP_Lib\Source\FilteringFunctions\</path>
         <kind>object</kind>
         <file>arm_correlate_f32.obj</file>
         <name>arm_correlate_f32.obj</name>
      </input_file>
      <input_file id="fl-70">
         <path>.\CMSIS\DSP_Lib\Source\FilteringFunctions\</path>
         <kind>object</kind>
         <file>arm_correlate_fast_opt_q15.obj</file>
         <name>arm_correlate_fast_opt_q15.obj</name>
      </input_file>
      <input_file id="fl-71">
         <path>.\CMSIS\DSP_Lib\Source\FilteringFunctions\</path>
         <kind>object</kind>
         <file>arm_correlate_fast_q15.obj</file>
         <name>arm_correlate_fast_q15.obj</name>
      </input_file>
      <input_file id="fl-72">
         <path>.\CMSIS\DSP_Lib\Source\FilteringFunctions\</path>
         <kind>object</kind>
         <file>arm_correlate_fast_q31.obj</file>
         <name>arm_correlate_fast_q31.obj</name>
      </input_file>
      <input_file id="fl-73">
         <path>.\CMSIS\DSP_Lib\Source\FilteringFunctions\</path>
         <kind>object</kind>
         <file>arm_correlate_opt_q15.obj</file>
         <name>arm_correlate_opt_q15.obj</name>
      </input_file>
      <input_file id="fl-74">
         <path>.\CMSIS\DSP_Lib\Source\FilteringFunctions\</path>
         <kind>object</kind>
         <file>arm_correlate_opt_q7.obj</file>
         <name>arm_correlate_opt_q7.obj</name>
      </input_file>
      <input_file id="fl-75">
         <path>.\CMSIS\DSP_Lib\Source\FilteringFunctions\</path>
         <kind>object</kind>
         <file>arm_correlate_q15.obj</file>
         <name>arm_correlate_q15.obj</name>
      </input_file>
      <input_file id="fl-76">
         <path>.\CMSIS\DSP_Lib\Source\FilteringFunctions\</path>
         <kind>object</kind>
         <file>arm_correlate_q31.obj</file>
         <name>arm_correlate_q31.obj</name>
      </input_file>
      <input_file id="fl-77">
         <path>.\CMSIS\DSP_Lib\Source\FilteringFunctions\</path>
         <kind>object</kind>
         <file>arm_correlate_q7.obj</file>
         <name>arm_correlate_q7.obj</name>
      </input_file>
      <input_file id="fl-78">
         <path>.\CMSIS\DSP_Lib\Source\FilteringFunctions\</path>
         <kind>object</kind>
         <file>arm_fir_decimate_f32.obj</file>
         <name>arm_fir_decimate_f32.obj</name>
      </input_file>
      <input_file id="fl-79">
         <path>.\CMSIS\DSP_Lib\Source\FilteringFunctions\</path>
         <kind>object</kind>
         <file>arm_fir_decimate_fast_q15.obj</file>
         <name>arm_fir_decimate_fast_q15.obj</name>
      </input_file>
      <input_file id="fl-7a">
         <path>.\CMSIS\DSP_Lib\Source\FilteringFunctions\</path>
         <kind>object</kind>
         <file>arm_fir_decimate_fast_q31.obj</file>
         <name>arm_fir_decimate_fast_q31.obj</name>
      </input_file>
      <input_file id="fl-7b">
         <path>.\CMSIS\DSP_Lib\Source\FilteringFunctions\</path>
         <kind>object</kind>
         <file>arm_fir_decimate_init_f32.obj</file>
         <name>arm_fir_decimate_init_f32.obj</name>
      </input_file>
      <input_file id="fl-7c">
         <path>.\CMSIS\DSP_Lib\Source\FilteringFunctions\</path>
         <kind>object</kind>
         <file>arm_fir_decimate_init_q15.obj</file>
         <name>arm_fir_decimate_init_q15.obj</name>
      </input_file>
      <input_file id="fl-7d">
         <path>.\CMSIS\DSP_Lib\Source\FilteringFunctions\</path>
         <kind>object</kind>
         <file>arm_fir_decimate_init_q31.obj</file>
         <name>arm_fir_decimate_init_q31.obj</name>
      </input_file>
      <input_file id="fl-7e">
         <path>.\CMSIS\DSP_Lib\Source\FilteringFunctions\</path>
         <kind>object</kind>
         <file>arm_fir_decimate_q15.obj</file>
         <name>arm_fir_decimate_q15.obj</name>
      </input_file>
      <input_file id="fl-7f">
         <path>.\CMSIS\DSP_Lib\Source\FilteringFunctions\</path>
         <kind>object</kind>
         <file>arm_fir_decimate_q31.obj</file>
         <name>arm_fir_decimate_q31.obj</name>
      </input_file>
      <input_file id="fl-80">
         <path>.\CMSIS\DSP_Lib\Source\FilteringFunctions\</path>
         <kind>object</kind>
         <file>arm_fir_f32.obj</file>
         <name>arm_fir_f32.obj</name>
      </input_file>
      <input_file id="fl-81">
         <path>.\CMSIS\DSP_Lib\Source\FilteringFunctions\</path>
         <kind>object</kind>
         <file>arm_fir_fast_q15.obj</file>
         <name>arm_fir_fast_q15.obj</name>
      </input_file>
      <input_file id="fl-82">
         <path>.\CMSIS\DSP_Lib\Source\FilteringFunctions\</path>
         <kind>object</kind>
         <file>arm_fir_fast_q31.obj</file>
         <name>arm_fir_fast_q31.obj</name>
      </input_file>
      <input_file id="fl-83">
         <path>.\CMSIS\DSP_Lib\Source\FilteringFunctions\</path>
         <kind>object</kind>
         <file>arm_fir_init_f32.obj</file>
         <name>arm_fir_init_f32.obj</name>
      </input_file>
      <input_file id="fl-84">
         <path>.\CMSIS\DSP_Lib\Source\FilteringFunctions\</path>
         <kind>object</kind>
         <file>arm_fir_init_q15.obj</file>
         <name>arm_fir_init_q15.obj</name>
      </input_file>
      <input_file id="fl-85">
         <path>.\CMSIS\DSP_Lib\Source\FilteringFunctions\</path>
         <kind>object</kind>
         <file>arm_fir_init_q31.obj</file>
         <name>arm_fir_init_q31.obj</name>
      </input_file>
      <input_file id="fl-86">
         <path>.\CMSIS\DSP_Lib\Source\FilteringFunctions\</path>
         <kind>object</kind>
         <file>arm_fir_init_q7.obj</file>
         <name>arm_fir_init_q7.obj</name>
      </input_file>
      <input_file id="fl-87">
         <path>.\CMSIS\DSP_Lib\Source\FilteringFunctions\</path>
         <kind>object</kind>
         <file>arm_fir_interpolate_f32.obj</file>
         <name>arm_fir_interpolate_f32.obj</name>
      </input_file>
      <input_file id="fl-88">
         <path>.\CMSIS\DSP_Lib\Source\FilteringFunctions\</path>
         <kind>object</kind>
         <file>arm_fir_interpolate_init_f32.obj</file>
         <name>arm_fir_interpolate_init_f32.obj</name>
      </input_file>
      <input_file id="fl-89">
         <path>.\CMSIS\DSP_Lib\Source\FilteringFunctions\</path>
         <kind>object</kind>
         <file>arm_fir_interpolate_init_q15.obj</file>
         <name>arm_fir_interpolate_init_q15.obj</name>
      </input_file>
      <input_file id="fl-8a">
         <path>.\CMSIS\DSP_Lib\Source\FilteringFunctions\</path>
         <kind>object</kind>
         <file>arm_fir_interpolate_init_q31.obj</file>
         <name>arm_fir_interpolate_init_q31.obj</name>
      </input_file>
      <input_file id="fl-8b">
         <path>.\CMSIS\DSP_Lib\Source\FilteringFunctions\</path>
         <kind>object</kind>
         <file>arm_fir_interpolate_q15.obj</file>
         <name>arm_fir_interpolate_q15.obj</name>
      </input_file>
      <input_file id="fl-8c">
         <path>.\CMSIS\DSP_Lib\Source\FilteringFunctions\</path>
         <kind>object</kind>
         <file>arm_fir_interpolate_q31.obj</file>
         <name>arm_fir_interpolate_q31.obj</name>
      </input_file>
      <input_file id="fl-8d">
         <path>.\CMSIS\DSP_Lib\Source\FilteringFunctions\</path>
         <kind>object</kind>
         <file>arm_fir_lattice_f32.obj</file>
         <name>arm_fir_lattice_f32.obj</name>
      </input_file>
      <input_file id="fl-8e">
         <path>.\CMSIS\DSP_Lib\Source\FilteringFunctions\</path>
         <kind>object</kind>
         <file>arm_fir_lattice_init_f32.obj</file>
         <name>arm_fir_lattice_init_f32.obj</name>
      </input_file>
      <input_file id="fl-8f">
         <path>.\CMSIS\DSP_Lib\Source\FilteringFunctions\</path>
         <kind>object</kind>
         <file>arm_fir_lattice_init_q15.obj</file>
         <name>arm_fir_lattice_init_q15.obj</name>
      </input_file>
      <input_file id="fl-90">
         <path>.\CMSIS\DSP_Lib\Source\FilteringFunctions\</path>
         <kind>object</kind>
         <file>arm_fir_lattice_init_q31.obj</file>
         <name>arm_fir_lattice_init_q31.obj</name>
      </input_file>
      <input_file id="fl-91">
         <path>.\CMSIS\DSP_Lib\Source\FilteringFunctions\</path>
         <kind>object</kind>
         <file>arm_fir_lattice_q15.obj</file>
         <name>arm_fir_lattice_q15.obj</name>
      </input_file>
      <input_file id="fl-92">
         <path>.\CMSIS\DSP_Lib\Source\FilteringFunctions\</path>
         <kind>object</kind>
         <file>arm_fir_lattice_q31.obj</file>
         <name>arm_fir_lattice_q31.obj</name>
      </input_file>
      <input_file id="fl-93">
         <path>.\CMSIS\DSP_Lib\Source\FilteringFunctions\</path>
         <kind>object</kind>
         <file>arm_fir_q15.obj</file>
         <name>arm_fir_q15.obj</name>
      </input_file>
      <input_file id="fl-94">
         <path>.\CMSIS\DSP_Lib\Source\FilteringFunctions\</path>
         <kind>object</kind>
         <file>arm_fir_q31.obj</file>
         <name>arm_fir_q31.obj</name>
      </input_file>
      <input_file id="fl-95">
         <path>.\CMSIS\DSP_Lib\Source\FilteringFunctions\</path>
         <kind>object</kind>
         <file>arm_fir_q7.obj</file>
         <name>arm_fir_q7.obj</name>
      </input_file>
      <input_file id="fl-96">
         <path>.\CMSIS\DSP_Lib\Source\FilteringFunctions\</path>
         <kind>object</kind>
         <file>arm_fir_sparse_f32.obj</file>
         <name>arm_fir_sparse_f32.obj</name>
      </input_file>
      <input_file id="fl-97">
         <path>.\CMSIS\DSP_Lib\Source\FilteringFunctions\</path>
         <kind>object</kind>
         <file>arm_fir_sparse_init_f32.obj</file>
         <name>arm_fir_sparse_init_f32.obj</name>
      </input_file>
      <input_file id="fl-98">
         <path>.\CMSIS\DSP_Lib\Source\FilteringFunctions\</path>
         <kind>object</kind>
         <file>arm_fir_sparse_init_q15.obj</file>
         <name>arm_fir_sparse_init_q15.obj</name>
      </input_file>
      <input_file id="fl-99">
         <path>.\CMSIS\DSP_Lib\Source\FilteringFunctions\</path>
         <kind>object</kind>
         <file>arm_fir_sparse_init_q31.obj</file>
         <name>arm_fir_sparse_init_q31.obj</name>
      </input_file>
      <input_file id="fl-9a">
         <path>.\CMSIS\DSP_Lib\Source\FilteringFunctions\</path>
         <kind>object</kind>
         <file>arm_fir_sparse_init_q7.obj</file>
         <name>arm_fir_sparse_init_q7.obj</name>
      </input_file>
      <input_file id="fl-9b">
         <path>.\CMSIS\DSP_Lib\Source\FilteringFunctions\</path>
         <kind>object</kind>
         <file>arm_fir_sparse_q15.obj</file>
         <name>arm_fir_sparse_q15.obj</name>
      </input_file>
      <input_file id="fl-9c">
         <path>.\CMSIS\DSP_Lib\Source\FilteringFunctions\</path>
         <kind>object</kind>
         <file>arm_fir_sparse_q31.obj</file>
         <name>arm_fir_sparse_q31.obj</name>
      </input_file>
      <input_file id="fl-9d">
         <path>.\CMSIS\DSP_Lib\Source\FilteringFunctions\</path>
         <kind>object</kind>
         <file>arm_fir_sparse_q7.obj</file>
         <name>arm_fir_sparse_q7.obj</name>
      </input_file>
      <input_file id="fl-9e">
         <path>.\CMSIS\DSP_Lib\Source\FilteringFunctions\</path>
         <kind>object</kind>
         <file>arm_iir_lattice_f32.obj</file>
         <name>arm_iir_lattice_f32.obj</name>
      </input_file>
      <input_file id="fl-9f">
         <path>.\CMSIS\DSP_Lib\Source\FilteringFunctions\</path>
         <kind>object</kind>
         <file>arm_iir_lattice_init_f32.obj</file>
         <name>arm_iir_lattice_init_f32.obj</name>
      </input_file>
      <input_file id="fl-a0">
         <path>.\CMSIS\DSP_Lib\Source\FilteringFunctions\</path>
         <kind>object</kind>
         <file>arm_iir_lattice_init_q15.obj</file>
         <name>arm_iir_lattice_init_q15.obj</name>
      </input_file>
      <input_file id="fl-a1">
         <path>.\CMSIS\DSP_Lib\Source\FilteringFunctions\</path>
         <kind>object</kind>
         <file>arm_iir_lattice_init_q31.obj</file>
         <name>arm_iir_lattice_init_q31.obj</name>
      </input_file>
      <input_file id="fl-a2">
         <path>.\CMSIS\DSP_Lib\Source\FilteringFunctions\</path>
         <kind>object</kind>
         <file>arm_iir_lattice_q15.obj</file>
         <name>arm_iir_lattice_q15.obj</name>
      </input_file>
      <input_file id="fl-a3">
         <path>.\CMSIS\DSP_Lib\Source\FilteringFunctions\</path>
         <kind>object</kind>
         <file>arm_iir_lattice_q31.obj</file>
         <name>arm_iir_lattice_q31.obj</name>
      </input_file>
      <input_file id="fl-a4">
         <path>.\CMSIS\DSP_Lib\Source\FilteringFunctions\</path>
         <kind>object</kind>
         <file>arm_lms_f32.obj</file>
         <name>arm_lms_f32.obj</name>
      </input_file>
      <input_file id="fl-a5">
         <path>.\CMSIS\DSP_Lib\Source\FilteringFunctions\</path>
         <kind>object</kind>
         <file>arm_lms_init_f32.obj</file>
         <name>arm_lms_init_f32.obj</name>
      </input_file>
      <input_file id="fl-a6">
         <path>.\CMSIS\DSP_Lib\Source\FilteringFunctions\</path>
         <kind>object</kind>
         <file>arm_lms_init_q15.obj</file>
         <name>arm_lms_init_q15.obj</name>
      </input_file>
      <input_file id="fl-a7">
         <path>.\CMSIS\DSP_Lib\Source\FilteringFunctions\</path>
         <kind>object</kind>
         <file>arm_lms_init_q31.obj</file>
         <name>arm_lms_init_q31.obj</name>
      </input_file>
      <input_file id="fl-a8">
         <path>.\CMSIS\DSP_Lib\Source\FilteringFunctions\</path>
         <kind>object</kind>
         <file>arm_lms_norm_f32.obj</file>
         <name>arm_lms_norm_f32.obj</name>
      </input_file>
      <input_file id="fl-a9">
         <path>.\CMSIS\DSP_Lib\Source\FilteringFunctions\</path>
         <kind>object</kind>
         <file>arm_lms_norm_init_f32.obj</file>
         <name>arm_lms_norm_init_f32.obj</name>
      </input_file>
      <input_file id="fl-aa">
         <path>.\CMSIS\DSP_Lib\Source\FilteringFunctions\</path>
         <kind>object</kind>
         <file>arm_lms_norm_init_q15.obj</file>
         <name>arm_lms_norm_init_q15.obj</name>
      </input_file>
      <input_file id="fl-ab">
         <path>.\CMSIS\DSP_Lib\Source\FilteringFunctions\</path>
         <kind>object</kind>
         <file>arm_lms_norm_init_q31.obj</file>
         <name>arm_lms_norm_init_q31.obj</name>
      </input_file>
      <input_file id="fl-ac">
         <path>.\CMSIS\DSP_Lib\Source\FilteringFunctions\</path>
         <kind>object</kind>
         <file>arm_lms_norm_q15.obj</file>
         <name>arm_lms_norm_q15.obj</name>
      </input_file>
      <input_file id="fl-ad">
         <path>.\CMSIS\DSP_Lib\Source\FilteringFunctions\</path>
         <kind>object</kind>
         <file>arm_lms_norm_q31.obj</file>
         <name>arm_lms_norm_q31.obj</name>
      </input_file>
      <input_file id="fl-ae">
         <path>.\CMSIS\DSP_Lib\Source\FilteringFunctions\</path>
         <kind>object</kind>
         <file>arm_lms_q15.obj</file>
         <name>arm_lms_q15.obj</name>
      </input_file>
      <input_file id="fl-af">
         <path>.\CMSIS\DSP_Lib\Source\FilteringFunctions\</path>
         <kind>object</kind>
         <file>arm_lms_q31.obj</file>
         <name>arm_lms_q31.obj</name>
      </input_file>
      <input_file id="fl-b0">
         <path>.\CMSIS\DSP_Lib\Source\MatrixFunctions\</path>
         <kind>object</kind>
         <file>arm_mat_add_f32.obj</file>
         <name>arm_mat_add_f32.obj</name>
      </input_file>
      <input_file id="fl-b1">
         <path>.\CMSIS\DSP_Lib\Source\MatrixFunctions\</path>
         <kind>object</kind>
         <file>arm_mat_add_q15.obj</file>
         <name>arm_mat_add_q15.obj</name>
      </input_file>
      <input_file id="fl-b2">
         <path>.\CMSIS\DSP_Lib\Source\MatrixFunctions\</path>
         <kind>object</kind>
         <file>arm_mat_add_q31.obj</file>
         <name>arm_mat_add_q31.obj</name>
      </input_file>
      <input_file id="fl-b3">
         <path>.\CMSIS\DSP_Lib\Source\MatrixFunctions\</path>
         <kind>object</kind>
         <file>arm_mat_cmplx_mult_f32.obj</file>
         <name>arm_mat_cmplx_mult_f32.obj</name>
      </input_file>
      <input_file id="fl-b4">
         <path>.\CMSIS\DSP_Lib\Source\MatrixFunctions\</path>
         <kind>object</kind>
         <file>arm_mat_cmplx_mult_q15.obj</file>
         <name>arm_mat_cmplx_mult_q15.obj</name>
      </input_file>
      <input_file id="fl-b5">
         <path>.\CMSIS\DSP_Lib\Source\MatrixFunctions\</path>
         <kind>object</kind>
         <file>arm_mat_cmplx_mult_q31.obj</file>
         <name>arm_mat_cmplx_mult_q31.obj</name>
      </input_file>
      <input_file id="fl-b6">
         <path>.\CMSIS\DSP_Lib\Source\MatrixFunctions\</path>
         <kind>object</kind>
         <file>arm_mat_init_f32.obj</file>
         <name>arm_mat_init_f32.obj</name>
      </input_file>
      <input_file id="fl-b7">
         <path>.\CMSIS\DSP_Lib\Source\MatrixFunctions\</path>
         <kind>object</kind>
         <file>arm_mat_init_q15.obj</file>
         <name>arm_mat_init_q15.obj</name>
      </input_file>
      <input_file id="fl-b8">
         <path>.\CMSIS\DSP_Lib\Source\MatrixFunctions\</path>
         <kind>object</kind>
         <file>arm_mat_init_q31.obj</file>
         <name>arm_mat_init_q31.obj</name>
      </input_file>
      <input_file id="fl-b9">
         <path>.\CMSIS\DSP_Lib\Source\MatrixFunctions\</path>
         <kind>object</kind>
         <file>arm_mat_inverse_f32.obj</file>
         <name>arm_mat_inverse_f32.obj</name>
      </input_file>
      <input_file id="fl-ba">
         <path>.\CMSIS\DSP_Lib\Source\MatrixFunctions\</path>
         <kind>object</kind>
         <file>arm_mat_inverse_f64.obj</file>
         <name>arm_mat_inverse_f64.obj</name>
      </input_file>
      <input_file id="fl-bb">
         <path>.\CMSIS\DSP_Lib\Source\MatrixFunctions\</path>
         <kind>object</kind>
         <file>arm_mat_mult_f32.obj</file>
         <name>arm_mat_mult_f32.obj</name>
      </input_file>
      <input_file id="fl-bc">
         <path>.\CMSIS\DSP_Lib\Source\MatrixFunctions\</path>
         <kind>object</kind>
         <file>arm_mat_mult_fast_q15.obj</file>
         <name>arm_mat_mult_fast_q15.obj</name>
      </input_file>
      <input_file id="fl-bd">
         <path>.\CMSIS\DSP_Lib\Source\MatrixFunctions\</path>
         <kind>object</kind>
         <file>arm_mat_mult_fast_q31.obj</file>
         <name>arm_mat_mult_fast_q31.obj</name>
      </input_file>
      <input_file id="fl-be">
         <path>.\CMSIS\DSP_Lib\Source\MatrixFunctions\</path>
         <kind>object</kind>
         <file>arm_mat_mult_q15.obj</file>
         <name>arm_mat_mult_q15.obj</name>
      </input_file>
      <input_file id="fl-bf">
         <path>.\CMSIS\DSP_Lib\Source\MatrixFunctions\</path>
         <kind>object</kind>
         <file>arm_mat_mult_q31.obj</file>
         <name>arm_mat_mult_q31.obj</name>
      </input_file>
      <input_file id="fl-c0">
         <path>.\CMSIS\DSP_Lib\Source\MatrixFunctions\</path>
         <kind>object</kind>
         <file>arm_mat_scale_f32.obj</file>
         <name>arm_mat_scale_f32.obj</name>
      </input_file>
      <input_file id="fl-c1">
         <path>.\CMSIS\DSP_Lib\Source\MatrixFunctions\</path>
         <kind>object</kind>
         <file>arm_mat_scale_q15.obj</file>
         <name>arm_mat_scale_q15.obj</name>
      </input_file>
      <input_file id="fl-c2">
         <path>.\CMSIS\DSP_Lib\Source\MatrixFunctions\</path>
         <kind>object</kind>
         <file>arm_mat_scale_q31.obj</file>
         <name>arm_mat_scale_q31.obj</name>
      </input_file>
      <input_file id="fl-c3">
         <path>.\CMSIS\DSP_Lib\Source\MatrixFunctions\</path>
         <kind>object</kind>
         <file>arm_mat_sub_f32.obj</file>
         <name>arm_mat_sub_f32.obj</name>
      </input_file>
      <input_file id="fl-c4">
         <path>.\CMSIS\DSP_Lib\Source\MatrixFunctions\</path>
         <kind>object</kind>
         <file>arm_mat_sub_q15.obj</file>
         <name>arm_mat_sub_q15.obj</name>
      </input_file>
      <input_file id="fl-c5">
         <path>.\CMSIS\DSP_Lib\Source\MatrixFunctions\</path>
         <kind>object</kind>
         <file>arm_mat_sub_q31.obj</file>
         <name>arm_mat_sub_q31.obj</name>
      </input_file>
      <input_file id="fl-c6">
         <path>.\CMSIS\DSP_Lib\Source\MatrixFunctions\</path>
         <kind>object</kind>
         <file>arm_mat_trans_f32.obj</file>
         <name>arm_mat_trans_f32.obj</name>
      </input_file>
      <input_file id="fl-c7">
         <path>.\CMSIS\DSP_Lib\Source\MatrixFunctions\</path>
         <kind>object</kind>
         <file>arm_mat_trans_q15.obj</file>
         <name>arm_mat_trans_q15.obj</name>
      </input_file>
      <input_file id="fl-c8">
         <path>.\CMSIS\DSP_Lib\Source\MatrixFunctions\</path>
         <kind>object</kind>
         <file>arm_mat_trans_q31.obj</file>
         <name>arm_mat_trans_q31.obj</name>
      </input_file>
      <input_file id="fl-c9">
         <path>.\CMSIS\DSP_Lib\Source\StatisticsFunctions\</path>
         <kind>object</kind>
         <file>arm_max2_q32.obj</file>
         <name>arm_max2_q32.obj</name>
      </input_file>
      <input_file id="fl-ca">
         <path>.\CMSIS\DSP_Lib\Source\StatisticsFunctions\</path>
         <kind>object</kind>
         <file>arm_max_f32.obj</file>
         <name>arm_max_f32.obj</name>
      </input_file>
      <input_file id="fl-cb">
         <path>.\CMSIS\DSP_Lib\Source\StatisticsFunctions\</path>
         <kind>object</kind>
         <file>arm_max_q15.obj</file>
         <name>arm_max_q15.obj</name>
      </input_file>
      <input_file id="fl-cc">
         <path>.\CMSIS\DSP_Lib\Source\StatisticsFunctions\</path>
         <kind>object</kind>
         <file>arm_max_q31.obj</file>
         <name>arm_max_q31.obj</name>
      </input_file>
      <input_file id="fl-cd">
         <path>.\CMSIS\DSP_Lib\Source\StatisticsFunctions\</path>
         <kind>object</kind>
         <file>arm_max_q7.obj</file>
         <name>arm_max_q7.obj</name>
      </input_file>
      <input_file id="fl-ce">
         <path>.\CMSIS\DSP_Lib\Source\StatisticsFunctions\</path>
         <kind>object</kind>
         <file>arm_mean_f32.obj</file>
         <name>arm_mean_f32.obj</name>
      </input_file>
      <input_file id="fl-cf">
         <path>.\CMSIS\DSP_Lib\Source\StatisticsFunctions\</path>
         <kind>object</kind>
         <file>arm_mean_q15.obj</file>
         <name>arm_mean_q15.obj</name>
      </input_file>
      <input_file id="fl-d0">
         <path>.\CMSIS\DSP_Lib\Source\StatisticsFunctions\</path>
         <kind>object</kind>
         <file>arm_mean_q31.obj</file>
         <name>arm_mean_q31.obj</name>
      </input_file>
      <input_file id="fl-d1">
         <path>.\CMSIS\DSP_Lib\Source\StatisticsFunctions\</path>
         <kind>object</kind>
         <file>arm_mean_q7.obj</file>
         <name>arm_mean_q7.obj</name>
      </input_file>
      <input_file id="fl-d2">
         <path>.\CMSIS\DSP_Lib\Source\StatisticsFunctions\</path>
         <kind>object</kind>
         <file>arm_min_f32.obj</file>
         <name>arm_min_f32.obj</name>
      </input_file>
      <input_file id="fl-d3">
         <path>.\CMSIS\DSP_Lib\Source\StatisticsFunctions\</path>
         <kind>object</kind>
         <file>arm_min_q15.obj</file>
         <name>arm_min_q15.obj</name>
      </input_file>
      <input_file id="fl-d4">
         <path>.\CMSIS\DSP_Lib\Source\StatisticsFunctions\</path>
         <kind>object</kind>
         <file>arm_min_q31.obj</file>
         <name>arm_min_q31.obj</name>
      </input_file>
      <input_file id="fl-d5">
         <path>.\CMSIS\DSP_Lib\Source\StatisticsFunctions\</path>
         <kind>object</kind>
         <file>arm_min_q7.obj</file>
         <name>arm_min_q7.obj</name>
      </input_file>
      <input_file id="fl-d6">
         <path>.\CMSIS\DSP_Lib\Source\StatisticsFunctions\</path>
         <kind>object</kind>
         <file>arm_power_f32.obj</file>
         <name>arm_power_f32.obj</name>
      </input_file>
      <input_file id="fl-d7">
         <path>.\CMSIS\DSP_Lib\Source\StatisticsFunctions\</path>
         <kind>object</kind>
         <file>arm_power_q15.obj</file>
         <name>arm_power_q15.obj</name>
      </input_file>
      <input_file id="fl-d8">
         <path>.\CMSIS\DSP_Lib\Source\StatisticsFunctions\</path>
         <kind>object</kind>
         <file>arm_power_q31.obj</file>
         <name>arm_power_q31.obj</name>
      </input_file>
      <input_file id="fl-d9">
         <path>.\CMSIS\DSP_Lib\Source\StatisticsFunctions\</path>
         <kind>object</kind>
         <file>arm_power_q7.obj</file>
         <name>arm_power_q7.obj</name>
      </input_file>
      <input_file id="fl-da">
         <path>.\CMSIS\DSP_Lib\Source\StatisticsFunctions\</path>
         <kind>object</kind>
         <file>arm_rms_f32.obj</file>
         <name>arm_rms_f32.obj</name>
      </input_file>
      <input_file id="fl-db">
         <path>.\CMSIS\DSP_Lib\Source\StatisticsFunctions\</path>
         <kind>object</kind>
         <file>arm_rms_q15.obj</file>
         <name>arm_rms_q15.obj</name>
      </input_file>
      <input_file id="fl-dc">
         <path>.\CMSIS\DSP_Lib\Source\StatisticsFunctions\</path>
         <kind>object</kind>
         <file>arm_rms_q31.obj</file>
         <name>arm_rms_q31.obj</name>
      </input_file>
      <input_file id="fl-dd">
         <path>.\CMSIS\DSP_Lib\Source\StatisticsFunctions\</path>
         <kind>object</kind>
         <file>arm_std_f32.obj</file>
         <name>arm_std_f32.obj</name>
      </input_file>
      <input_file id="fl-de">
         <path>.\CMSIS\DSP_Lib\Source\StatisticsFunctions\</path>
         <kind>object</kind>
         <file>arm_std_q15.obj</file>
         <name>arm_std_q15.obj</name>
      </input_file>
      <input_file id="fl-df">
         <path>.\CMSIS\DSP_Lib\Source\StatisticsFunctions\</path>
         <kind>object</kind>
         <file>arm_std_q31.obj</file>
         <name>arm_std_q31.obj</name>
      </input_file>
      <input_file id="fl-e0">
         <path>.\CMSIS\DSP_Lib\Source\StatisticsFunctions\</path>
         <kind>object</kind>
         <file>arm_var_f32.obj</file>
         <name>arm_var_f32.obj</name>
      </input_file>
      <input_file id="fl-e1">
         <path>.\CMSIS\DSP_Lib\Source\StatisticsFunctions\</path>
         <kind>object</kind>
         <file>arm_var_q15.obj</file>
         <name>arm_var_q15.obj</name>
      </input_file>
      <input_file id="fl-e2">
         <path>.\CMSIS\DSP_Lib\Source\StatisticsFunctions\</path>
         <kind>object</kind>
         <file>arm_var_q31.obj</file>
         <name>arm_var_q31.obj</name>
      </input_file>
      <input_file id="fl-e3">
         <path>.\CMSIS\DSP_Lib\Source\SupportFunctions\</path>
         <kind>object</kind>
         <file>arm_copy_f32.obj</file>
         <name>arm_copy_f32.obj</name>
      </input_file>
      <input_file id="fl-e4">
         <path>.\CMSIS\DSP_Lib\Source\SupportFunctions\</path>
         <kind>object</kind>
         <file>arm_copy_q15.obj</file>
         <name>arm_copy_q15.obj</name>
      </input_file>
      <input_file id="fl-e5">
         <path>.\CMSIS\DSP_Lib\Source\SupportFunctions\</path>
         <kind>object</kind>
         <file>arm_copy_q31.obj</file>
         <name>arm_copy_q31.obj</name>
      </input_file>
      <input_file id="fl-e6">
         <path>.\CMSIS\DSP_Lib\Source\SupportFunctions\</path>
         <kind>object</kind>
         <file>arm_copy_q7.obj</file>
         <name>arm_copy_q7.obj</name>
      </input_file>
      <input_file id="fl-e7">
         <path>.\CMSIS\DSP_Lib\Source\SupportFunctions\</path>
         <kind>object</kind>
         <file>arm_fill_f32.obj</file>
         <name>arm_fill_f32.obj</name>
      </input_file>
      <input_file id="fl-e8">
         <path>.\CMSIS\DSP_Lib\Source\SupportFunctions\</path>
         <kind>object</kind>
         <file>arm_fill_q15.obj</file>
         <name>arm_fill_q15.obj</name>
      </input_file>
      <input_file id="fl-e9">
         <path>.\CMSIS\DSP_Lib\Source\SupportFunctions\</path>
         <kind>object</kind>
         <file>arm_fill_q31.obj</file>
         <name>arm_fill_q31.obj</name>
      </input_file>
      <input_file id="fl-ea">
         <path>.\CMSIS\DSP_Lib\Source\SupportFunctions\</path>
         <kind>object</kind>
         <file>arm_fill_q7.obj</file>
         <name>arm_fill_q7.obj</name>
      </input_file>
      <input_file id="fl-eb">
         <path>.\CMSIS\DSP_Lib\Source\SupportFunctions\</path>
         <kind>object</kind>
         <file>arm_float_to_q15.obj</file>
         <name>arm_float_to_q15.obj</name>
      </input_file>
      <input_file id="fl-ec">
         <path>.\CMSIS\DSP_Lib\Source\SupportFunctions\</path>
         <kind>object</kind>
         <file>arm_float_to_q31.obj</file>
         <name>arm_float_to_q31.obj</name>
      </input_file>
      <input_file id="fl-ed">
         <path>.\CMSIS\DSP_Lib\Source\SupportFunctions\</path>
         <kind>object</kind>
         <file>arm_float_to_q7.obj</file>
         <name>arm_float_to_q7.obj</name>
      </input_file>
      <input_file id="fl-ee">
         <path>.\CMSIS\DSP_Lib\Source\SupportFunctions\</path>
         <kind>object</kind>
         <file>arm_q15_to_float.obj</file>
         <name>arm_q15_to_float.obj</name>
      </input_file>
      <input_file id="fl-ef">
         <path>.\CMSIS\DSP_Lib\Source\SupportFunctions\</path>
         <kind>object</kind>
         <file>arm_q15_to_q31.obj</file>
         <name>arm_q15_to_q31.obj</name>
      </input_file>
      <input_file id="fl-f0">
         <path>.\CMSIS\DSP_Lib\Source\SupportFunctions\</path>
         <kind>object</kind>
         <file>arm_q15_to_q7.obj</file>
         <name>arm_q15_to_q7.obj</name>
      </input_file>
      <input_file id="fl-f1">
         <path>.\CMSIS\DSP_Lib\Source\SupportFunctions\</path>
         <kind>object</kind>
         <file>arm_q31_to_float.obj</file>
         <name>arm_q31_to_float.obj</name>
      </input_file>
      <input_file id="fl-f2">
         <path>.\CMSIS\DSP_Lib\Source\SupportFunctions\</path>
         <kind>object</kind>
         <file>arm_q31_to_q15.obj</file>
         <name>arm_q31_to_q15.obj</name>
      </input_file>
      <input_file id="fl-f3">
         <path>.\CMSIS\DSP_Lib\Source\SupportFunctions\</path>
         <kind>object</kind>
         <file>arm_q31_to_q7.obj</file>
         <name>arm_q31_to_q7.obj</name>
      </input_file>
      <input_file id="fl-f4">
         <path>.\CMSIS\DSP_Lib\Source\SupportFunctions\</path>
         <kind>object</kind>
         <file>arm_q7_to_float.obj</file>
         <name>arm_q7_to_float.obj</name>
      </input_file>
      <input_file id="fl-f5">
         <path>.\CMSIS\DSP_Lib\Source\SupportFunctions\</path>
         <kind>object</kind>
         <file>arm_q7_to_q15.obj</file>
         <name>arm_q7_to_q15.obj</name>
      </input_file>
      <input_file id="fl-f6">
         <path>.\CMSIS\DSP_Lib\Source\SupportFunctions\</path>
         <kind>object</kind>
         <file>arm_q7_to_q31.obj</file>
         <name>arm_q7_to_q31.obj</name>
      </input_file>
      <input_file id="fl-f7">
         <path>.\CMSIS\DSP_Lib\Source\TransformFunctions\</path>
         <kind>object</kind>
         <file>arm_bitreversal.obj</file>
         <name>arm_bitreversal.obj</name>
      </input_file>
      <input_file id="fl-f8">
         <path>.\CMSIS\DSP_Lib\Source\TransformFunctions\</path>
         <kind>object</kind>
         <file>arm_cfft_f32.obj</file>
         <name>arm_cfft_f32.obj</name>
      </input_file>
      <input_file id="fl-f9">
         <path>.\CMSIS\DSP_Lib\Source\TransformFunctions\</path>
         <kind>object</kind>
         <file>arm_cfft_q15.obj</file>
         <name>arm_cfft_q15.obj</name>
      </input_file>
      <input_file id="fl-fa">
         <path>.\CMSIS\DSP_Lib\Source\TransformFunctions\</path>
         <kind>object</kind>
         <file>arm_cfft_q31.obj</file>
         <name>arm_cfft_q31.obj</name>
      </input_file>
      <input_file id="fl-fb">
         <path>.\CMSIS\DSP_Lib\Source\TransformFunctions\</path>
         <kind>object</kind>
         <file>arm_cfft_radix2_f32.obj</file>
         <name>arm_cfft_radix2_f32.obj</name>
      </input_file>
      <input_file id="fl-fc">
         <path>.\CMSIS\DSP_Lib\Source\TransformFunctions\</path>
         <kind>object</kind>
         <file>arm_cfft_radix2_init_f32.obj</file>
         <name>arm_cfft_radix2_init_f32.obj</name>
      </input_file>
      <input_file id="fl-fd">
         <path>.\CMSIS\DSP_Lib\Source\TransformFunctions\</path>
         <kind>object</kind>
         <file>arm_cfft_radix2_init_q15.obj</file>
         <name>arm_cfft_radix2_init_q15.obj</name>
      </input_file>
      <input_file id="fl-fe">
         <path>.\CMSIS\DSP_Lib\Source\TransformFunctions\</path>
         <kind>object</kind>
         <file>arm_cfft_radix2_init_q31.obj</file>
         <name>arm_cfft_radix2_init_q31.obj</name>
      </input_file>
      <input_file id="fl-ff">
         <path>.\CMSIS\DSP_Lib\Source\TransformFunctions\</path>
         <kind>object</kind>
         <file>arm_cfft_radix2_q15.obj</file>
         <name>arm_cfft_radix2_q15.obj</name>
      </input_file>
      <input_file id="fl-100">
         <path>.\CMSIS\DSP_Lib\Source\TransformFunctions\</path>
         <kind>object</kind>
         <file>arm_cfft_radix2_q31.obj</file>
         <name>arm_cfft_radix2_q31.obj</name>
      </input_file>
      <input_file id="fl-101">
         <path>.\CMSIS\DSP_Lib\Source\TransformFunctions\</path>
         <kind>object</kind>
         <file>arm_cfft_radix4_f32.obj</file>
         <name>arm_cfft_radix4_f32.obj</name>
      </input_file>
      <input_file id="fl-102">
         <path>.\CMSIS\DSP_Lib\Source\TransformFunctions\</path>
         <kind>object</kind>
         <file>arm_cfft_radix4_init_f32.obj</file>
         <name>arm_cfft_radix4_init_f32.obj</name>
      </input_file>
      <input_file id="fl-103">
         <path>.\CMSIS\DSP_Lib\Source\TransformFunctions\</path>
         <kind>object</kind>
         <file>arm_cfft_radix4_init_q15.obj</file>
         <name>arm_cfft_radix4_init_q15.obj</name>
      </input_file>
      <input_file id="fl-104">
         <path>.\CMSIS\DSP_Lib\Source\TransformFunctions\</path>
         <kind>object</kind>
         <file>arm_cfft_radix4_init_q31.obj</file>
         <name>arm_cfft_radix4_init_q31.obj</name>
      </input_file>
      <input_file id="fl-105">
         <path>.\CMSIS\DSP_Lib\Source\TransformFunctions\</path>
         <kind>object</kind>
         <file>arm_cfft_radix4_q15.obj</file>
         <name>arm_cfft_radix4_q15.obj</name>
      </input_file>
      <input_file id="fl-106">
         <path>.\CMSIS\DSP_Lib\Source\TransformFunctions\</path>
         <kind>object</kind>
         <file>arm_cfft_radix4_q31.obj</file>
         <name>arm_cfft_radix4_q31.obj</name>
      </input_file>
      <input_file id="fl-107">
         <path>.\CMSIS\DSP_Lib\Source\TransformFunctions\</path>
         <kind>object</kind>
         <file>arm_cfft_radix8_f32.obj</file>
         <name>arm_cfft_radix8_f32.obj</name>
      </input_file>
      <input_file id="fl-108">
         <path>.\CMSIS\DSP_Lib\Source\TransformFunctions\</path>
         <kind>object</kind>
         <file>arm_dct4_f32.obj</file>
         <name>arm_dct4_f32.obj</name>
      </input_file>
      <input_file id="fl-109">
         <path>.\CMSIS\DSP_Lib\Source\TransformFunctions\</path>
         <kind>object</kind>
         <file>arm_dct4_init_f32.obj</file>
         <name>arm_dct4_init_f32.obj</name>
      </input_file>
      <input_file id="fl-10a">
         <path>.\CMSIS\DSP_Lib\Source\TransformFunctions\</path>
         <kind>object</kind>
         <file>arm_dct4_init_q15.obj</file>
         <name>arm_dct4_init_q15.obj</name>
      </input_file>
      <input_file id="fl-10b">
         <path>.\CMSIS\DSP_Lib\Source\TransformFunctions\</path>
         <kind>object</kind>
         <file>arm_dct4_init_q31.obj</file>
         <name>arm_dct4_init_q31.obj</name>
      </input_file>
      <input_file id="fl-10c">
         <path>.\CMSIS\DSP_Lib\Source\TransformFunctions\</path>
         <kind>object</kind>
         <file>arm_dct4_q15.obj</file>
         <name>arm_dct4_q15.obj</name>
      </input_file>
      <input_file id="fl-10d">
         <path>.\CMSIS\DSP_Lib\Source\TransformFunctions\</path>
         <kind>object</kind>
         <file>arm_dct4_q31.obj</file>
         <name>arm_dct4_q31.obj</name>
      </input_file>
      <input_file id="fl-10e">
         <path>.\CMSIS\DSP_Lib\Source\TransformFunctions\</path>
         <kind>object</kind>
         <file>arm_rfft_f32.obj</file>
         <name>arm_rfft_f32.obj</name>
      </input_file>
      <input_file id="fl-10f">
         <path>.\CMSIS\DSP_Lib\Source\TransformFunctions\</path>
         <kind>object</kind>
         <file>arm_rfft_fast_f32.obj</file>
         <name>arm_rfft_fast_f32.obj</name>
      </input_file>
      <input_file id="fl-110">
         <path>.\CMSIS\DSP_Lib\Source\TransformFunctions\</path>
         <kind>object</kind>
         <file>arm_rfft_fast_init_f32.obj</file>
         <name>arm_rfft_fast_init_f32.obj</name>
      </input_file>
      <input_file id="fl-111">
         <path>.\CMSIS\DSP_Lib\Source\TransformFunctions\</path>
         <kind>object</kind>
         <file>arm_rfft_init_f32.obj</file>
         <name>arm_rfft_init_f32.obj</name>
      </input_file>
      <input_file id="fl-112">
         <path>.\CMSIS\DSP_Lib\Source\TransformFunctions\</path>
         <kind>object</kind>
         <file>arm_rfft_init_q15.obj</file>
         <name>arm_rfft_init_q15.obj</name>
      </input_file>
      <input_file id="fl-113">
         <path>.\CMSIS\DSP_Lib\Source\TransformFunctions\</path>
         <kind>object</kind>
         <file>arm_rfft_init_q31.obj</file>
         <name>arm_rfft_init_q31.obj</name>
      </input_file>
      <input_file id="fl-114">
         <path>.\CMSIS\DSP_Lib\Source\TransformFunctions\</path>
         <kind>object</kind>
         <file>arm_rfft_q15.obj</file>
         <name>arm_rfft_q15.obj</name>
      </input_file>
      <input_file id="fl-115">
         <path>.\CMSIS\DSP_Lib\Source\TransformFunctions\</path>
         <kind>object</kind>
         <file>arm_rfft_q31.obj</file>
         <name>arm_rfft_q31.obj</name>
      </input_file>
      <input_file id="fl-117">
         <path>.\extraction\</path>
         <kind>object</kind>
         <file>extraction.obj</file>
         <name>extraction.obj</name>
      </input_file>
      <input_file id="fl-118">
         <path>.\extraction\</path>
         <kind>object</kind>
         <file>loop.obj</file>
         <name>loop.obj</name>
      </input_file>
      <input_file id="fl-119">
         <path>.\fann\</path>
         <kind>object</kind>
         <file>fann.obj</file>
         <name>fann.obj</name>
      </input_file>
      <input_file id="fl-1da">
         <path>C:\ti\ccsv7\tools\compiler\ti-cgt-arm_17.6.0.STS\lib\</path>
         <kind>archive</kind>
         <file>rtsv7M4_T_le_v4SPD16_eabi.lib</file>
         <name>e_exp.obj</name>
      </input_file>
      <input_file id="fl-1db">
         <path>C:\ti\ccsv7\tools\compiler\ti-cgt-arm_17.6.0.STS\lib\</path>
         <kind>archive</kind>
         <file>rtsv7M4_T_le_v4SPD16_eabi.lib</file>
         <name>e_sqrt.obj</name>
      </input_file>
      <input_file id="fl-1dc">
         <path>C:\ti\ccsv7\tools\compiler\ti-cgt-arm_17.6.0.STS\lib\</path>
         <kind>archive</kind>
         <file>rtsv7M4_T_le_v4SPD16_eabi.lib</file>
         <name>s_cos.obj</name>
      </input_file>
      <input_file id="fl-1dd">
         <path>C:\ti\ccsv7\tools\compiler\ti-cgt-arm_17.6.0.STS\lib\</path>
         <kind>archive</kind>
         <file>rtsv7M4_T_le_v4SPD16_eabi.lib</file>
         <name>s_sin.obj</name>
      </input_file>
      <input_file id="fl-1de">
         <path>C:\ti\ccsv7\tools\compiler\ti-cgt-arm_17.6.0.STS\lib\</path>
         <kind>archive</kind>
         <file>rtsv7M4_T_le_v4SPD16_eabi.lib</file>
         <name>e_sqrtf.obj</name>
      </input_file>
      <input_file id="fl-1ed">
         <path>C:\ti\ccsv7\tools\compiler\ti-cgt-arm_17.6.0.STS\lib\</path>
         <kind>archive</kind>
         <file>rtsv7M4_T_le_v4SPD16_eabi.lib</file>
         <name>l_div0.obj</name>
      </input_file>
      <input_file id="fl-1ee">
         <path>C:\ti\ccsv7\tools\compiler\ti-cgt-arm_17.6.0.STS\lib\</path>
         <kind>archive</kind>
         <file>rtsv7M4_T_le_v4SPD16_eabi.lib</file>
         <name>copy_zero_init.obj</name>
      </input_file>
      <input_file id="fl-1ef">
         <path>C:\ti\ccsv7\tools\compiler\ti-cgt-arm_17.6.0.STS\lib\</path>
         <kind>archive</kind>
         <file>rtsv7M4_T_le_v4SPD16_eabi.lib</file>
         <name>copy_decompress_none.obj</name>
      </input_file>
      <input_file id="fl-1f0">
         <path>C:\ti\ccsv7\tools\compiler\ti-cgt-arm_17.6.0.STS\lib\</path>
         <kind>archive</kind>
         <file>rtsv7M4_T_le_v4SPD16_eabi.lib</file>
         <name>copy_decompress_lzss.obj</name>
      </input_file>
      <input_file id="fl-1f2">
         <path>C:\ti\ccsv7\tools\compiler\ti-cgt-arm_17.6.0.STS\lib\</path>
         <kind>archive</kind>
         <file>rtsv7M4_T_le_v4SPD16_eabi.lib</file>
         <name>errno.obj</name>
      </input_file>
      <input_file id="fl-1f3">
         <path>C:\ti\ccsv7\tools\compiler\ti-cgt-arm_17.6.0.STS\lib\</path>
         <kind>archive</kind>
         <file>rtsv7M4_T_le_v4SPD16_eabi.lib</file>
         <name>k_rem_pio2.obj</name>
      </input_file>
      <input_file id="fl-1f4">
         <path>C:\ti\ccsv7\tools\compiler\ti-cgt-arm_17.6.0.STS\lib\</path>
         <kind>archive</kind>
         <file>rtsv7M4_T_le_v4SPD16_eabi.lib</file>
         <name>k_cos.obj</name>
      </input_file>
      <input_file id="fl-1f5">
         <path>C:\ti\ccsv7\tools\compiler\ti-cgt-arm_17.6.0.STS\lib\</path>
         <kind>archive</kind>
         <file>rtsv7M4_T_le_v4SPD16_eabi.lib</file>
         <name>k_sin.obj</name>
      </input_file>
      <input_file id="fl-1f6">
         <path>C:\ti\ccsv7\tools\compiler\ti-cgt-arm_17.6.0.STS\lib\</path>
         <kind>archive</kind>
         <file>rtsv7M4_T_le_v4SPD16_eabi.lib</file>
         <name>s_floor.obj</name>
      </input_file>
      <input_file id="fl-1f7">
         <path>C:\ti\ccsv7\tools\compiler\ti-cgt-arm_17.6.0.STS\lib\</path>
         <kind>archive</kind>
         <file>rtsv7M4_T_le_v4SPD16_eabi.lib</file>
         <name>s_scalbn.obj</name>
      </input_file>
      <input_file id="fl-1fa">
         <path>C:\ti\ccsv7\tools\compiler\ti-cgt-arm_17.6.0.STS\lib\</path>
         <kind>archive</kind>
         <file>rtsv7M4_T_le_v4SPD16_eabi.lib</file>
         <name>pre_init.obj</name>
      </input_file>
      <input_file id="fl-1fb">
         <path>C:\ti\ccsv7\tools\compiler\ti-cgt-arm_17.6.0.STS\lib\</path>
         <kind>archive</kind>
         <file>rtsv7M4_T_le_v4SPD16_eabi.lib</file>
         <name>startup.obj</name>
      </input_file>
      <input_file id="fl-1fc">
         <path>C:\ti\ccsv7\tools\compiler\ti-cgt-arm_17.6.0.STS\lib\</path>
         <kind>archive</kind>
         <file>rtsv7M4_T_le_v4SPD16_eabi.lib</file>
         <name>cpy_tbl.obj</name>
      </input_file>
      <input_file id="fl-1fe">
         <path>C:\ti\ccsv7\tools\compiler\ti-cgt-arm_17.6.0.STS\lib\</path>
         <kind>archive</kind>
         <file>rtsv7M4_T_le_v4SPD16_eabi.lib</file>
         <name>_lock.obj</name>
      </input_file>
      <input_file id="fl-200">
         <path>C:\ti\ccsv7\tools\compiler\ti-cgt-arm_17.6.0.STS\lib\</path>
         <kind>archive</kind>
         <file>rtsv7M4_T_le_v4SPD16_eabi.lib</file>
         <name>s_copysign.obj</name>
      </input_file>
      <input_file id="fl-201">
         <path>C:\Users\Ben\AppData\Local\Temp\</path>
         <kind>object</kind>
         <file>{88B4B742-6473-49C5-850D-FCFC2F111817}</file>
         <name>{88B4B742-6473-49C5-850D-FCFC2F111817}</name>
      </input_file>
      <input_file id="fl-116">
         <path>.\ccs\</path>
         <kind>object</kind>
         <file>startup_msp432p401r_ccs.obj</file>
         <name>startup_msp432p401r_ccs.obj</name>
      </input_file>
      <input_file id="fl-121">
         <kind>object</kind>
         <file>&lt;internal&gt;</file>
         <name>&lt;internal&gt;</name>
      </input_file>
      <input_file id="fl-122">
         <path>C:\ti\simplelink_msp432p4_sdk_1_60_00_12\source\ti\devices\msp432p4xx\driverlib\ccs\</path>
         <kind>archive</kind>
         <file>msp432p4xx_driverlib.lib</file>
         <name>gpio_MSP432P4XX.obj</name>
      </input_file>
      <input_file id="fl-123">
         <path>C:\ti\simplelink_msp432p4_sdk_1_60_00_12\source\ti\devices\msp432p4xx\driverlib\ccs\</path>
         <kind>archive</kind>
         <file>msp432p4xx_driverlib.lib</file>
         <name>interrupt_MSP432P4XX.obj</name>
      </input_file>
      <input_file id="fl-124">
         <path>C:\ti\simplelink_msp432p4_sdk_1_60_00_12\source\ti\devices\msp432p4xx\driverlib\ccs\</path>
         <kind>archive</kind>
         <file>msp432p4xx_driverlib.lib</file>
         <name>cpu_MSP432P4XX.obj</name>
      </input_file>
      <input_file id="fl-1df">
         <path>C:\ti\ccsv7\tools\compiler\ti-cgt-arm_17.6.0.STS\lib\</path>
         <kind>archive</kind>
         <file>rtsv7M4_T_le_v4SPD16_eabi.lib</file>
         <name>ll_div_t2.obj</name>
      </input_file>
      <input_file id="fl-1e0">
         <path>C:\ti\ccsv7\tools\compiler\ti-cgt-arm_17.6.0.STS\lib\</path>
         <kind>archive</kind>
         <file>rtsv7M4_T_le_v4SPD16_eabi.lib</file>
         <name>memset_t2.obj</name>
      </input_file>
      <input_file id="fl-1e1">
         <path>C:\ti\ccsv7\tools\compiler\ti-cgt-arm_17.6.0.STS\lib\</path>
         <kind>archive</kind>
         <file>rtsv7M4_T_le_v4SPD16_eabi.lib</file>
         <name>fd_add_t2.obj</name>
      </input_file>
      <input_file id="fl-1e2">
         <path>C:\ti\ccsv7\tools\compiler\ti-cgt-arm_17.6.0.STS\lib\</path>
         <kind>archive</kind>
         <file>rtsv7M4_T_le_v4SPD16_eabi.lib</file>
         <name>fd_cmp_t2.obj</name>
      </input_file>
      <input_file id="fl-1e3">
         <path>C:\ti\ccsv7\tools\compiler\ti-cgt-arm_17.6.0.STS\lib\</path>
         <kind>archive</kind>
         <file>rtsv7M4_T_le_v4SPD16_eabi.lib</file>
         <name>fd_div_t2.obj</name>
      </input_file>
      <input_file id="fl-1e4">
         <path>C:\ti\ccsv7\tools\compiler\ti-cgt-arm_17.6.0.STS\lib\</path>
         <kind>archive</kind>
         <file>rtsv7M4_T_le_v4SPD16_eabi.lib</file>
         <name>fd_mul_t2.obj</name>
      </input_file>
      <input_file id="fl-1e5">
         <path>C:\ti\ccsv7\tools\compiler\ti-cgt-arm_17.6.0.STS\lib\</path>
         <kind>archive</kind>
         <file>rtsv7M4_T_le_v4SPD16_eabi.lib</file>
         <name>fd_toi_t2.obj</name>
      </input_file>
      <input_file id="fl-1e6">
         <path>C:\ti\ccsv7\tools\compiler\ti-cgt-arm_17.6.0.STS\lib\</path>
         <kind>archive</kind>
         <file>rtsv7M4_T_le_v4SPD16_eabi.lib</file>
         <name>fd_tos_t2.obj</name>
      </input_file>
      <input_file id="fl-1e7">
         <path>C:\ti\ccsv7\tools\compiler\ti-cgt-arm_17.6.0.STS\lib\</path>
         <kind>archive</kind>
         <file>rtsv7M4_T_le_v4SPD16_eabi.lib</file>
         <name>fs_tod_t2.obj</name>
      </input_file>
      <input_file id="fl-1e8">
         <path>C:\ti\ccsv7\tools\compiler\ti-cgt-arm_17.6.0.STS\lib\</path>
         <kind>archive</kind>
         <file>rtsv7M4_T_le_v4SPD16_eabi.lib</file>
         <name>fs_toll_t2.obj</name>
      </input_file>
      <input_file id="fl-1e9">
         <path>C:\ti\ccsv7\tools\compiler\ti-cgt-arm_17.6.0.STS\lib\</path>
         <kind>archive</kind>
         <file>rtsv7M4_T_le_v4SPD16_eabi.lib</file>
         <name>i_tofd_t2.obj</name>
      </input_file>
      <input_file id="fl-1ea">
         <path>C:\ti\ccsv7\tools\compiler\ti-cgt-arm_17.6.0.STS\lib\</path>
         <kind>archive</kind>
         <file>rtsv7M4_T_le_v4SPD16_eabi.lib</file>
         <name>ll_asr_t2.obj</name>
      </input_file>
      <input_file id="fl-1eb">
         <path>C:\ti\ccsv7\tools\compiler\ti-cgt-arm_17.6.0.STS\lib\</path>
         <kind>archive</kind>
         <file>rtsv7M4_T_le_v4SPD16_eabi.lib</file>
         <name>ll_lsl_t2.obj</name>
      </input_file>
      <input_file id="fl-1ec">
         <path>C:\ti\ccsv7\tools\compiler\ti-cgt-arm_17.6.0.STS\lib\</path>
         <kind>archive</kind>
         <file>rtsv7M4_T_le_v4SPD16_eabi.lib</file>
         <name>ll_mul_t2.obj</name>
      </input_file>
      <input_file id="fl-1f1">
         <path>C:\ti\ccsv7\tools\compiler\ti-cgt-arm_17.6.0.STS\lib\</path>
         <kind>archive</kind>
         <file>rtsv7M4_T_le_v4SPD16_eabi.lib</file>
         <name>boot_cortex_m.obj</name>
      </input_file>
      <input_file id="fl-1f8">
         <path>C:\ti\ccsv7\tools\compiler\ti-cgt-arm_17.6.0.STS\lib\</path>
         <kind>archive</kind>
         <file>rtsv7M4_T_le_v4SPD16_eabi.lib</file>
         <name>memcpy_t2.obj</name>
      </input_file>
      <input_file id="fl-1f9">
         <path>C:\ti\ccsv7\tools\compiler\ti-cgt-arm_17.6.0.STS\lib\</path>
         <kind>archive</kind>
         <file>rtsv7M4_T_le_v4SPD16_eabi.lib</file>
         <name>autoinit.obj</name>
      </input_file>
      <input_file id="fl-1fd">
         <path>C:\ti\ccsv7\tools\compiler\ti-cgt-arm_17.6.0.STS\lib\</path>
         <kind>archive</kind>
         <file>rtsv7M4_T_le_v4SPD16_eabi.lib</file>
         <name>exit.obj</name>
      </input_file>
      <input_file id="fl-1ff">
         <path>C:\ti\ccsv7\tools\compiler\ti-cgt-arm_17.6.0.STS\lib\</path>
         <kind>archive</kind>
         <file>rtsv7M4_T_le_v4SPD16_eabi.lib</file>
         <name>args_main.obj</name>
      </input_file>
   </input_file_list>
   <object_component_list>
      <object_component id="oc-2d">
         <name>.intvecs:retain</name>
         <load_address>0x0</load_address>
         <run_address>0x0</run_address>
         <size>0xe4</size>
         <input_file_ref idref="fl-116"/>
      </object_component>
      <object_component id="oc-152">
         <name>.text:test2</name>
         <load_address>0xe8</load_address>
         <run_address>0xe8</run_address>
         <size>0xaca</size>
         <input_file_ref idref="fl-3"/>
      </object_component>
      <object_component id="oc-162">
         <name>.text</name>
         <load_address>0xbb2</load_address>
         <run_address>0xbb2</run_address>
         <size>0x2</size>
         <input_file_ref idref="fl-1fe"/>
      </object_component>
      <object_component id="oc-181">
         <name>.text</name>
         <load_address>0xbb4</load_address>
         <run_address>0xbb4</run_address>
         <size>0x5d8</size>
         <input_file_ref idref="fl-1dc"/>
      </object_component>
      <object_component id="oc-1d1">
         <name>.text</name>
         <load_address>0x118c</load_address>
         <run_address>0x118c</run_address>
         <size>0x5d4</size>
         <input_file_ref idref="fl-1f3"/>
      </object_component>
      <object_component id="oc-196">
         <name>.text</name>
         <load_address>0x1760</load_address>
         <run_address>0x1760</run_address>
         <size>0x5c0</size>
         <input_file_ref idref="fl-1dd"/>
      </object_component>
      <object_component id="oc-19c">
         <name>.text</name>
         <load_address>0x1d20</load_address>
         <run_address>0x1d20</run_address>
         <size>0x32c</size>
         <input_file_ref idref="fl-1da"/>
      </object_component>
      <object_component id="oc-18c">
         <name>.text</name>
         <load_address>0x204c</load_address>
         <run_address>0x204c</run_address>
         <size>0x1b6</size>
         <input_file_ref idref="fl-1e1"/>
      </object_component>
      <object_component id="oc-4d">
         <name>.text</name>
         <load_address>0x2202</load_address>
         <run_address>0x2202</run_address>
         <size>0x4</size>
         <input_file_ref idref="fl-1fa"/>
      </object_component>
      <object_component id="oc-f9">
         <name>.text</name>
         <load_address>0x2206</load_address>
         <run_address>0x2206</run_address>
         <size>0x2</size>
         <input_file_ref idref="fl-1fb"/>
      </object_component>
      <object_component id="oc-8a">
         <name>.text:EUSCIB0_IRQHandler</name>
         <load_address>0x2208</load_address>
         <run_address>0x2208</run_address>
         <size>0x186</size>
         <input_file_ref idref="fl-3"/>
      </object_component>
      <object_component id="oc-1d7">
         <name>.text</name>
         <load_address>0x2390</load_address>
         <run_address>0x2390</run_address>
         <size>0x174</size>
         <input_file_ref idref="fl-1f5"/>
      </object_component>
      <object_component id="oc-1c1">
         <name>.text</name>
         <load_address>0x2504</load_address>
         <run_address>0x2504</run_address>
         <size>0x16c</size>
         <input_file_ref idref="fl-1f4"/>
      </object_component>
      <object_component id="oc-1a2">
         <name>.text</name>
         <load_address>0x2670</load_address>
         <run_address>0x2670</run_address>
         <size>0x136</size>
         <input_file_ref idref="fl-1e3"/>
      </object_component>
      <object_component id="oc-187">
         <name>.text</name>
         <load_address>0x27a6</load_address>
         <run_address>0x27a6</run_address>
         <size>0xfc</size>
         <input_file_ref idref="fl-1e4"/>
      </object_component>
      <object_component id="oc-204">
         <name>.text</name>
         <load_address>0x28a4</load_address>
         <run_address>0x28a4</run_address>
         <size>0xfc</size>
         <input_file_ref idref="fl-1f7"/>
      </object_component>
      <object_component id="oc-20a">
         <name>.text</name>
[...]
      </symbol>
      <symbol id="sm-316">
         <name>sinl</name>
         <value>0x1761</value>
         <object_component_ref idref="oc-196"/>
      </symbol>
      <symbol id="sm-317">
         <name>test2</name>
         <value>0xe9</value>
         <object_component_ref idref="oc-152"/>
      </symbol>
      <symbol id="sm-318">
         <name>test_data_input</name>
         <value>0x20002794</value>
         <object_component_ref idref="oc-12d"/>
      </symbol>
      <symbol id="sm-319">
         <name>test_data_output</name>
         <value>0x32f8</value>
         <object_component_ref idref="oc-1a7"/>
      </symbol>
      <symbol id="sm-31a">
         <name>cosl</name>
         <value>0xbb5</value>
         <object_component_ref idref="oc-181"/>
      </symbol>
      <symbol id="sm-31b">
         <name>fann_layers</name>
         <value>0x20005cf0</value>
         <object_component_ref idref="oc-179"/>
      </symbol>
      <symbol id="sm-31c">
         <name>copy_in</name>
         <value>0x3049</value>
         <object_component_ref idref="oc-f3"/>
      </symbol>
      <symbol id="sm-31d">
         <name>floorl</name>
         <value>0x29a1</value>
         <object_component_ref idref="oc-20a"/>
      </symbol>
      <symbol id="sm-31e">
         <name>uartConf</name>
         <value>0x3f60</value>
         <object_component_ref idref="oc-170"/>
      </symbol>
      <symbol id="sm-31f">
         <name>neuron_values</name>
         <value>0x20005d10</value>
         <object_component_ref idref="oc-179"/>
      </symbol>
      <symbol id="sm-320">
         <name>mtime</name>
         <value>0x20000006</value>
         <object_component_ref idref="oc-12d"/>
      </symbol>
      <symbol id="sm-321">
         <name>_nop</name>
         <value>0xbb3</value>
         <object_component_ref idref="oc-162"/>
      </symbol>
      <symbol id="sm-322">
         <name>__kernel_rem_pio2</name>
         <value>0x118d</value>
         <object_component_ref idref="oc-1d1"/>
      </symbol>
      <symbol id="sm-323">
         <name>floor</name>
         <value>0x29a1</value>
         <object_component_ref idref="oc-20a"/>
      </symbol>
      <symbol id="sm-324">
         <name>cos</name>
         <value>0xbb5</value>
         <object_component_ref idref="oc-181"/>
      </symbol>
      <symbol id="sm-325">
         <name>PORT2_IRQHandler</name>
         <value>0x2ff9</value>
         <object_component_ref idref="oc-a2"/>
      </symbol>
      <symbol id="sm-326">
         <name>copysignl</name>
         <value>0x32a5</value>
         <object_component_ref idref="oc-21a"/>
      </symbol>
      <symbol id="sm-327">
         <name>errno</name>
         <value>0x200094d0</value>
         <object_component_ref idref="oc-1e7"/>
      </symbol>
      <symbol id="sm-328">
         <name>__kernel_sin</name>
         <value>0x2391</value>
         <object_component_ref idref="oc-1d7"/>
      </symbol>
      <symbol id="sm-329">
         <name>EUSCIA1_IRQHandler</name>
         <value>0x2f49</value>
         <object_component_ref idref="oc-7e"/>
      </symbol>
      <symbol id="sm-32a">
         <name>i</name>
         <value>0x20000004</value>
         <object_component_ref idref="oc-12d"/>
      </symbol>
      <symbol id="sm-32b">
         <name>SystemInit</name>
         <value>0x2da1</value>
         <object_component_ref idref="oc-112"/>
      </symbol>
      <symbol id="sm-32c">
         <name>__TI_zero_init</name>
         <value>0x32d5</value>
         <object_component_ref idref="oc-20"/>
      </symbol>
      <symbol id="sm-32d">
         <name>EUSCIA2_IRQHandler</name>
         <value>0x2ee9</value>
         <object_component_ref idref="oc-84"/>
      </symbol>
      <symbol id="sm-32e">
         <name>expl</name>
         <value>0x1d21</value>
         <object_component_ref idref="oc-19c"/>
      </symbol>
      <symbol id="sm-32f">
         <name>EUSCIB0_IRQHandler</name>
         <value>0x2209</value>
         <object_component_ref idref="oc-8a"/>
      </symbol>
      <symbol id="sm-330">
         <name>main</name>
         <value>0x32e1</value>
         <object_component_ref idref="oc-101"/>
      </symbol>
      <symbol id="sm-331">
         <name>scalbnl</name>
         <value>0x28a5</value>
         <object_component_ref idref="oc-204"/>
      </symbol>
      <symbol id="sm-332">
         <name>_lock</name>
         <value>0x200094c8</value>
         <object_component_ref idref="oc-10c"/>
      </symbol>
      <symbol id="sm-333">
         <name>exp</name>
         <value>0x1d21</value>
         <object_component_ref idref="oc-19c"/>
      </symbol>
      <symbol id="sm-334">
         <name>lo</name>
         <value>0x20000002</value>
         <object_component_ref idref="oc-12d"/>
      </symbol>
      <symbol id="sm-335">
         <name>ADC14_IRQHandler</name>
         <value>0x3119</value>
         <object_component_ref idref="oc-90"/>
      </symbol>
      <symbol id="sm-336">
         <name>_unlock</name>
         <value>0x200094cc</value>
         <object_component_ref idref="oc-10c"/>
      </symbol>
      <symbol id="sm-337">
         <name>Loff</name>
         <value>0x20000010</value>
         <object_component_ref idref="oc-12d"/>
      </symbol>
      <symbol id="sm-338">
         <name>fann_weights</name>
         <value>0x200065d0</value>
         <object_component_ref idref="oc-179"/>
      </symbol>
      <symbol id="sm-339">
         <name>hi</name>
         <value>0x20000001</value>
         <object_component_ref idref="oc-12d"/>
      </symbol>
      <symbol id="sm-33a">
         <name>EUSCIA0_IRQHandler</name>
         <value>0x2d31</value>
         <object_component_ref idref="oc-78"/>
      </symbol>
      <symbol id="sm-33b">
         <name>ldexpl</name>
         <value>0x28a5</value>
         <object_component_ref idref="oc-204"/>
      </symbol>
      <symbol id="sm-33c">
         <name>GSRData</name>
         <value>0x20000014</value>
         <object_component_ref idref="oc-12d"/>
      </symbol>
      <symbol id="sm-33d">
         <name>__kernel_cos</name>
         <value>0x2505</value>
         <object_component_ref idref="oc-1c1"/>
      </symbol>
      <symbol id="sm-33e">
         <name>__TI_decompress_lzss</name>
         <value>0x2e7d</value>
         <object_component_ref idref="oc-14"/>
      </symbol>
      <symbol id="sm-33f">
         <name>PKG_sent</name>
         <value>0x20000000</value>
         <object_component_ref idref="oc-12d"/>
      </symbol>
      <symbol id="sm-340">
         <name>data</name>
         <value>0x20000084</value>
         <object_component_ref idref="oc-12d"/>
      </symbol>
      <symbol id="sm-341">
         <name>ldexp</name>
         <value>0x28a5</value>
         <object_component_ref idref="oc-204"/>
      </symbol>
      <symbol id="sm-342">
         <name>feat</name>
         <value>0x20000024</value>
         <object_component_ref idref="oc-12d"/>
      </symbol>
      <symbol id="sm-343">
         <name>_system_post_cinit</name>
         <value>0x2207</value>
         <object_component_ref idref="oc-f9"/>
      </symbol>
      <symbol id="sm-344">
         <name>T32_INT1_IRQHandler</name>
         <value>0x31e1</value>
         <object_component_ref idref="oc-96"/>
      </symbol>
      <symbol id="sm-345">
         <name>__TI_decompress_none</name>
         <value>0x32b9</value>
         <object_component_ref idref="oc-1a"/>
      </symbol>
      <symbol id="sm-346">
         <name>_system_pre_init</name>
         <value>0x2203</value>
         <object_component_ref idref="oc-4d"/>
      </symbol>
      <symbol id="sm-381">
         <name>Reset_Handler</name>
         <value>0x32c9</value>
         <object_component_ref idref="oc-66"/>
      </symbol>
      <symbol id="sm-382">
         <name>Default_Handler</name>
         <value>0x3261</value>
         <object_component_ref idref="oc-6c"/>
      </symbol>
      <symbol id="sm-383">
         <name>Exception_Handler</name>
         <value>0x3279</value>
         <object_component_ref idref="oc-72"/>
      </symbol>
      <symbol id="sm-384">
         <name>interruptVectors</name>
         <value>0x0</value>
         <object_component_ref idref="oc-2d"/>
      </symbol>
      <symbol id="sm-385">
         <name>prvGetRegistersFromStack</name>
         <value>0x31b1</value>
         <object_component_ref idref="oc-119"/>
      </symbol>
      <symbol id="sm-3af">
         <name>GPIO_setOutputHighOnPin</name>
         <value>0x3291</value>
         <object_component_ref idref="oc-173"/>
      </symbol>
      <symbol id="sm-3b0">
         <name>GPIO_setOutputLowOnPin</name>
         <value>0x3231</value>
         <object_component_ref idref="oc-1aa"/>
      </symbol>
      <symbol id="sm-3c2">
         <name>__aeabi_memset</name>
         <value>0x2c43</value>
         <object_component_ref idref="oc-47"/>
      </symbol>
      <symbol id="sm-3c3">
         <name>memset</name>
         <value>0x2c49</value>
         <object_component_ref idref="oc-47"/>
      </symbol>
      <symbol id="sm-3c4">
         <name>__aeabi_memset8</name>
         <value>0x2c43</value>
         <object_component_ref idref="oc-47"/>
      </symbol>
      <symbol id="sm-3c5">
         <name>__aeabi_memset4</name>
         <value>0x2c43</value>
         <object_component_ref idref="oc-47"/>
      </symbol>
      <symbol id="sm-3c6">
         <name>__aeabi_memclr8</name>
         <value>0x2c41</value>
         <object_component_ref idref="oc-47"/>
      </symbol>
      <symbol id="sm-3c7">
         <name>__aeabi_memclr4</name>
         <value>0x2c41</value>
         <object_component_ref idref="oc-47"/>
      </symbol>
      <symbol id="sm-3c8">
         <name>__aeabi_memclr</name>
         <value>0x2c41</value>
         <object_component_ref idref="oc-47"/>
      </symbol>
      <symbol id="sm-3df">
         <name>__aeabi_dsub</name>
         <value>0x204d</value>
         <object_component_ref idref="oc-18c"/>
      </symbol>
      <symbol id="sm-3e0">
         <name>__aeabi_dadd</name>
         <value>0x2057</value>
         <object_component_ref idref="oc-18c"/>
      </symbol>
      <symbol id="sm-402">
         <name>__aeabi_cdcmpeq</name>
         <value>0x2b35</value>
         <object_component_ref idref="oc-1cc"/>
      </symbol>
      <symbol id="sm-403">
         <name>__aeabi_cdcmple</name>
         <value>0x2b35</value>
         <object_component_ref idref="oc-1cc"/>
      </symbol>
      <symbol id="sm-404">
         <name>__aeabi_cdrcmple</name>
         <value>0x2bbb</value>
         <object_component_ref idref="oc-1e2"/>
      </symbol>
      <symbol id="sm-418">
         <name>__aeabi_ddiv</name>
         <value>0x2671</value>
         <object_component_ref idref="oc-1a2"/>
      </symbol>
      <symbol id="sm-423">
         <name>__aeabi_dmul</name>
         <value>0x27a7</value>
         <object_component_ref idref="oc-187"/>
      </symbol>
      <symbol id="sm-42d">
         <name>__aeabi_d2iz</name>
         <value>0x3095</value>
         <object_component_ref idref="oc-1bc"/>
      </symbol>
      <symbol id="sm-439">
         <name>__aeabi_d2f</name>
         <value>0x2e0f</value>
         <object_component_ref idref="oc-191"/>
      </symbol>
      <symbol id="sm-444">
         <name>__aeabi_f2d</name>
         <value>0x30dd</value>
         <object_component_ref idref="oc-17c"/>
      </symbol>
      <symbol id="sm-44f">
         <name>__aeabi_i2d</name>
         <value>0x317d</value>
         <object_component_ref idref="oc-1c7"/>
      </symbol>
      <symbol id="sm-465">
         <name>_c_int00</name>
         <value>0x314d</value>
         <object_component_ref idref="oc-26"/>
      </symbol>
      <symbol id="sm-466">
         <name>__stack</name>
         <value>0x2000fe00</value>
         <object_component_ref idref="oc-30"/>
      </symbol>
      <symbol id="sm-481">
         <name>memcpy</name>
         <value>0x2a99</value>
         <object_component_ref idref="oc-3e"/>
      </symbol>
      <symbol id="sm-482">
         <name>__aeabi_memcpy</name>
         <value>0x2a99</value>
         <object_component_ref idref="oc-3e"/>
      </symbol>
      <symbol id="sm-483">
         <name>__aeabi_memcpy8</name>
         <value>0x2a99</value>
         <object_component_ref idref="oc-3e"/>
      </symbol>
      <symbol id="sm-484">
         <name>__aeabi_memcpy4</name>
         <value>0x2a99</value>
         <object_component_ref idref="oc-3e"/>
      </symbol>
      <symbol id="sm-4a4">
         <name>__TI_auto_init</name>
         <value>0x2cbd</value>
         <object_component_ref idref="oc-53"/>
      </symbol>
      <symbol id="sm-4c5">
         <name>C$$EXIT</name>
         <value>0x2fa1</value>
         <object_component_ref idref="oc-5f"/>
      </symbol>
      <symbol id="sm-4c6">
         <name>abort</name>
         <value>0x2fa5</value>
         <object_component_ref idref="oc-5f"/>
      </symbol>
      <symbol id="sm-4c7">
         <name>exit</name>
         <value>0x2fad</value>
         <object_component_ref idref="oc-5f"/>
      </symbol>
      <symbol id="sm-4c8">
         <name>__TI_dtors_ptr</name>
         <value>0x200094c0</value>
         <object_component_ref idref="oc-109"/>
      </symbol>
      <symbol id="sm-4c9">
         <name>__TI_cleanup_ptr</name>
         <value>0x200094bc</value>
         <object_component_ref idref="oc-109"/>
      </symbol>
      <symbol id="sm-4ca">
         <name>__TI_enable_exit_profile_output</name>
         <value>0x200094c4</value>
         <object_component_ref idref="oc-109"/>
      </symbol>
      <symbol id="sm-4de">
         <name>_args_main</name>
         <value>0x3249</value>
         <object_component_ref idref="oc-59"/>
      </symbol>
      <symbol id="sm-4df">
         <name>__TI_static_base__</name>
         <value>0x0</value>
      </symbol>
      <symbol id="sm-4e2">
         <name>__mpu_init</name>
         <value>0x0</value>
      </symbol>
      <symbol id="sm-4e3">
         <name>SHT$$INIT_ARRAY$$Limit</name>
         <value>0x0</value>
      </symbol>
      <symbol id="sm-4e4">
         <name>SHT$$INIT_ARRAY$$Base</name>
         <value>0x0</value>
      </symbol>
      <symbol id="sm-4e5">
         <name>NMI_Handler</name>
         <value>0x3261</value>
      </symbol>
      <symbol id="sm-4e6">
         <name>HardFault_Handler</name>
         <value>0x3279</value>
      </symbol>
      <symbol id="sm-4e7">
         <name>MemManage_Handler</name>
         <value>0x3261</value>
      </symbol>
      <symbol id="sm-4e8">
         <name>BusFault_Handler</name>
         <value>0x3261</value>
      </symbol>
      <symbol id="sm-4e9">
         <name>UsageFault_Handler</name>
         <value>0x3261</value>
      </symbol>
      <symbol id="sm-4ea">
         <name>SVC_Handler</name>
         <value>0x3261</value>
      </symbol>
      <symbol id="sm-4eb">
         <name>DebugMon_Handler</name>
         <value>0x3261</value>
      </symbol>
      <symbol id="sm-4ec">
         <name>PendSV_Handler</name>
         <value>0x3261</value>
      </symbol>
      <symbol id="sm-4ed">
         <name>SysTick_Handler</name>
         <value>0x3261</value>
      </symbol>
      <symbol id="sm-4ee">
         <name>PSS_IRQHandler</name>
         <value>0x3261</value>
      </symbol>
      <symbol id="sm-4ef">
         <name>CS_IRQHandler</name>
         <value>0x3261</value>
      </symbol>
      <symbol id="sm-4f0">
         <name>PCM_IRQHandler</name>
         <value>0x3261</value>
      </symbol>
      <symbol id="sm-4f1">
         <name>WDT_A_IRQHandler</name>
         <value>0x3261</value>
      </symbol>
      <symbol id="sm-4f2">
         <name>FPU_IRQHandler</name>
         <value>0x3261</value>
      </symbol>
      <symbol id="sm-4f3">
         <name>FLCTL_IRQHandler</name>
         <value>0x3261</value>
      </symbol>
      <symbol id="sm-4f4">
         <name>COMP_E0_IRQHandler</name>
         <value>0x3261</value>
      </symbol>
      <symbol id="sm-4f5">
         <name>COMP_E1_IRQHandler</name>
         <value>0x3261</value>
      </symbol>
      <symbol id="sm-4f6">
         <name>TA0_0_IRQHandler</name>
         <value>0x3261</value>
      </symbol>
      <symbol id="sm-4f7">
         <name>TA0_N_IRQHandler</name>
         <value>0x3261</value>
      </symbol>
      <symbol id="sm-4f8">
         <name>TA1_0_IRQHandler</name>
         <value>0x3261</value>
      </symbol>
      <symbol id="sm-4f9">
         <name>TA1_N_IRQHandler</name>
         <value>0x3261</value>
      </symbol>
      <symbol id="sm-4fa">
         <name>TA2_0_IRQHandler</name>
         <value>0x3261</value>
      </symbol>
      <symbol id="sm-4fb">
         <name>TA2_N_IRQHandler</name>
         <value>0x3261</value>
      </symbol>
      <symbol id="sm-4fc">
         <name>TA3_0_IRQHandler</name>
         <value>0x3261</value>
      </symbol>
      <symbol id="sm-4fd">
         <name>TA3_N_IRQHandler</name>
         <value>0x3261</value>
      </symbol>
      <symbol id="sm-4fe">
         <name>EUSCIA0_IRQHandler</name>
         <value>0x2d31</value>
      </symbol>
      <symbol id="sm-4ff">
         <name>EUSCIA1_IRQHandler</name>
         <value>0x2f49</value>
      </symbol>
      <symbol id="sm-500">
         <name>EUSCIA2_IRQHandler</name>
         <value>0x2ee9</value>
      </symbol>
      <symbol id="sm-501">
         <name>EUSCIA3_IRQHandler</name>
         <value>0x3261</value>
      </symbol>
      <symbol id="sm-502">
         <name>EUSCIB0_IRQHandler</name>
         <value>0x2209</value>
      </symbol>
      <symbol id="sm-503">
         <name>EUSCIB1_IRQHandler</name>
         <value>0x3261</value>
      </symbol>
      <symbol id="sm-504">
         <name>EUSCIB2_IRQHandler</name>
         <value>0x3261</value>
      </symbol>
      <symbol id="sm-505">
         <name>EUSCIB3_IRQHandler</name>
         <value>0x3261</value>
      </symbol>
      <symbol id="sm-506">
         <name>ADC14_IRQHandler</name>
         <value>0x3119</value>
      </symbol>
      <symbol id="sm-507">
         <name>T32_INT1_IRQHandler</name>
         <value>0x31e1</value>
      </symbol>
      <symbol id="sm-508">
         <name>T32_INT2_IRQHandler</name>
         <value>0x3209</value>
      </symbol>
      <symbol id="sm-509">
         <name>T32_INTC_IRQHandler</name>
         <value>0x3261</value>
      </symbol>
      <symbol id="sm-50a">
         <name>AES256_IRQHandler</name>
         <value>0x3261</value>
      </symbol>
      <symbol id="sm-50b">
         <name>RTC_C_IRQHandler</name>
         <value>0x3261</value>
      </symbol>
      <symbol id="sm-50c">
         <name>DMA_ERR_IRQHandler</name>
         <value>0x3261</value>
      </symbol>
      <symbol id="sm-50d">
         <name>DMA_INT3_IRQHandler</name>
         <value>0x3261</value>
      </symbol>
      <symbol id="sm-50e">
         <name>DMA_INT2_IRQHandler</name>
         <value>0x3261</value>
      </symbol>
      <symbol id="sm-50f">
         <name>DMA_INT1_IRQHandler</name>
         <value>0x3261</value>
      </symbol>
      <symbol id="sm-510">
         <name>DMA_INT0_IRQHandler</name>
         <value>0x3261</value>
      </symbol>
      <symbol id="sm-511">
         <name>PORT1_IRQHandler</name>
         <value>0x3261</value>
      </symbol>
      <symbol id="sm-512">
         <name>PORT2_IRQHandler</name>
         <value>0x2ff9</value>
      </symbol>
      <symbol id="sm-513">
         <name>PORT3_IRQHandler</name>
         <value>0x3261</value>
      </symbol>
      <symbol id="sm-514">
         <name>PORT4_IRQHandler</name>
         <value>0x3261</value>
      </symbol>
      <symbol id="sm-515">
         <name>PORT5_IRQHandler</name>
         <value>0x3261</value>
      </symbol>
      <symbol id="sm-516">
         <name>PORT6_IRQHandler</name>
         <value>0x3261</value>
      </symbol>
   </symbol_table>
   <title>Link successful</title>
</link_info>
